2026-08-17 20:19:53,868 INFO o.a.j.u.JMeterUtils: Setting Locale to en_EN
2026-08-17 20:19:53,886 INFO o.a.j.JMeter: Loading user properties from: D:\Kiem_thu\tools\apache-jmeter-5.6.3\bin\user.properties
2026-08-17 20:19:53,886 INFO o.a.j.JMeter: Loading system properties from: D:\Kiem_thu\tools\apache-jmeter-5.6.3\bin\system.properties
2026-08-17 20:19:53,886 INFO o.a.j.JMeter: Setting JMeter property: threads=60
2026-08-17 20:19:53,886 INFO o.a.j.JMeter: Setting JMeter property: rampup=5
2026-08-17 20:19:53,886 INFO o.a.j.JMeter: Setting JMeter property: duration=60
2026-08-17 20:19:53,886 INFO o.a.j.JMeter: Setting JMeter property: thinkmin=200
2026-08-17 20:19:53,886 INFO o.a.j.JMeter: Setting JMeter property: thinkrange=300
2026-08-17 20:19:53,893 INFO o.a.j.JMeter: Copyright (c) 1998-2024 The Apache Software Foundation
2026-08-17 20:19:53,893 INFO o.a.j.JMeter: Version 5.6.3
2026-08-17 20:19:53,893 INFO o.a.j.JMeter: java.version=17.0.17
2026-08-17 20:19:53,893 INFO o.a.j.JMeter: java.vm.name=OpenJDK 64-Bit Server VM
2026-08-17 20:19:53,893 INFO o.a.j.JMeter: os.name=Windows 11
2026-08-17 20:19:53,893 INFO o.a.j.JMeter: os.arch=amd64
2026-08-17 20:19:53,893 INFO o.a.j.JMeter: os.version=10.0
2026-08-17 20:19:53,893 INFO o.a.j.JMeter: file.encoding=Cp1252
2026-08-17 20:19:53,893 INFO o.a.j.JMeter: java.awt.headless=true
2026-08-17 20:19:53,893 INFO o.a.j.JMeter: Max memory     =2147483648
2026-08-17 20:19:53,893 INFO o.a.j.JMeter: Available Processors =20
2026-08-17 20:19:53,900 INFO o.a.j.JMeter: Default Locale=English (EN)
2026-08-17 20:19:53,900 INFO o.a.j.JMeter: JMeter  Locale=English (EN)
2026-08-17 20:19:53,900 INFO o.a.j.JMeter: JMeterHome=D:\Kiem_thu\tools\apache-jmeter-5.6.3
2026-08-17 20:19:53,900 INFO o.a.j.JMeter: user.dir  =D:\Kiem_thu\HW5
2026-08-17 20:19:53,900 INFO o.a.j.JMeter: PWD       =D:\Kiem_thu\HW5
2026-08-17 20:19:53,900 INFO o.a.j.JMeter: IP: 192.168.1.2 Name: DESKTOP-96ARBFL FullName: DESKTOP-96ARBFL
2026-08-17 20:19:53,906 INFO o.a.j.s.FileServer: Default base='D:\Kiem_thu\HW5'
2026-08-17 20:19:53,913 INFO o.a.j.s.FileServer: Set new base='D:\Kiem_thu\HW5\testplans'
2026-08-17 20:19:54,073 INFO o.a.j.s.SaveService: Testplan (JMX) version: 2.2. Testlog (JTL) version: 2.2
2026-08-17 20:19:54,094 INFO o.a.j.s.SaveService: Using SaveService properties version 5.0
2026-08-17 20:19:54,097 INFO o.a.j.s.SaveService: Using SaveService properties file encoding UTF-8
2026-08-17 20:19:54,097 INFO o.a.j.s.SaveService: Loading file: D:\Kiem_thu\HW5\testplans\23127195_Load_20260816.jmx
2026-08-17 20:19:54,147 INFO o.a.j.p.h.s.HTTPSamplerBase: Parser for text/html is org.apache.jmeter.protocol.http.parser.LagartoBasedHtmlParser
2026-08-17 20:19:54,147 INFO o.a.j.p.h.s.HTTPSamplerBase: Parser for application/xhtml+xml is org.apache.jmeter.protocol.http.parser.LagartoBasedHtmlParser
2026-08-17 20:19:54,147 INFO o.a.j.p.h.s.HTTPSamplerBase: Parser for application/xml is org.apache.jmeter.protocol.http.parser.LagartoBasedHtmlParser
2026-08-17 20:19:54,147 INFO o.a.j.p.h.s.HTTPSamplerBase: Parser for text/xml is org.apache.jmeter.protocol.http.parser.LagartoBasedHtmlParser
2026-08-17 20:19:54,147 INFO o.a.j.p.h.s.HTTPSamplerBase: Parser for text/vnd.wap.wml is org.apache.jmeter.protocol.http.parser.RegexpHTMLParser
2026-08-17 20:19:54,147 INFO o.a.j.p.h.s.HTTPSamplerBase: Parser for text/css is org.apache.jmeter.protocol.http.parser.CssParser
2026-08-17 20:19:54,186 INFO o.a.j.JMeter: Creating summariser <summary>
2026-08-17 20:19:54,191 INFO o.a.j.e.StandardJMeterEngine: Running the test!
2026-08-17 20:19:54,191 INFO o.a.j.s.SampleEvent: List of sample_variables: []
2026-08-17 20:19:54,191 INFO o.a.j.s.SampleEvent: List of sample_variables: []
2026-08-17 20:19:54,197 INFO o.a.j.e.u.CompoundVariable: Note: Function class names must contain the string: '.functions.'
2026-08-17 20:19:54,197 INFO o.a.j.e.u.CompoundVariable: Note: Function class names must not contain the string: '.gui.'
2026-08-17 20:19:54,363 INFO o.a.j.JMeter: Running test (1786972794363)
2026-08-17 20:19:54,377 INFO o.a.j.e.StandardJMeterEngine: Starting ThreadGroup: 1 : TG - LOAD - 60 VU
2026-08-17 20:19:54,377 INFO o.a.j.e.StandardJMeterEngine: Starting 60 threads for group TG - LOAD - 60 VU.
2026-08-17 20:19:54,377 INFO o.a.j.e.StandardJMeterEngine: Thread will continue on error
2026-08-17 20:19:54,378 INFO o.a.j.t.ThreadGroup: Starting thread group... number=1 threads=60 ramp-up=5 delayedStart=false
2026-08-17 20:19:54,384 INFO o.a.j.s.SampleResult: Note: Sample TimeStamps are START times
2026-08-17 20:19:54,385 INFO o.a.j.s.SampleResult: sampleresult.default.encoding is set to UTF-8
2026-08-17 20:19:54,385 INFO o.a.j.s.SampleResult: sampleresult.useNanoTime=true
2026-08-17 20:19:54,385 INFO o.a.j.s.SampleResult: sampleresult.nanoThreadSleep=5000
2026-08-17 20:19:54,398 INFO o.a.j.t.JMeterThread: Thread started: TG - LOAD - 60 VU 1-1
2026-08-17 20:19:54,402 INFO o.a.j.s.FileServer: Stored: D:/Kiem_thu/HW5/data/checkout_data.csv
2026-08-17 20:19:54,420 INFO o.a.j.t.ThreadGroup: Started thread group number 1
2026-08-17 20:19:54,420 INFO o.a.j.e.StandardJMeterEngine: All thread groups have been started
2026-08-17 20:19:54,453 INFO o.a.j.s.FileServer: Stored: D:/Kiem_thu/HW5/data/search_terms.csv
2026-08-17 20:19:54,453 INFO o.a.j.s.FileServer: Stored: D:/Kiem_thu/HW5/data/users.csv
2026-08-17 20:19:54,473 INFO o.a.j.p.h.s.HTTPHCAbstractImpl: Local host = DESKTOP-96ARBFL
2026-08-17 20:19:54,478 INFO o.a.j.t.JMeterThread: Thread started: TG - LOAD - 60 VU 1-2
2026-08-17 20:19:54,479 INFO o.a.j.p.h.s.HTTPHC4Impl: HTTP request retry count = 0
2026-08-17 20:19:54,562 INFO o.a.j.t.JMeterThread: Thread started: TG - LOAD - 60 VU 1-3
2026-08-17 20:19:54,645 INFO o.a.j.t.JMeterThread: Thread started: TG - LOAD - 60 VU 1-4
2026-08-17 20:19:54,725 INFO o.a.j.t.JMeterThread: Thread started: TG - LOAD - 60 VU 1-5
2026-08-17 20:19:54,806 INFO o.a.j.t.JMeterThread: Thread started: TG - LOAD - 60 VU 1-6
2026-08-17 20:19:54,891 INFO o.a.j.t.JMeterThread: Thread started: TG - LOAD - 60 VU 1-7
2026-08-17 20:19:54,971 INFO o.a.j.t.JMeterThread: Thread started: TG - LOAD - 60 VU 1-8
2026-08-17 20:19:55,052 INFO o.a.j.t.JMeterThread: Thread started: TG - LOAD - 60 VU 1-9
2026-08-17 20:19:55,134 INFO o.a.j.t.JMeterThread: Thread started: TG - LOAD - 60 VU 1-10
2026-08-17 20:19:55,218 INFO o.a.j.t.JMeterThread: Thread started: TG - LOAD - 60 VU 1-11
2026-08-17 20:19:55,298 INFO o.a.j.t.JMeterThread: Thread started: TG - LOAD - 60 VU 1-12
2026-08-17 20:19:55,382 INFO o.a.j.t.JMeterThread: Thread started: TG - LOAD - 60 VU 1-13
2026-08-17 20:19:55,464 INFO o.a.j.t.JMeterThread: Thread started: TG - LOAD - 60 VU 1-14
2026-08-17 20:19:55,545 INFO o.a.j.t.JMeterThread: Thread started: TG - LOAD - 60 VU 1-15
2026-08-17 20:19:55,627 INFO o.a.j.t.JMeterThread: Thread started: TG - LOAD - 60 VU 1-16
2026-08-17 20:19:55,708 INFO o.a.j.t.JMeterThread: Thread started: TG - LOAD - 60 VU 1-17
2026-08-17 20:19:55,792 INFO o.a.j.t.JMeterThread: Thread started: TG - LOAD - 60 VU 1-18
2026-08-17 20:19:55,875 INFO o.a.j.t.JMeterThread: Thread started: TG - LOAD - 60 VU 1-19
2026-08-17 20:19:55,956 INFO o.a.j.t.JMeterThread: Thread started: TG - LOAD - 60 VU 1-20
2026-08-17 20:19:56,039 INFO o.a.j.t.JMeterThread: Thread started: TG - LOAD - 60 VU 1-21
2026-08-17 20:19:56,123 INFO o.a.j.t.JMeterThread: Thread started: TG - LOAD - 60 VU 1-22
2026-08-17 20:19:56,205 INFO o.a.j.t.JMeterThread: Thread started: TG - LOAD - 60 VU 1-23
2026-08-17 20:19:56,289 INFO o.a.j.t.JMeterThread: Thread started: TG - LOAD - 60 VU 1-24
2026-08-17 20:19:56,372 INFO o.a.j.t.JMeterThread: Thread started: TG - LOAD - 60 VU 1-25
2026-08-17 20:19:56,454 INFO o.a.j.t.JMeterThread: Thread started: TG - LOAD - 60 VU 1-26
2026-08-17 20:19:56,537 INFO o.a.j.t.JMeterThread: Thread started: TG - LOAD - 60 VU 1-27
2026-08-17 20:19:56,620 INFO o.a.j.t.JMeterThread: Thread started: TG - LOAD - 60 VU 1-28
2026-08-17 20:19:56,704 INFO o.a.j.t.JMeterThread: Thread started: TG - LOAD - 60 VU 1-29
2026-08-17 20:19:56,786 INFO o.a.j.t.JMeterThread: Thread started: TG - LOAD - 60 VU 1-30
2026-08-17 20:19:56,869 INFO o.a.j.t.JMeterThread: Thread started: TG - LOAD - 60 VU 1-31
2026-08-17 20:19:56,953 INFO o.a.j.t.JMeterThread: Thread started: TG - LOAD - 60 VU 1-32
2026-08-17 20:19:57,036 INFO o.a.j.t.JMeterThread: Thread started: TG - LOAD - 60 VU 1-33
2026-08-17 20:19:57,119 INFO o.a.j.t.JMeterThread: Thread started: TG - LOAD - 60 VU 1-34
2026-08-17 20:19:57,202 INFO o.a.j.t.JMeterThread: Thread started: TG - LOAD - 60 VU 1-35
2026-08-17 20:19:57,284 INFO o.a.j.t.JMeterThread: Thread started: TG - LOAD - 60 VU 1-36
2026-08-17 20:19:57,368 INFO o.a.j.t.JMeterThread: Thread started: TG - LOAD - 60 VU 1-37
2026-08-17 20:19:57,451 INFO o.a.j.t.JMeterThread: Thread started: TG - LOAD - 60 VU 1-38
2026-08-17 20:19:57,534 INFO o.a.j.t.JMeterThread: Thread started: TG - LOAD - 60 VU 1-39
2026-08-17 20:19:57,617 INFO o.a.j.t.JMeterThread: Thread started: TG - LOAD - 60 VU 1-40
2026-08-17 20:19:57,700 INFO o.a.j.t.JMeterThread: Thread started: TG - LOAD - 60 VU 1-41
2026-08-17 20:19:57,783 INFO o.a.j.t.JMeterThread: Thread started: TG - LOAD - 60 VU 1-42
2026-08-17 20:19:57,866 INFO o.a.j.t.JMeterThread: Thread started: TG - LOAD - 60 VU 1-43
2026-08-17 20:19:57,948 INFO o.a.j.t.JMeterThread: Thread started: TG - LOAD - 60 VU 1-44
2026-08-17 20:19:58,032 INFO o.a.j.t.JMeterThread: Thread started: TG - LOAD - 60 VU 1-45
2026-08-17 20:19:58,114 INFO o.a.j.t.JMeterThread: Thread started: TG - LOAD - 60 VU 1-46
2026-08-17 20:19:58,197 INFO o.a.j.t.JMeterThread: Thread started: TG - LOAD - 60 VU 1-47
2026-08-17 20:19:58,281 INFO o.a.j.t.JMeterThread: Thread started: TG - LOAD - 60 VU 1-48
2026-08-17 20:19:58,363 INFO o.a.j.t.JMeterThread: Thread started: TG - LOAD - 60 VU 1-49
2026-08-17 20:19:58,446 INFO o.a.j.t.JMeterThread: Thread started: TG - LOAD - 60 VU 1-50
2026-08-17 20:19:58,528 INFO o.a.j.t.JMeterThread: Thread started: TG - LOAD - 60 VU 1-51
2026-08-17 20:19:58,612 INFO o.a.j.t.JMeterThread: Thread started: TG - LOAD - 60 VU 1-52
2026-08-17 20:19:58,696 INFO o.a.j.t.JMeterThread: Thread started: TG - LOAD - 60 VU 1-53
2026-08-17 20:19:58,778 INFO o.a.j.t.JMeterThread: Thread started: TG - LOAD - 60 VU 1-54
2026-08-17 20:19:58,861 INFO o.a.j.t.JMeterThread: Thread started: TG - LOAD - 60 VU 1-55
2026-08-17 20:19:58,944 INFO o.a.j.t.JMeterThread: Thread started: TG - LOAD - 60 VU 1-56
2026-08-17 20:19:59,027 INFO o.a.j.t.JMeterThread: Thread started: TG - LOAD - 60 VU 1-57
2026-08-17 20:19:59,110 INFO o.a.j.t.JMeterThread: Thread started: TG - LOAD - 60 VU 1-58
2026-08-17 20:19:59,193 INFO o.a.j.t.JMeterThread: Thread started: TG - LOAD - 60 VU 1-59
2026-08-17 20:19:59,278 INFO o.a.j.t.JMeterThread: Thread started: TG - LOAD - 60 VU 1-60
2026-08-17 20:20:00,002 INFO o.a.j.r.Summariser: summary +   1002 in 00:00:06 =  177.8/s Avg:    22 Min:     0 Max:   109 Err:     0 (0.00%) Active: 60 Started: 60 Finished: 0
2026-08-17 20:20:30,002 INFO o.a.j.r.Summariser: summary +   9707 in 00:00:30 =  323.5/s Avg:    35 Min:     0 Max:   213 Err:     0 (0.00%) Active: 60 Started: 60 Finished: 0
2026-08-17 20:20:30,002 INFO o.a.j.r.Summariser: summary =  10709 in 00:00:36 =  300.5/s Avg:    34 Min:     0 Max:   213 Err:     0 (0.00%)
2026-08-17 20:20:53,955 INFO o.a.j.t.JMeterThread: Thread finished: TG - LOAD - 60 VU 1-7
2026-08-17 20:20:53,974 INFO o.a.j.t.JMeterThread: Thread finished: TG - LOAD - 60 VU 1-29
2026-08-17 20:20:53,992 INFO o.a.j.t.JMeterThread: Thread finished: TG - LOAD - 60 VU 1-8
2026-08-17 20:20:53,997 INFO o.a.j.t.JMeterThread: Thread finished: TG - LOAD - 60 VU 1-2
2026-08-17 20:20:54,018 INFO o.a.j.t.JMeterThread: Thread finished: TG - LOAD - 60 VU 1-54
2026-08-17 20:20:54,021 INFO o.a.j.t.JMeterThread: Thread finished: TG - LOAD - 60 VU 1-38
2026-08-17 20:20:54,052 INFO o.a.j.t.JMeterThread: Thread finished: TG - LOAD - 60 VU 1-57
2026-08-17 20:20:54,054 INFO o.a.j.t.JMeterThread: Thread finished: TG - LOAD - 60 VU 1-59
2026-08-17 20:20:54,063 INFO o.a.j.t.JMeterThread: Thread finished: TG - LOAD - 60 VU 1-47
2026-08-17 20:20:54,084 INFO o.a.j.t.JMeterThread: Thread finished: TG - LOAD - 60 VU 1-15
2026-08-17 20:20:54,084 INFO o.a.j.t.JMeterThread: Thread finished: TG - LOAD - 60 VU 1-12
2026-08-17 20:20:54,085 INFO o.a.j.t.JMeterThread: Thread finished: TG - LOAD - 60 VU 1-49
2026-08-17 20:20:54,087 INFO o.a.j.t.JMeterThread: Thread finished: TG - LOAD - 60 VU 1-1
2026-08-17 20:20:54,090 INFO o.a.j.t.JMeterThread: Thread finished: TG - LOAD - 60 VU 1-42
2026-08-17 20:20:54,121 INFO o.a.j.t.JMeterThread: Thread finished: TG - LOAD - 60 VU 1-56
2026-08-17 20:20:54,168 INFO o.a.j.t.JMeterThread: Thread finished: TG - LOAD - 60 VU 1-11
2026-08-17 20:20:54,176 INFO o.a.j.t.JMeterThread: Thread finished: TG - LOAD - 60 VU 1-48
2026-08-17 20:20:54,177 INFO o.a.j.t.JMeterThread: Thread finished: TG - LOAD - 60 VU 1-46
2026-08-17 20:20:54,177 INFO o.a.j.t.JMeterThread: Thread finished: TG - LOAD - 60 VU 1-35
2026-08-17 20:20:54,178 INFO o.a.j.t.JMeterThread: Thread finished: TG - LOAD - 60 VU 1-14
2026-08-17 20:20:54,180 INFO o.a.j.t.JMeterThread: Thread finished: TG - LOAD - 60 VU 1-17
2026-08-17 20:20:54,191 INFO o.a.j.t.JMeterThread: Thread finished: TG - LOAD - 60 VU 1-50
2026-08-17 20:20:54,212 INFO o.a.j.t.JMeterThread: Thread finished: TG - LOAD - 60 VU 1-26
2026-08-17 20:20:54,240 INFO o.a.j.t.JMeterThread: Thread finished: TG - LOAD - 60 VU 1-6
2026-08-17 20:20:54,241 INFO o.a.j.t.JMeterThread: Thread finished: TG - LOAD - 60 VU 1-58
2026-08-17 20:20:54,241 INFO o.a.j.t.JMeterThread: Thread finished: TG - LOAD - 60 VU 1-53
2026-08-17 20:20:54,241 INFO o.a.j.t.JMeterThread: Thread finished: TG - LOAD - 60 VU 1-28
2026-08-17 20:20:54,247 INFO o.a.j.t.JMeterThread: Thread finished: TG - LOAD - 60 VU 1-40
2026-08-17 20:20:54,247 INFO o.a.j.t.JMeterThread: Thread finished: TG - LOAD - 60 VU 1-32
2026-08-17 20:20:54,248 INFO o.a.j.t.JMeterThread: Thread finished: TG - LOAD - 60 VU 1-23
2026-08-17 20:20:54,248 INFO o.a.j.t.JMeterThread: Thread finished: TG - LOAD - 60 VU 1-30
2026-08-17 20:20:54,248 INFO o.a.j.t.JMeterThread: Thread finished: TG - LOAD - 60 VU 1-18
2026-08-17 20:20:54,248 INFO o.a.j.t.JMeterThread: Thread finished: TG - LOAD - 60 VU 1-43
2026-08-17 20:20:54,250 INFO o.a.j.t.JMeterThread: Thread finished: TG - LOAD - 60 VU 1-13
2026-08-17 20:20:54,251 INFO o.a.j.t.JMeterThread: Thread finished: TG - LOAD - 60 VU 1-31
2026-08-17 20:20:54,258 INFO o.a.j.t.JMeterThread: Thread finished: TG - LOAD - 60 VU 1-10
2026-08-17 20:20:54,262 INFO o.a.j.t.JMeterThread: Thread finished: TG - LOAD - 60 VU 1-9
2026-08-17 20:20:54,263 INFO o.a.j.t.JMeterThread: Thread finished: TG - LOAD - 60 VU 1-24
2026-08-17 20:20:54,292 INFO o.a.j.t.JMeterThread: Thread finished: TG - LOAD - 60 VU 1-3
2026-08-17 20:20:54,293 INFO o.a.j.t.JMeterThread: Thread finished: TG - LOAD - 60 VU 1-25
2026-08-17 20:20:54,294 INFO o.a.j.t.JMeterThread: Thread finished: TG - LOAD - 60 VU 1-44
2026-08-17 20:20:54,298 INFO o.a.j.t.JMeterThread: Thread finished: TG - LOAD - 60 VU 1-20
2026-08-17 20:20:54,316 INFO o.a.j.t.JMeterThread: Thread finished: TG - LOAD - 60 VU 1-22
2026-08-17 20:20:54,322 INFO o.a.j.t.JMeterThread: Thread finished: TG - LOAD - 60 VU 1-36
2026-08-17 20:20:54,322 INFO o.a.j.t.JMeterThread: Thread finished: TG - LOAD - 60 VU 1-34
2026-08-17 20:20:54,328 INFO o.a.j.t.JMeterThread: Thread finished: TG - LOAD - 60 VU 1-52
2026-08-17 20:20:54,328 INFO o.a.j.t.JMeterThread: Thread finished: TG - LOAD - 60 VU 1-37
2026-08-17 20:20:54,336 INFO o.a.j.t.JMeterThread: Thread finished: TG - LOAD - 60 VU 1-51
2026-08-17 20:20:54,340 INFO o.a.j.t.JMeterThread: Thread finished: TG - LOAD - 60 VU 1-60
2026-08-17 20:20:54,366 INFO o.a.j.t.JMeterThread: Thread finished: TG - LOAD - 60 VU 1-45
2026-08-17 20:20:54,371 INFO o.a.j.t.JMeterThread: Thread finished: TG - LOAD - 60 VU 1-39
2026-08-17 20:20:54,372 INFO o.a.j.t.JMeterThread: Thread finished: TG - LOAD - 60 VU 1-55
2026-08-17 20:20:54,372 INFO o.a.j.t.JMeterThread: Thread finished: TG - LOAD - 60 VU 1-33
2026-08-17 20:20:54,373 INFO o.a.j.t.JMeterThread: Thread finished: TG - LOAD - 60 VU 1-27
2026-08-17 20:20:54,389 INFO o.a.j.t.JMeterThread: Stopping because end time detected by thread: TG - LOAD - 60 VU 1-4
2026-08-17 20:20:54,389 INFO o.a.j.t.JMeterThread: Thread finished: TG - LOAD - 60 VU 1-4
2026-08-17 20:20:54,391 INFO o.a.j.t.JMeterThread: Stopping because end time detected by thread: TG - LOAD - 60 VU 1-5
2026-08-17 20:20:54,391 INFO o.a.j.t.JMeterThread: Thread finished: TG - LOAD - 60 VU 1-5
2026-08-17 20:20:54,399 INFO o.a.j.t.JMeterThread: Stopping because end time detected by thread: TG - LOAD - 60 VU 1-16
2026-08-17 20:20:54,399 INFO o.a.j.t.JMeterThread: Thread finished: TG - LOAD - 60 VU 1-16
2026-08-17 20:20:54,399 INFO o.a.j.t.JMeterThread: Thread finished: TG - LOAD - 60 VU 1-41
2026-08-17 20:20:54,401 INFO o.a.j.t.JMeterThread: Stopping because end time detected by thread: TG - LOAD - 60 VU 1-19
2026-08-17 20:20:54,401 INFO o.a.j.t.JMeterThread: Thread finished: TG - LOAD - 60 VU 1-19
2026-08-17 20:20:54,401 INFO o.a.j.t.JMeterThread: Stopping because end time detected by thread: TG - LOAD - 60 VU 1-21
2026-08-17 20:20:54,401 INFO o.a.j.t.JMeterThread: Thread finished: TG - LOAD - 60 VU 1-21
2026-08-17 20:20:54,414 INFO o.a.j.e.StandardJMeterEngine: Notifying test listeners of end of test
2026-08-17 20:20:54,414 INFO o.a.j.s.FileServer: Close: D:/Kiem_thu/HW5/data/checkout_data.csv
2026-08-17 20:20:54,414 INFO o.a.j.s.FileServer: Close: D:/Kiem_thu/HW5/data/search_terms.csv
2026-08-17 20:20:54,414 INFO o.a.j.s.FileServer: Close: D:/Kiem_thu/HW5/data/users.csv
2026-08-17 20:20:54,414 INFO o.a.j.r.Summariser: summary +   8015 in 00:00:24 =  328.3/s Avg:    32 Min:     0 Max:   132 Err:     0 (0.00%) Active: 0 Started: 60 Finished: 60
2026-08-17 20:20:54,414 INFO o.a.j.r.Summariser: summary =  18724 in 00:01:00 =  311.8/s Avg:    33 Min:     0 Max:   213 Err:     0 (0.00%)
