2026-08-17 20:18:42,088 INFO o.a.j.u.JMeterUtils: Setting Locale to en_EN
2026-08-17 20:18:42,104 INFO o.a.j.JMeter: Loading user properties from: D:\Kiem_thu\tools\apache-jmeter-5.6.3\bin\user.properties
2026-08-17 20:18:42,104 INFO o.a.j.JMeter: Loading system properties from: D:\Kiem_thu\tools\apache-jmeter-5.6.3\bin\system.properties
2026-08-17 20:18:42,108 INFO o.a.j.JMeter: Setting JMeter property: threads=60
2026-08-17 20:18:42,108 INFO o.a.j.JMeter: Setting JMeter property: rampup=5
2026-08-17 20:18:42,108 INFO o.a.j.JMeter: Setting JMeter property: duration=60
2026-08-17 20:18:42,108 INFO o.a.j.JMeter: Setting JMeter property: thinkmin=200
2026-08-17 20:18:42,108 INFO o.a.j.JMeter: Setting JMeter property: thinkrange=300
2026-08-17 20:18:42,108 INFO o.a.j.JMeter: Copyright (c) 1998-2024 The Apache Software Foundation
2026-08-17 20:18:42,108 INFO o.a.j.JMeter: Version 5.6.3
2026-08-17 20:18:42,108 INFO o.a.j.JMeter: java.version=17.0.17
2026-08-17 20:18:42,108 INFO o.a.j.JMeter: java.vm.name=OpenJDK 64-Bit Server VM
2026-08-17 20:18:42,108 INFO o.a.j.JMeter: os.name=Windows 11
2026-08-17 20:18:42,108 INFO o.a.j.JMeter: os.arch=amd64
2026-08-17 20:18:42,108 INFO o.a.j.JMeter: os.version=10.0
2026-08-17 20:18:42,108 INFO o.a.j.JMeter: file.encoding=Cp1252
2026-08-17 20:18:42,108 INFO o.a.j.JMeter: java.awt.headless=true
2026-08-17 20:18:42,108 INFO o.a.j.JMeter: Max memory     =2147483648
2026-08-17 20:18:42,108 INFO o.a.j.JMeter: Available Processors =20
2026-08-17 20:18:42,122 INFO o.a.j.JMeter: Default Locale=English (EN)
2026-08-17 20:18:42,122 INFO o.a.j.JMeter: JMeter  Locale=English (EN)
2026-08-17 20:18:42,122 INFO o.a.j.JMeter: JMeterHome=D:\Kiem_thu\tools\apache-jmeter-5.6.3
2026-08-17 20:18:42,122 INFO o.a.j.JMeter: user.dir  =D:\Kiem_thu\HW5
2026-08-17 20:18:42,122 INFO o.a.j.JMeter: PWD       =D:\Kiem_thu\HW5
2026-08-17 20:18:42,122 INFO o.a.j.JMeter: IP: 192.168.1.2 Name: DESKTOP-96ARBFL FullName: DESKTOP-96ARBFL
2026-08-17 20:18:42,122 INFO o.a.j.s.FileServer: Default base='D:\Kiem_thu\HW5'
2026-08-17 20:18:42,136 INFO o.a.j.s.FileServer: Set new base='D:\Kiem_thu\HW5\testplans'
2026-08-17 20:18:42,337 INFO o.a.j.s.SaveService: Testplan (JMX) version: 2.2. Testlog (JTL) version: 2.2
2026-08-17 20:18:42,353 INFO o.a.j.s.SaveService: Using SaveService properties version 5.0
2026-08-17 20:18:42,353 INFO o.a.j.s.SaveService: Using SaveService properties file encoding UTF-8
2026-08-17 20:18:42,364 INFO o.a.j.s.SaveService: Loading file: D:\Kiem_thu\HW5\testplans\23127195_Load_20260816.jmx
2026-08-17 20:18:42,419 INFO o.a.j.p.h.s.HTTPSamplerBase: Parser for text/html is org.apache.jmeter.protocol.http.parser.LagartoBasedHtmlParser
2026-08-17 20:18:42,419 INFO o.a.j.p.h.s.HTTPSamplerBase: Parser for application/xhtml+xml is org.apache.jmeter.protocol.http.parser.LagartoBasedHtmlParser
2026-08-17 20:18:42,419 INFO o.a.j.p.h.s.HTTPSamplerBase: Parser for application/xml is org.apache.jmeter.protocol.http.parser.LagartoBasedHtmlParser
2026-08-17 20:18:42,419 INFO o.a.j.p.h.s.HTTPSamplerBase: Parser for text/xml is org.apache.jmeter.protocol.http.parser.LagartoBasedHtmlParser
2026-08-17 20:18:42,419 INFO o.a.j.p.h.s.HTTPSamplerBase: Parser for text/vnd.wap.wml is org.apache.jmeter.protocol.http.parser.RegexpHTMLParser
2026-08-17 20:18:42,419 INFO o.a.j.p.h.s.HTTPSamplerBase: Parser for text/css is org.apache.jmeter.protocol.http.parser.CssParser
2026-08-17 20:18:42,459 INFO o.a.j.JMeter: Creating summariser <summary>
2026-08-17 20:18:42,467 INFO o.a.j.e.StandardJMeterEngine: Running the test!
2026-08-17 20:18:42,467 INFO o.a.j.s.SampleEvent: List of sample_variables: []
2026-08-17 20:18:42,467 INFO o.a.j.s.SampleEvent: List of sample_variables: []
2026-08-17 20:18:42,471 INFO o.a.j.e.u.CompoundVariable: Note: Function class names must contain the string: '.functions.'
2026-08-17 20:18:42,471 INFO o.a.j.e.u.CompoundVariable: Note: Function class names must not contain the string: '.gui.'
2026-08-17 20:18:42,652 INFO o.a.j.JMeter: Running test (1786972722652)
2026-08-17 20:18:42,665 INFO o.a.j.e.StandardJMeterEngine: Starting ThreadGroup: 1 : TG - LOAD - 60 VU
2026-08-17 20:18:42,665 INFO o.a.j.e.StandardJMeterEngine: Starting 60 threads for group TG - LOAD - 60 VU.
2026-08-17 20:18:42,665 INFO o.a.j.e.StandardJMeterEngine: Thread will continue on error
2026-08-17 20:18:42,665 INFO o.a.j.t.ThreadGroup: Starting thread group... number=1 threads=60 ramp-up=5 delayedStart=false
2026-08-17 20:18:42,671 INFO o.a.j.s.SampleResult: Note: Sample TimeStamps are START times
2026-08-17 20:18:42,671 INFO o.a.j.s.SampleResult: sampleresult.default.encoding is set to UTF-8
2026-08-17 20:18:42,671 INFO o.a.j.s.SampleResult: sampleresult.useNanoTime=true
2026-08-17 20:18:42,671 INFO o.a.j.s.SampleResult: sampleresult.nanoThreadSleep=5000
2026-08-17 20:18:42,689 INFO o.a.j.t.JMeterThread: Thread started: TG - LOAD - 60 VU 1-1
2026-08-17 20:18:42,693 INFO o.a.j.s.FileServer: Stored: D:/Kiem_thu/HW5/data/checkout_data.csv
2026-08-17 20:18:42,717 INFO o.a.j.t.ThreadGroup: Started thread group number 1
2026-08-17 20:18:42,718 INFO o.a.j.e.StandardJMeterEngine: All thread groups have been started
2026-08-17 20:18:42,746 INFO o.a.j.s.FileServer: Stored: D:/Kiem_thu/HW5/data/search_terms.csv
2026-08-17 20:18:42,746 INFO o.a.j.s.FileServer: Stored: D:/Kiem_thu/HW5/data/users.csv
2026-08-17 20:18:42,768 INFO o.a.j.p.h.s.HTTPHCAbstractImpl: Local host = DESKTOP-96ARBFL
2026-08-17 20:18:42,770 INFO o.a.j.t.JMeterThread: Thread started: TG - LOAD - 60 VU 1-2
2026-08-17 20:18:42,775 INFO o.a.j.p.h.s.HTTPHC4Impl: HTTP request retry count = 0
2026-08-17 20:18:42,851 INFO o.a.j.t.JMeterThread: Thread started: TG - LOAD - 60 VU 1-3
2026-08-17 20:18:42,932 INFO o.a.j.t.JMeterThread: Thread started: TG - LOAD - 60 VU 1-4
2026-08-17 20:18:43,015 INFO o.a.j.t.JMeterThread: Thread started: TG - LOAD - 60 VU 1-5
2026-08-17 20:18:43,097 INFO o.a.j.t.JMeterThread: Thread started: TG - LOAD - 60 VU 1-6
2026-08-17 20:18:43,177 INFO o.a.j.t.JMeterThread: Thread started: TG - LOAD - 60 VU 1-7
2026-08-17 20:18:43,260 INFO o.a.j.t.JMeterThread: Thread started: TG - LOAD - 60 VU 1-8
2026-08-17 20:18:43,342 INFO o.a.j.t.JMeterThread: Thread started: TG - LOAD - 60 VU 1-9
2026-08-17 20:18:43,423 INFO o.a.j.t.JMeterThread: Thread started: TG - LOAD - 60 VU 1-10
2026-08-17 20:18:43,505 INFO o.a.j.t.JMeterThread: Thread started: TG - LOAD - 60 VU 1-11
2026-08-17 20:18:43,587 INFO o.a.j.t.JMeterThread: Thread started: TG - LOAD - 60 VU 1-12
2026-08-17 20:18:43,670 INFO o.a.j.t.JMeterThread: Thread started: TG - LOAD - 60 VU 1-13
2026-08-17 20:18:43,748 INFO o.a.j.t.JMeterThread: Thread started: TG - LOAD - 60 VU 1-14
2026-08-17 20:18:43,831 INFO o.a.j.t.JMeterThread: Thread started: TG - LOAD - 60 VU 1-15
2026-08-17 20:18:43,914 INFO o.a.j.t.JMeterThread: Thread started: TG - LOAD - 60 VU 1-16
2026-08-17 20:18:43,996 INFO o.a.j.t.JMeterThread: Thread started: TG - LOAD - 60 VU 1-17
2026-08-17 20:18:44,080 INFO o.a.j.t.JMeterThread: Thread started: TG - LOAD - 60 VU 1-18
2026-08-17 20:18:44,161 INFO o.a.j.t.JMeterThread: Thread started: TG - LOAD - 60 VU 1-19
2026-08-17 20:18:44,243 INFO o.a.j.t.JMeterThread: Thread started: TG - LOAD - 60 VU 1-20
2026-08-17 20:18:44,328 INFO o.a.j.t.JMeterThread: Thread started: TG - LOAD - 60 VU 1-21
2026-08-17 20:18:44,409 INFO o.a.j.t.JMeterThread: Thread started: TG - LOAD - 60 VU 1-22
2026-08-17 20:18:44,492 INFO o.a.j.t.JMeterThread: Thread started: TG - LOAD - 60 VU 1-23
2026-08-17 20:18:44,576 INFO o.a.j.t.JMeterThread: Thread started: TG - LOAD - 60 VU 1-24
2026-08-17 20:18:44,658 INFO o.a.j.t.JMeterThread: Thread started: TG - LOAD - 60 VU 1-25
2026-08-17 20:18:44,742 INFO o.a.j.t.JMeterThread: Thread started: TG - LOAD - 60 VU 1-26
2026-08-17 20:18:44,824 INFO o.a.j.t.JMeterThread: Thread started: TG - LOAD - 60 VU 1-27
2026-08-17 20:18:44,907 INFO o.a.j.t.JMeterThread: Thread started: TG - LOAD - 60 VU 1-28
2026-08-17 20:18:44,990 INFO o.a.j.t.JMeterThread: Thread started: TG - LOAD - 60 VU 1-29
2026-08-17 20:18:45,072 INFO o.a.j.t.JMeterThread: Thread started: TG - LOAD - 60 VU 1-30
2026-08-17 20:18:45,156 INFO o.a.j.t.JMeterThread: Thread started: TG - LOAD - 60 VU 1-31
2026-08-17 20:18:45,239 INFO o.a.j.t.JMeterThread: Thread started: TG - LOAD - 60 VU 1-32
2026-08-17 20:18:45,322 INFO o.a.j.t.JMeterThread: Thread started: TG - LOAD - 60 VU 1-33
2026-08-17 20:18:45,405 INFO o.a.j.t.JMeterThread: Thread started: TG - LOAD - 60 VU 1-34
2026-08-17 20:18:45,488 INFO o.a.j.t.JMeterThread: Thread started: TG - LOAD - 60 VU 1-35
2026-08-17 20:18:45,571 INFO o.a.j.t.JMeterThread: Thread started: TG - LOAD - 60 VU 1-36
2026-08-17 20:18:45,655 INFO o.a.j.t.JMeterThread: Thread started: TG - LOAD - 60 VU 1-37
2026-08-17 20:18:45,737 INFO o.a.j.t.JMeterThread: Thread started: TG - LOAD - 60 VU 1-38
2026-08-17 20:18:45,821 INFO o.a.j.t.JMeterThread: Thread started: TG - LOAD - 60 VU 1-39
2026-08-17 20:18:45,911 INFO o.a.j.t.JMeterThread: Thread started: TG - LOAD - 60 VU 1-40
2026-08-17 20:18:45,987 INFO o.a.j.t.JMeterThread: Thread started: TG - LOAD - 60 VU 1-41
2026-08-17 20:18:46,069 INFO o.a.j.t.JMeterThread: Thread started: TG - LOAD - 60 VU 1-42
2026-08-17 20:18:46,152 INFO o.a.j.t.JMeterThread: Thread started: TG - LOAD - 60 VU 1-43
2026-08-17 20:18:46,235 INFO o.a.j.t.JMeterThread: Thread started: TG - LOAD - 60 VU 1-44
2026-08-17 20:18:46,318 INFO o.a.j.t.JMeterThread: Thread started: TG - LOAD - 60 VU 1-45
2026-08-17 20:18:46,401 INFO o.a.j.t.JMeterThread: Thread started: TG - LOAD - 60 VU 1-46
2026-08-17 20:18:46,483 INFO o.a.j.t.JMeterThread: Thread started: TG - LOAD - 60 VU 1-47
2026-08-17 20:18:46,568 INFO o.a.j.t.JMeterThread: Thread started: TG - LOAD - 60 VU 1-48
2026-08-17 20:18:46,649 INFO o.a.j.t.JMeterThread: Thread started: TG - LOAD - 60 VU 1-49
2026-08-17 20:18:46,733 INFO o.a.j.t.JMeterThread: Thread started: TG - LOAD - 60 VU 1-50
2026-08-17 20:18:46,815 INFO o.a.j.t.JMeterThread: Thread started: TG - LOAD - 60 VU 1-51
2026-08-17 20:18:46,899 INFO o.a.j.t.JMeterThread: Thread started: TG - LOAD - 60 VU 1-52
2026-08-17 20:18:46,982 INFO o.a.j.t.JMeterThread: Thread started: TG - LOAD - 60 VU 1-53
2026-08-17 20:18:47,066 INFO o.a.j.t.JMeterThread: Thread started: TG - LOAD - 60 VU 1-54
2026-08-17 20:18:47,148 INFO o.a.j.t.JMeterThread: Thread started: TG - LOAD - 60 VU 1-55
2026-08-17 20:18:47,232 INFO o.a.j.t.JMeterThread: Thread started: TG - LOAD - 60 VU 1-56
2026-08-17 20:18:47,315 INFO o.a.j.t.JMeterThread: Thread started: TG - LOAD - 60 VU 1-57
2026-08-17 20:18:47,398 INFO o.a.j.t.JMeterThread: Thread started: TG - LOAD - 60 VU 1-58
2026-08-17 20:18:47,481 INFO o.a.j.t.JMeterThread: Thread started: TG - LOAD - 60 VU 1-59
2026-08-17 20:18:47,564 INFO o.a.j.t.JMeterThread: Thread started: TG - LOAD - 60 VU 1-60
2026-08-17 20:19:00,001 INFO o.a.j.r.Summariser: summary +   4312 in 00:00:17 =  248.6/s Avg:    51 Min:     0 Max:   228 Err:     0 (0.00%) Active: 60 Started: 60 Finished: 0
2026-08-17 20:19:30,009 INFO o.a.j.r.Summariser: summary +   9130 in 00:00:30 =  304.3/s Avg:    46 Min:     0 Max:   195 Err:     0 (0.00%) Active: 60 Started: 60 Finished: 0
2026-08-17 20:19:30,010 INFO o.a.j.r.Summariser: summary =  13442 in 00:00:47 =  283.8/s Avg:    47 Min:     0 Max:   228 Err:     0 (0.00%)
2026-08-17 20:19:42,249 INFO o.a.j.t.JMeterThread: Thread finished: TG - LOAD - 60 VU 1-56
2026-08-17 20:19:42,275 INFO o.a.j.t.JMeterThread: Thread finished: TG - LOAD - 60 VU 1-58
2026-08-17 20:19:42,288 INFO o.a.j.t.JMeterThread: Thread finished: TG - LOAD - 60 VU 1-18
2026-08-17 20:19:42,329 INFO o.a.j.t.JMeterThread: Thread finished: TG - LOAD - 60 VU 1-48
2026-08-17 20:19:42,385 INFO o.a.j.t.JMeterThread: Thread finished: TG - LOAD - 60 VU 1-31
2026-08-17 20:19:42,386 INFO o.a.j.t.JMeterThread: Thread finished: TG - LOAD - 60 VU 1-7
2026-08-17 20:19:42,388 INFO o.a.j.t.JMeterThread: Thread finished: TG - LOAD - 60 VU 1-30
2026-08-17 20:19:42,389 INFO o.a.j.t.JMeterThread: Thread finished: TG - LOAD - 60 VU 1-39
2026-08-17 20:19:42,389 INFO o.a.j.t.JMeterThread: Thread finished: TG - LOAD - 60 VU 1-49
2026-08-17 20:19:42,399 INFO o.a.j.t.JMeterThread: Thread finished: TG - LOAD - 60 VU 1-11
2026-08-17 20:19:42,400 INFO o.a.j.t.JMeterThread: Thread finished: TG - LOAD - 60 VU 1-35
2026-08-17 20:19:42,400 INFO o.a.j.t.JMeterThread: Thread finished: TG - LOAD - 60 VU 1-20
2026-08-17 20:19:42,401 INFO o.a.j.t.JMeterThread: Thread finished: TG - LOAD - 60 VU 1-13
2026-08-17 20:19:42,401 INFO o.a.j.t.JMeterThread: Thread finished: TG - LOAD - 60 VU 1-1
2026-08-17 20:19:42,402 INFO o.a.j.t.JMeterThread: Thread finished: TG - LOAD - 60 VU 1-45
2026-08-17 20:19:42,413 INFO o.a.j.t.JMeterThread: Thread finished: TG - LOAD - 60 VU 1-29
2026-08-17 20:19:42,413 INFO o.a.j.t.JMeterThread: Thread finished: TG - LOAD - 60 VU 1-21
2026-08-17 20:19:42,428 INFO o.a.j.t.JMeterThread: Thread finished: TG - LOAD - 60 VU 1-59
2026-08-17 20:19:42,467 INFO o.a.j.t.JMeterThread: Thread finished: TG - LOAD - 60 VU 1-6
2026-08-17 20:19:42,479 INFO o.a.j.t.JMeterThread: Thread finished: TG - LOAD - 60 VU 1-36
2026-08-17 20:19:42,494 INFO o.a.j.t.JMeterThread: Thread finished: TG - LOAD - 60 VU 1-24
2026-08-17 20:19:42,495 INFO o.a.j.t.JMeterThread: Thread finished: TG - LOAD - 60 VU 1-15
2026-08-17 20:19:42,495 INFO o.a.j.t.JMeterThread: Thread finished: TG - LOAD - 60 VU 1-57
2026-08-17 20:19:42,496 INFO o.a.j.t.JMeterThread: Thread finished: TG - LOAD - 60 VU 1-34
2026-08-17 20:19:42,499 INFO o.a.j.t.JMeterThread: Thread finished: TG - LOAD - 60 VU 1-33
2026-08-17 20:19:42,517 INFO o.a.j.t.JMeterThread: Thread finished: TG - LOAD - 60 VU 1-25
2026-08-17 20:19:42,517 INFO o.a.j.t.JMeterThread: Thread finished: TG - LOAD - 60 VU 1-50
2026-08-17 20:19:42,518 INFO o.a.j.t.JMeterThread: Thread finished: TG - LOAD - 60 VU 1-2
2026-08-17 20:19:42,519 INFO o.a.j.t.JMeterThread: Thread finished: TG - LOAD - 60 VU 1-17
2026-08-17 20:19:42,519 INFO o.a.j.t.JMeterThread: Thread finished: TG - LOAD - 60 VU 1-53
2026-08-17 20:19:42,520 INFO o.a.j.t.JMeterThread: Thread finished: TG - LOAD - 60 VU 1-10
2026-08-17 20:19:42,520 INFO o.a.j.t.JMeterThread: Thread finished: TG - LOAD - 60 VU 1-37
2026-08-17 20:19:42,521 INFO o.a.j.t.JMeterThread: Thread finished: TG - LOAD - 60 VU 1-27
2026-08-17 20:19:42,537 INFO o.a.j.t.JMeterThread: Thread finished: TG - LOAD - 60 VU 1-8
2026-08-17 20:19:42,537 INFO o.a.j.t.JMeterThread: Thread finished: TG - LOAD - 60 VU 1-16
2026-08-17 20:19:42,537 INFO o.a.j.t.JMeterThread: Thread finished: TG - LOAD - 60 VU 1-14
2026-08-17 20:19:42,540 INFO o.a.j.t.JMeterThread: Thread finished: TG - LOAD - 60 VU 1-55
2026-08-17 20:19:42,572 INFO o.a.j.t.JMeterThread: Thread finished: TG - LOAD - 60 VU 1-5
2026-08-17 20:19:42,573 INFO o.a.j.t.JMeterThread: Thread finished: TG - LOAD - 60 VU 1-44
2026-08-17 20:19:42,576 INFO o.a.j.t.JMeterThread: Thread finished: TG - LOAD - 60 VU 1-47
2026-08-17 20:19:42,585 INFO o.a.j.t.JMeterThread: Thread finished: TG - LOAD - 60 VU 1-41
2026-08-17 20:19:42,595 INFO o.a.j.t.JMeterThread: Thread finished: TG - LOAD - 60 VU 1-22
2026-08-17 20:19:42,610 INFO o.a.j.t.JMeterThread: Thread finished: TG - LOAD - 60 VU 1-54
2026-08-17 20:19:42,635 INFO o.a.j.t.JMeterThread: Thread finished: TG - LOAD - 60 VU 1-28
2026-08-17 20:19:42,635 INFO o.a.j.t.JMeterThread: Thread finished: TG - LOAD - 60 VU 1-4
2026-08-17 20:19:42,662 INFO o.a.j.t.JMeterThread: Thread finished: TG - LOAD - 60 VU 1-26
2026-08-17 20:19:42,662 INFO o.a.j.t.JMeterThread: Thread finished: TG - LOAD - 60 VU 1-52
2026-08-17 20:19:42,662 INFO o.a.j.t.JMeterThread: Thread finished: TG - LOAD - 60 VU 1-40
2026-08-17 20:19:42,662 INFO o.a.j.t.JMeterThread: Thread finished: TG - LOAD - 60 VU 1-9
2026-08-17 20:19:42,663 INFO o.a.j.t.JMeterThread: Thread finished: TG - LOAD - 60 VU 1-3
2026-08-17 20:19:42,670 INFO o.a.j.t.JMeterThread: Thread finished: TG - LOAD - 60 VU 1-32
2026-08-17 20:19:42,670 INFO o.a.j.t.JMeterThread: Thread finished: TG - LOAD - 60 VU 1-12
2026-08-17 20:19:42,674 INFO o.a.j.t.JMeterThread: Thread finished: TG - LOAD - 60 VU 1-46
2026-08-17 20:19:42,675 INFO o.a.j.t.JMeterThread: Thread finished: TG - LOAD - 60 VU 1-23
2026-08-17 20:19:42,676 INFO o.a.j.t.JMeterThread: Thread finished: TG - LOAD - 60 VU 1-60
2026-08-17 20:19:42,695 INFO o.a.j.t.JMeterThread: Stopping because end time detected by thread: TG - LOAD - 60 VU 1-19
2026-08-17 20:19:42,695 INFO o.a.j.t.JMeterThread: Thread finished: TG - LOAD - 60 VU 1-19
2026-08-17 20:19:42,709 INFO o.a.j.t.JMeterThread: Stopping because end time detected by thread: TG - LOAD - 60 VU 1-38
2026-08-17 20:19:42,709 INFO o.a.j.t.JMeterThread: Thread finished: TG - LOAD - 60 VU 1-38
2026-08-17 20:19:42,709 INFO o.a.j.t.JMeterThread: Stopping because end time detected by thread: TG - LOAD - 60 VU 1-43
2026-08-17 20:19:42,709 INFO o.a.j.t.JMeterThread: Thread finished: TG - LOAD - 60 VU 1-43
2026-08-17 20:19:42,724 INFO o.a.j.t.JMeterThread: Stopping because end time detected by thread: TG - LOAD - 60 VU 1-42
2026-08-17 20:19:42,725 INFO o.a.j.t.JMeterThread: Thread finished: TG - LOAD - 60 VU 1-42
2026-08-17 20:19:42,731 INFO o.a.j.t.JMeterThread: Stopping because end time detected by thread: TG - LOAD - 60 VU 1-51
2026-08-17 20:19:42,731 INFO o.a.j.t.JMeterThread: Thread finished: TG - LOAD - 60 VU 1-51
2026-08-17 20:19:42,732 INFO o.a.j.e.StandardJMeterEngine: Notifying test listeners of end of test
2026-08-17 20:19:42,732 INFO o.a.j.s.FileServer: Close: D:/Kiem_thu/HW5/data/checkout_data.csv
2026-08-17 20:19:42,732 INFO o.a.j.s.FileServer: Close: D:/Kiem_thu/HW5/data/search_terms.csv
2026-08-17 20:19:42,732 INFO o.a.j.s.FileServer: Close: D:/Kiem_thu/HW5/data/users.csv
2026-08-17 20:19:42,735 INFO o.a.j.r.Summariser: summary +   3694 in 00:00:13 =  290.3/s Avg:    55 Min:     1 Max:   324 Err:     0 (0.00%) Active: 0 Started: 60 Finished: 60
2026-08-17 20:19:42,735 INFO o.a.j.r.Summariser: summary =  17136 in 00:01:00 =  285.2/s Avg:    49 Min:     0 Max:   324 Err:     0 (0.00%)
