2026-08-16 22:06:25,882 INFO o.a.j.u.JMeterUtils: Setting Locale to en_EN
2026-08-16 22:06:25,899 INFO o.a.j.JMeter: Loading user properties from: D:\Kiem_thu\tools\apache-jmeter-5.6.3\bin\user.properties
2026-08-16 22:06:25,900 INFO o.a.j.JMeter: Loading system properties from: D:\Kiem_thu\tools\apache-jmeter-5.6.3\bin\system.properties
2026-08-16 22:06:25,900 INFO o.a.j.JMeter: Setting JMeter property: threads=60
2026-08-16 22:06:25,900 INFO o.a.j.JMeter: Setting JMeter property: rampup=5
2026-08-16 22:06:25,900 INFO o.a.j.JMeter: Setting JMeter property: duration=60
2026-08-16 22:06:25,900 INFO o.a.j.JMeter: Setting JMeter property: thinkmin=200
2026-08-16 22:06:25,900 INFO o.a.j.JMeter: Setting JMeter property: thinkrange=300
2026-08-16 22:06:25,906 INFO o.a.j.JMeter: Copyright (c) 1998-2024 The Apache Software Foundation
2026-08-16 22:06:25,906 INFO o.a.j.JMeter: Version 5.6.3
2026-08-16 22:06:25,906 INFO o.a.j.JMeter: java.version=17.0.17
2026-08-16 22:06:25,906 INFO o.a.j.JMeter: java.vm.name=OpenJDK 64-Bit Server VM
2026-08-16 22:06:25,906 INFO o.a.j.JMeter: os.name=Windows 11
2026-08-16 22:06:25,906 INFO o.a.j.JMeter: os.arch=amd64
2026-08-16 22:06:25,906 INFO o.a.j.JMeter: os.version=10.0
2026-08-16 22:06:25,906 INFO o.a.j.JMeter: file.encoding=Cp1252
2026-08-16 22:06:25,906 INFO o.a.j.JMeter: java.awt.headless=true
2026-08-16 22:06:25,906 INFO o.a.j.JMeter: Max memory     =2147483648
2026-08-16 22:06:25,906 INFO o.a.j.JMeter: Available Processors =20
2026-08-16 22:06:25,911 INFO o.a.j.JMeter: Default Locale=English (EN)
2026-08-16 22:06:25,912 INFO o.a.j.JMeter: JMeter  Locale=English (EN)
2026-08-16 22:06:25,912 INFO o.a.j.JMeter: JMeterHome=D:\Kiem_thu\tools\apache-jmeter-5.6.3
2026-08-16 22:06:25,912 INFO o.a.j.JMeter: user.dir  =D:\Kiem_thu\HW5
2026-08-16 22:06:25,912 INFO o.a.j.JMeter: PWD       =D:\Kiem_thu\HW5
2026-08-16 22:06:25,913 INFO o.a.j.JMeter: IP: 192.168.1.8 Name: DESKTOP-96ARBFL FullName: 192.168.1.8
2026-08-16 22:06:25,923 INFO o.a.j.s.FileServer: Default base='D:\Kiem_thu\HW5'
2026-08-16 22:06:25,925 INFO o.a.j.s.FileServer: Set new base='D:\Kiem_thu\HW5\testplans'
2026-08-16 22:06:26,065 INFO o.a.j.s.SaveService: Testplan (JMX) version: 2.2. Testlog (JTL) version: 2.2
2026-08-16 22:06:26,084 INFO o.a.j.s.SaveService: Using SaveService properties version 5.0
2026-08-16 22:06:26,085 INFO o.a.j.s.SaveService: Using SaveService properties file encoding UTF-8
2026-08-16 22:06:26,085 INFO o.a.j.s.SaveService: Loading file: D:\Kiem_thu\HW5\testplans\23127195_Load_20260816.jmx
2026-08-16 22:06:26,129 INFO o.a.j.p.h.s.HTTPSamplerBase: Parser for text/html is org.apache.jmeter.protocol.http.parser.LagartoBasedHtmlParser
2026-08-16 22:06:26,129 INFO o.a.j.p.h.s.HTTPSamplerBase: Parser for application/xhtml+xml is org.apache.jmeter.protocol.http.parser.LagartoBasedHtmlParser
2026-08-16 22:06:26,129 INFO o.a.j.p.h.s.HTTPSamplerBase: Parser for application/xml is org.apache.jmeter.protocol.http.parser.LagartoBasedHtmlParser
2026-08-16 22:06:26,129 INFO o.a.j.p.h.s.HTTPSamplerBase: Parser for text/xml is org.apache.jmeter.protocol.http.parser.LagartoBasedHtmlParser
2026-08-16 22:06:26,129 INFO o.a.j.p.h.s.HTTPSamplerBase: Parser for text/vnd.wap.wml is org.apache.jmeter.protocol.http.parser.RegexpHTMLParser
2026-08-16 22:06:26,129 INFO o.a.j.p.h.s.HTTPSamplerBase: Parser for text/css is org.apache.jmeter.protocol.http.parser.CssParser
2026-08-16 22:06:26,166 INFO o.a.j.JMeter: Creating summariser <summary>
2026-08-16 22:06:26,175 INFO o.a.j.e.StandardJMeterEngine: Running the test!
2026-08-16 22:06:26,175 INFO o.a.j.s.SampleEvent: List of sample_variables: []
2026-08-16 22:06:26,175 INFO o.a.j.s.SampleEvent: List of sample_variables: []
2026-08-16 22:06:26,177 INFO o.a.j.e.u.CompoundVariable: Note: Function class names must contain the string: '.functions.'
2026-08-16 22:06:26,178 INFO o.a.j.e.u.CompoundVariable: Note: Function class names must not contain the string: '.gui.'
2026-08-16 22:06:26,341 INFO o.a.j.JMeter: Running test (1786892786341)
2026-08-16 22:06:26,351 INFO o.a.j.e.StandardJMeterEngine: Starting ThreadGroup: 1 : TG - LOAD - 60 VU
2026-08-16 22:06:26,351 INFO o.a.j.e.StandardJMeterEngine: Starting 60 threads for group TG - LOAD - 60 VU.
2026-08-16 22:06:26,351 INFO o.a.j.e.StandardJMeterEngine: Thread will continue on error
2026-08-16 22:06:26,353 INFO o.a.j.t.ThreadGroup: Starting thread group... number=1 threads=60 ramp-up=5 delayedStart=false
2026-08-16 22:06:26,358 INFO o.a.j.s.SampleResult: Note: Sample TimeStamps are START times
2026-08-16 22:06:26,359 INFO o.a.j.s.SampleResult: sampleresult.default.encoding is set to UTF-8
2026-08-16 22:06:26,359 INFO o.a.j.s.SampleResult: sampleresult.useNanoTime=true
2026-08-16 22:06:26,359 INFO o.a.j.s.SampleResult: sampleresult.nanoThreadSleep=5000
2026-08-16 22:06:26,372 INFO o.a.j.t.JMeterThread: Thread started: TG - LOAD - 60 VU 1-1
2026-08-16 22:06:26,375 INFO o.a.j.s.FileServer: Stored: D:/Kiem_thu/HW5/data/checkout_data.csv
2026-08-16 22:06:26,393 INFO o.a.j.t.ThreadGroup: Started thread group number 1
2026-08-16 22:06:26,394 INFO o.a.j.e.StandardJMeterEngine: All thread groups have been started
2026-08-16 22:06:26,416 INFO o.a.j.s.FileServer: Stored: D:/Kiem_thu/HW5/data/search_terms.csv
2026-08-16 22:06:26,417 INFO o.a.j.s.FileServer: Stored: D:/Kiem_thu/HW5/data/users.csv
2026-08-16 22:06:26,430 INFO o.a.j.p.h.s.HTTPHCAbstractImpl: Local host = DESKTOP-96ARBFL
2026-08-16 22:06:26,435 INFO o.a.j.p.h.s.HTTPHC4Impl: HTTP request retry count = 0
2026-08-16 22:06:26,452 INFO o.a.j.t.JMeterThread: Thread started: TG - LOAD - 60 VU 1-2
2026-08-16 22:06:26,536 INFO o.a.j.t.JMeterThread: Thread started: TG - LOAD - 60 VU 1-3
2026-08-16 22:06:26,617 INFO o.a.j.t.JMeterThread: Thread started: TG - LOAD - 60 VU 1-4
2026-08-16 22:06:26,698 INFO o.a.j.t.JMeterThread: Thread started: TG - LOAD - 60 VU 1-5
2026-08-16 22:06:26,779 INFO o.a.j.t.JMeterThread: Thread started: TG - LOAD - 60 VU 1-6
2026-08-16 22:06:26,862 INFO o.a.j.t.JMeterThread: Thread started: TG - LOAD - 60 VU 1-7
2026-08-16 22:06:26,942 INFO o.a.j.t.JMeterThread: Thread started: TG - LOAD - 60 VU 1-8
2026-08-16 22:06:27,025 INFO o.a.j.t.JMeterThread: Thread started: TG - LOAD - 60 VU 1-9
2026-08-16 22:06:27,108 INFO o.a.j.t.JMeterThread: Thread started: TG - LOAD - 60 VU 1-10
2026-08-16 22:06:27,189 INFO o.a.j.t.JMeterThread: Thread started: TG - LOAD - 60 VU 1-11
2026-08-16 22:06:27,274 INFO o.a.j.t.JMeterThread: Thread started: TG - LOAD - 60 VU 1-12
2026-08-16 22:06:27,354 INFO o.a.j.t.JMeterThread: Thread started: TG - LOAD - 60 VU 1-13
2026-08-16 22:06:27,438 INFO o.a.j.t.JMeterThread: Thread started: TG - LOAD - 60 VU 1-14
2026-08-16 22:06:27,518 INFO o.a.j.t.JMeterThread: Thread started: TG - LOAD - 60 VU 1-15
2026-08-16 22:06:27,601 INFO o.a.j.t.JMeterThread: Thread started: TG - LOAD - 60 VU 1-16
2026-08-16 22:06:27,683 INFO o.a.j.t.JMeterThread: Thread started: TG - LOAD - 60 VU 1-17
2026-08-16 22:06:27,766 INFO o.a.j.t.JMeterThread: Thread started: TG - LOAD - 60 VU 1-18
2026-08-16 22:06:27,849 INFO o.a.j.t.JMeterThread: Thread started: TG - LOAD - 60 VU 1-19
2026-08-16 22:06:27,933 INFO o.a.j.t.JMeterThread: Thread started: TG - LOAD - 60 VU 1-20
2026-08-16 22:06:28,016 INFO o.a.j.t.JMeterThread: Thread started: TG - LOAD - 60 VU 1-21
2026-08-16 22:06:28,097 INFO o.a.j.t.JMeterThread: Thread started: TG - LOAD - 60 VU 1-22
2026-08-16 22:06:28,180 INFO o.a.j.t.JMeterThread: Thread started: TG - LOAD - 60 VU 1-23
2026-08-16 22:06:28,264 INFO o.a.j.t.JMeterThread: Thread started: TG - LOAD - 60 VU 1-24
2026-08-16 22:06:28,346 INFO o.a.j.t.JMeterThread: Thread started: TG - LOAD - 60 VU 1-25
2026-08-16 22:06:28,430 INFO o.a.j.t.JMeterThread: Thread started: TG - LOAD - 60 VU 1-26
2026-08-16 22:06:28,512 INFO o.a.j.t.JMeterThread: Thread started: TG - LOAD - 60 VU 1-27
2026-08-16 22:06:28,596 INFO o.a.j.t.JMeterThread: Thread started: TG - LOAD - 60 VU 1-28
2026-08-16 22:06:28,678 INFO o.a.j.t.JMeterThread: Thread started: TG - LOAD - 60 VU 1-29
2026-08-16 22:06:28,762 INFO o.a.j.t.JMeterThread: Thread started: TG - LOAD - 60 VU 1-30
2026-08-16 22:06:28,844 INFO o.a.j.t.JMeterThread: Thread started: TG - LOAD - 60 VU 1-31
2026-08-16 22:06:28,927 INFO o.a.j.t.JMeterThread: Thread started: TG - LOAD - 60 VU 1-32
2026-08-16 22:06:29,010 INFO o.a.j.t.JMeterThread: Thread started: TG - LOAD - 60 VU 1-33
2026-08-16 22:06:29,093 INFO o.a.j.t.JMeterThread: Thread started: TG - LOAD - 60 VU 1-34
2026-08-16 22:06:29,177 INFO o.a.j.t.JMeterThread: Thread started: TG - LOAD - 60 VU 1-35
2026-08-16 22:06:29,260 INFO o.a.j.t.JMeterThread: Thread started: TG - LOAD - 60 VU 1-36
2026-08-16 22:06:29,343 INFO o.a.j.t.JMeterThread: Thread started: TG - LOAD - 60 VU 1-37
2026-08-16 22:06:29,426 INFO o.a.j.t.JMeterThread: Thread started: TG - LOAD - 60 VU 1-38
2026-08-16 22:06:29,508 INFO o.a.j.t.JMeterThread: Thread started: TG - LOAD - 60 VU 1-39
2026-08-16 22:06:29,591 INFO o.a.j.t.JMeterThread: Thread started: TG - LOAD - 60 VU 1-40
2026-08-16 22:06:29,674 INFO o.a.j.t.JMeterThread: Thread started: TG - LOAD - 60 VU 1-41
2026-08-16 22:06:29,758 INFO o.a.j.t.JMeterThread: Thread started: TG - LOAD - 60 VU 1-42
2026-08-16 22:06:29,840 INFO o.a.j.t.JMeterThread: Thread started: TG - LOAD - 60 VU 1-43
2026-08-16 22:06:29,923 INFO o.a.j.t.JMeterThread: Thread started: TG - LOAD - 60 VU 1-44
2026-08-16 22:06:30,007 INFO o.a.j.t.JMeterThread: Thread started: TG - LOAD - 60 VU 1-45
2026-08-16 22:06:30,011 INFO o.a.j.r.Summariser: summary +    430 in 00:00:04 =  117.2/s Avg:     2 Min:     0 Max:    23 Err:     0 (0.00%) Active: 45 Started: 45 Finished: 0
2026-08-16 22:06:30,089 INFO o.a.j.t.JMeterThread: Thread started: TG - LOAD - 60 VU 1-46
2026-08-16 22:06:30,172 INFO o.a.j.t.JMeterThread: Thread started: TG - LOAD - 60 VU 1-47
2026-08-16 22:06:30,255 INFO o.a.j.t.JMeterThread: Thread started: TG - LOAD - 60 VU 1-48
2026-08-16 22:06:30,338 INFO o.a.j.t.JMeterThread: Thread started: TG - LOAD - 60 VU 1-49
2026-08-16 22:06:30,421 INFO o.a.j.t.JMeterThread: Thread started: TG - LOAD - 60 VU 1-50
2026-08-16 22:06:30,505 INFO o.a.j.t.JMeterThread: Thread started: TG - LOAD - 60 VU 1-51
2026-08-16 22:06:30,587 INFO o.a.j.t.JMeterThread: Thread started: TG - LOAD - 60 VU 1-52
2026-08-16 22:06:30,670 INFO o.a.j.t.JMeterThread: Thread started: TG - LOAD - 60 VU 1-53
2026-08-16 22:06:30,753 INFO o.a.j.t.JMeterThread: Thread started: TG - LOAD - 60 VU 1-54
2026-08-16 22:06:30,837 INFO o.a.j.t.JMeterThread: Thread started: TG - LOAD - 60 VU 1-55
2026-08-16 22:06:30,919 INFO o.a.j.t.JMeterThread: Thread started: TG - LOAD - 60 VU 1-56
2026-08-16 22:06:31,002 INFO o.a.j.t.JMeterThread: Thread started: TG - LOAD - 60 VU 1-57
2026-08-16 22:06:31,085 INFO o.a.j.t.JMeterThread: Thread started: TG - LOAD - 60 VU 1-58
2026-08-16 22:06:31,168 INFO o.a.j.t.JMeterThread: Thread started: TG - LOAD - 60 VU 1-59
2026-08-16 22:06:31,253 INFO o.a.j.t.JMeterThread: Thread started: TG - LOAD - 60 VU 1-60
2026-08-16 22:07:00,001 INFO o.a.j.r.Summariser: summary +  11685 in 00:00:30 =  389.6/s Avg:     2 Min:     0 Max:    34 Err:     0 (0.00%) Active: 60 Started: 60 Finished: 0
2026-08-16 22:07:00,003 INFO o.a.j.r.Summariser: summary =  12115 in 00:00:34 =  359.9/s Avg:     2 Min:     0 Max:    34 Err:     0 (0.00%)
2026-08-16 22:07:25,904 INFO o.a.j.t.JMeterThread: Thread finished: TG - LOAD - 60 VU 1-7
2026-08-16 22:07:25,942 INFO o.a.j.t.JMeterThread: Thread finished: TG - LOAD - 60 VU 1-47
2026-08-16 22:07:25,975 INFO o.a.j.t.JMeterThread: Thread finished: TG - LOAD - 60 VU 1-50
2026-08-16 22:07:25,977 INFO o.a.j.t.JMeterThread: Thread finished: TG - LOAD - 60 VU 1-16
2026-08-16 22:07:25,992 INFO o.a.j.t.JMeterThread: Thread finished: TG - LOAD - 60 VU 1-42
2026-08-16 22:07:26,003 INFO o.a.j.t.JMeterThread: Thread finished: TG - LOAD - 60 VU 1-45
2026-08-16 22:07:26,003 INFO o.a.j.t.JMeterThread: Thread finished: TG - LOAD - 60 VU 1-55
2026-08-16 22:07:26,013 INFO o.a.j.t.JMeterThread: Thread finished: TG - LOAD - 60 VU 1-15
2026-08-16 22:07:26,024 INFO o.a.j.t.JMeterThread: Thread finished: TG - LOAD - 60 VU 1-30
2026-08-16 22:07:26,024 INFO o.a.j.t.JMeterThread: Thread finished: TG - LOAD - 60 VU 1-2
2026-08-16 22:07:26,044 INFO o.a.j.t.JMeterThread: Thread finished: TG - LOAD - 60 VU 1-19
2026-08-16 22:07:26,044 INFO o.a.j.t.JMeterThread: Thread finished: TG - LOAD - 60 VU 1-32
2026-08-16 22:07:26,053 INFO o.a.j.t.JMeterThread: Thread finished: TG - LOAD - 60 VU 1-1
2026-08-16 22:07:26,063 INFO o.a.j.t.JMeterThread: Thread finished: TG - LOAD - 60 VU 1-23
2026-08-16 22:07:26,072 INFO o.a.j.t.JMeterThread: Thread finished: TG - LOAD - 60 VU 1-40
2026-08-16 22:07:26,073 INFO o.a.j.t.JMeterThread: Thread finished: TG - LOAD - 60 VU 1-44
2026-08-16 22:07:26,085 INFO o.a.j.t.JMeterThread: Thread finished: TG - LOAD - 60 VU 1-51
2026-08-16 22:07:26,100 INFO o.a.j.t.JMeterThread: Thread finished: TG - LOAD - 60 VU 1-58
2026-08-16 22:07:26,100 INFO o.a.j.t.JMeterThread: Thread finished: TG - LOAD - 60 VU 1-26
2026-08-16 22:07:26,100 INFO o.a.j.t.JMeterThread: Thread finished: TG - LOAD - 60 VU 1-54
2026-08-16 22:07:26,121 INFO o.a.j.t.JMeterThread: Thread finished: TG - LOAD - 60 VU 1-25
2026-08-16 22:07:26,121 INFO o.a.j.t.JMeterThread: Thread finished: TG - LOAD - 60 VU 1-41
2026-08-16 22:07:26,124 INFO o.a.j.t.JMeterThread: Thread finished: TG - LOAD - 60 VU 1-13
2026-08-16 22:07:26,130 INFO o.a.j.t.JMeterThread: Thread finished: TG - LOAD - 60 VU 1-60
2026-08-16 22:07:26,136 INFO o.a.j.t.JMeterThread: Thread finished: TG - LOAD - 60 VU 1-37
2026-08-16 22:07:26,136 INFO o.a.j.t.JMeterThread: Thread finished: TG - LOAD - 60 VU 1-56
2026-08-16 22:07:26,145 INFO o.a.j.t.JMeterThread: Thread finished: TG - LOAD - 60 VU 1-9
2026-08-16 22:07:26,154 INFO o.a.j.t.JMeterThread: Thread finished: TG - LOAD - 60 VU 1-59
2026-08-16 22:07:26,154 INFO o.a.j.t.JMeterThread: Thread finished: TG - LOAD - 60 VU 1-24
2026-08-16 22:07:26,171 INFO o.a.j.t.JMeterThread: Thread finished: TG - LOAD - 60 VU 1-12
2026-08-16 22:07:26,172 INFO o.a.j.t.JMeterThread: Thread finished: TG - LOAD - 60 VU 1-46
2026-08-16 22:07:26,227 INFO o.a.j.t.JMeterThread: Thread finished: TG - LOAD - 60 VU 1-34
2026-08-16 22:07:26,232 INFO o.a.j.t.JMeterThread: Thread finished: TG - LOAD - 60 VU 1-36
2026-08-16 22:07:26,232 INFO o.a.j.t.JMeterThread: Thread finished: TG - LOAD - 60 VU 1-14
2026-08-16 22:07:26,232 INFO o.a.j.t.JMeterThread: Thread finished: TG - LOAD - 60 VU 1-21
2026-08-16 22:07:26,258 INFO o.a.j.t.JMeterThread: Thread finished: TG - LOAD - 60 VU 1-8
2026-08-16 22:07:26,269 INFO o.a.j.t.JMeterThread: Thread finished: TG - LOAD - 60 VU 1-22
2026-08-16 22:07:26,270 INFO o.a.j.t.JMeterThread: Thread finished: TG - LOAD - 60 VU 1-10
2026-08-16 22:07:26,270 INFO o.a.j.t.JMeterThread: Thread finished: TG - LOAD - 60 VU 1-11
2026-08-16 22:07:26,272 INFO o.a.j.t.JMeterThread: Thread finished: TG - LOAD - 60 VU 1-39
2026-08-16 22:07:26,278 INFO o.a.j.t.JMeterThread: Thread finished: TG - LOAD - 60 VU 1-48
2026-08-16 22:07:26,282 INFO o.a.j.t.JMeterThread: Thread finished: TG - LOAD - 60 VU 1-33
2026-08-16 22:07:26,282 INFO o.a.j.t.JMeterThread: Thread finished: TG - LOAD - 60 VU 1-4
2026-08-16 22:07:26,283 INFO o.a.j.t.JMeterThread: Thread finished: TG - LOAD - 60 VU 1-35
2026-08-16 22:07:26,283 INFO o.a.j.t.JMeterThread: Thread finished: TG - LOAD - 60 VU 1-49
2026-08-16 22:07:26,300 INFO o.a.j.t.JMeterThread: Thread finished: TG - LOAD - 60 VU 1-52
2026-08-16 22:07:26,303 INFO o.a.j.t.JMeterThread: Thread finished: TG - LOAD - 60 VU 1-18
2026-08-16 22:07:26,306 INFO o.a.j.t.JMeterThread: Thread finished: TG - LOAD - 60 VU 1-31
2026-08-16 22:07:26,318 INFO o.a.j.t.JMeterThread: Thread finished: TG - LOAD - 60 VU 1-20
2026-08-16 22:07:26,319 INFO o.a.j.t.JMeterThread: Thread finished: TG - LOAD - 60 VU 1-6
2026-08-16 22:07:26,326 INFO o.a.j.t.JMeterThread: Thread finished: TG - LOAD - 60 VU 1-38
2026-08-16 22:07:26,326 INFO o.a.j.t.JMeterThread: Thread finished: TG - LOAD - 60 VU 1-17
2026-08-16 22:07:26,351 INFO o.a.j.t.JMeterThread: Thread finished: TG - LOAD - 60 VU 1-3
2026-08-16 22:07:26,366 INFO o.a.j.t.JMeterThread: Thread finished: TG - LOAD - 60 VU 1-27
2026-08-16 22:07:26,368 INFO o.a.j.t.JMeterThread: Stopping because end time detected by thread: TG - LOAD - 60 VU 1-5
2026-08-16 22:07:26,368 INFO o.a.j.t.JMeterThread: Thread finished: TG - LOAD - 60 VU 1-5
2026-08-16 22:07:26,368 INFO o.a.j.t.JMeterThread: Thread finished: TG - LOAD - 60 VU 1-43
2026-08-16 22:07:26,379 INFO o.a.j.t.JMeterThread: Stopping because end time detected by thread: TG - LOAD - 60 VU 1-29
2026-08-16 22:07:26,379 INFO o.a.j.t.JMeterThread: Thread finished: TG - LOAD - 60 VU 1-29
2026-08-16 22:07:26,380 INFO o.a.j.t.JMeterThread: Thread finished: TG - LOAD - 60 VU 1-53
2026-08-16 22:07:26,380 INFO o.a.j.t.JMeterThread: Stopping because end time detected by thread: TG - LOAD - 60 VU 1-28
2026-08-16 22:07:26,380 INFO o.a.j.t.JMeterThread: Thread finished: TG - LOAD - 60 VU 1-28
2026-08-16 22:07:26,394 INFO o.a.j.t.JMeterThread: Stopping because end time detected by thread: TG - LOAD - 60 VU 1-57
2026-08-16 22:07:26,394 INFO o.a.j.t.JMeterThread: Thread finished: TG - LOAD - 60 VU 1-57
2026-08-16 22:07:26,394 INFO o.a.j.e.StandardJMeterEngine: Notifying test listeners of end of test
2026-08-16 22:07:26,394 INFO o.a.j.s.FileServer: Close: D:/Kiem_thu/HW5/data/checkout_data.csv
2026-08-16 22:07:26,394 INFO o.a.j.s.FileServer: Close: D:/Kiem_thu/HW5/data/search_terms.csv
2026-08-16 22:07:26,394 INFO o.a.j.s.FileServer: Close: D:/Kiem_thu/HW5/data/users.csv
2026-08-16 22:07:26,397 INFO o.a.j.r.Summariser: summary +  10323 in 00:00:26 =  391.1/s Avg:     2 Min:     0 Max:    16 Err:     0 (0.00%) Active: 0 Started: 60 Finished: 60
2026-08-16 22:07:26,397 INFO o.a.j.r.Summariser: summary =  22438 in 00:01:00 =  373.6/s Avg:     2 Min:     0 Max:    34 Err:     0 (0.00%)
