2026-08-16 22:07:33,717 INFO o.a.j.u.JMeterUtils: Setting Locale to en_EN
2026-08-16 22:07:33,733 INFO o.a.j.JMeter: Loading user properties from: D:\Kiem_thu\tools\apache-jmeter-5.6.3\bin\user.properties
2026-08-16 22:07:33,734 INFO o.a.j.JMeter: Loading system properties from: D:\Kiem_thu\tools\apache-jmeter-5.6.3\bin\system.properties
2026-08-16 22:07:33,734 INFO o.a.j.JMeter: Setting JMeter property: threads=60
2026-08-16 22:07:33,734 INFO o.a.j.JMeter: Setting JMeter property: rampup=5
2026-08-16 22:07:33,734 INFO o.a.j.JMeter: Setting JMeter property: duration=60
2026-08-16 22:07:33,734 INFO o.a.j.JMeter: Setting JMeter property: thinkmin=200
2026-08-16 22:07:33,734 INFO o.a.j.JMeter: Setting JMeter property: thinkrange=300
2026-08-16 22:07:33,739 INFO o.a.j.JMeter: Copyright (c) 1998-2024 The Apache Software Foundation
2026-08-16 22:07:33,739 INFO o.a.j.JMeter: Version 5.6.3
2026-08-16 22:07:33,739 INFO o.a.j.JMeter: java.version=17.0.17
2026-08-16 22:07:33,739 INFO o.a.j.JMeter: java.vm.name=OpenJDK 64-Bit Server VM
2026-08-16 22:07:33,739 INFO o.a.j.JMeter: os.name=Windows 11
2026-08-16 22:07:33,739 INFO o.a.j.JMeter: os.arch=amd64
2026-08-16 22:07:33,739 INFO o.a.j.JMeter: os.version=10.0
2026-08-16 22:07:33,739 INFO o.a.j.JMeter: file.encoding=Cp1252
2026-08-16 22:07:33,739 INFO o.a.j.JMeter: java.awt.headless=true
2026-08-16 22:07:33,740 INFO o.a.j.JMeter: Max memory     =2147483648
2026-08-16 22:07:33,740 INFO o.a.j.JMeter: Available Processors =20
2026-08-16 22:07:33,746 INFO o.a.j.JMeter: Default Locale=English (EN)
2026-08-16 22:07:33,746 INFO o.a.j.JMeter: JMeter  Locale=English (EN)
2026-08-16 22:07:33,746 INFO o.a.j.JMeter: JMeterHome=D:\Kiem_thu\tools\apache-jmeter-5.6.3
2026-08-16 22:07:33,746 INFO o.a.j.JMeter: user.dir  =D:\Kiem_thu\HW5
2026-08-16 22:07:33,747 INFO o.a.j.JMeter: PWD       =D:\Kiem_thu\HW5
2026-08-16 22:07:33,750 INFO o.a.j.JMeter: IP: 192.168.1.8 Name: DESKTOP-96ARBFL FullName: 192.168.1.8
2026-08-16 22:07:33,759 INFO o.a.j.s.FileServer: Default base='D:\Kiem_thu\HW5'
2026-08-16 22:07:33,759 INFO o.a.j.s.FileServer: Set new base='D:\Kiem_thu\HW5\testplans'
2026-08-16 22:07:33,905 INFO o.a.j.s.SaveService: Testplan (JMX) version: 2.2. Testlog (JTL) version: 2.2
2026-08-16 22:07:33,921 INFO o.a.j.s.SaveService: Using SaveService properties version 5.0
2026-08-16 22:07:33,923 INFO o.a.j.s.SaveService: Using SaveService properties file encoding UTF-8
2026-08-16 22:07:33,925 INFO o.a.j.s.SaveService: Loading file: D:\Kiem_thu\HW5\testplans\23127195_Load_20260816.jmx
2026-08-16 22:07:33,962 INFO o.a.j.p.h.s.HTTPSamplerBase: Parser for text/html is org.apache.jmeter.protocol.http.parser.LagartoBasedHtmlParser
2026-08-16 22:07:33,962 INFO o.a.j.p.h.s.HTTPSamplerBase: Parser for application/xhtml+xml is org.apache.jmeter.protocol.http.parser.LagartoBasedHtmlParser
2026-08-16 22:07:33,962 INFO o.a.j.p.h.s.HTTPSamplerBase: Parser for application/xml is org.apache.jmeter.protocol.http.parser.LagartoBasedHtmlParser
2026-08-16 22:07:33,962 INFO o.a.j.p.h.s.HTTPSamplerBase: Parser for text/xml is org.apache.jmeter.protocol.http.parser.LagartoBasedHtmlParser
2026-08-16 22:07:33,962 INFO o.a.j.p.h.s.HTTPSamplerBase: Parser for text/vnd.wap.wml is org.apache.jmeter.protocol.http.parser.RegexpHTMLParser
2026-08-16 22:07:33,962 INFO o.a.j.p.h.s.HTTPSamplerBase: Parser for text/css is org.apache.jmeter.protocol.http.parser.CssParser
2026-08-16 22:07:34,004 INFO o.a.j.JMeter: Creating summariser <summary>
2026-08-16 22:07:34,014 INFO o.a.j.e.StandardJMeterEngine: Running the test!
2026-08-16 22:07:34,014 INFO o.a.j.s.SampleEvent: List of sample_variables: []
2026-08-16 22:07:34,014 INFO o.a.j.s.SampleEvent: List of sample_variables: []
2026-08-16 22:07:34,017 INFO o.a.j.e.u.CompoundVariable: Note: Function class names must contain the string: '.functions.'
2026-08-16 22:07:34,017 INFO o.a.j.e.u.CompoundVariable: Note: Function class names must not contain the string: '.gui.'
2026-08-16 22:07:34,174 INFO o.a.j.JMeter: Running test (1786892854174)
2026-08-16 22:07:34,190 INFO o.a.j.e.StandardJMeterEngine: Starting ThreadGroup: 1 : TG - LOAD - 60 VU
2026-08-16 22:07:34,190 INFO o.a.j.e.StandardJMeterEngine: Starting 60 threads for group TG - LOAD - 60 VU.
2026-08-16 22:07:34,190 INFO o.a.j.e.StandardJMeterEngine: Thread will continue on error
2026-08-16 22:07:34,190 INFO o.a.j.t.ThreadGroup: Starting thread group... number=1 threads=60 ramp-up=5 delayedStart=false
2026-08-16 22:07:34,199 INFO o.a.j.s.SampleResult: Note: Sample TimeStamps are START times
2026-08-16 22:07:34,199 INFO o.a.j.s.SampleResult: sampleresult.default.encoding is set to UTF-8
2026-08-16 22:07:34,199 INFO o.a.j.s.SampleResult: sampleresult.useNanoTime=true
2026-08-16 22:07:34,199 INFO o.a.j.s.SampleResult: sampleresult.nanoThreadSleep=5000
2026-08-16 22:07:34,213 INFO o.a.j.t.JMeterThread: Thread started: TG - LOAD - 60 VU 1-1
2026-08-16 22:07:34,216 INFO o.a.j.s.FileServer: Stored: D:/Kiem_thu/HW5/data/checkout_data.csv
2026-08-16 22:07:34,241 INFO o.a.j.t.ThreadGroup: Started thread group number 1
2026-08-16 22:07:34,241 INFO o.a.j.e.StandardJMeterEngine: All thread groups have been started
2026-08-16 22:07:34,259 INFO o.a.j.s.FileServer: Stored: D:/Kiem_thu/HW5/data/search_terms.csv
2026-08-16 22:07:34,259 INFO o.a.j.s.FileServer: Stored: D:/Kiem_thu/HW5/data/users.csv
2026-08-16 22:07:34,280 INFO o.a.j.p.h.s.HTTPHCAbstractImpl: Local host = DESKTOP-96ARBFL
2026-08-16 22:07:34,286 INFO o.a.j.p.h.s.HTTPHC4Impl: HTTP request retry count = 0
2026-08-16 22:07:34,287 INFO o.a.j.t.JMeterThread: Thread started: TG - LOAD - 60 VU 1-2
2026-08-16 22:07:34,370 INFO o.a.j.t.JMeterThread: Thread started: TG - LOAD - 60 VU 1-3
2026-08-16 22:07:34,455 INFO o.a.j.t.JMeterThread: Thread started: TG - LOAD - 60 VU 1-4
2026-08-16 22:07:34,534 INFO o.a.j.t.JMeterThread: Thread started: TG - LOAD - 60 VU 1-5
2026-08-16 22:07:34,615 INFO o.a.j.t.JMeterThread: Thread started: TG - LOAD - 60 VU 1-6
2026-08-16 22:07:34,696 INFO o.a.j.t.JMeterThread: Thread started: TG - LOAD - 60 VU 1-7
2026-08-16 22:07:34,778 INFO o.a.j.t.JMeterThread: Thread started: TG - LOAD - 60 VU 1-8
2026-08-16 22:07:34,861 INFO o.a.j.t.JMeterThread: Thread started: TG - LOAD - 60 VU 1-9
2026-08-16 22:07:34,946 INFO o.a.j.t.JMeterThread: Thread started: TG - LOAD - 60 VU 1-10
2026-08-16 22:07:35,027 INFO o.a.j.t.JMeterThread: Thread started: TG - LOAD - 60 VU 1-11
2026-08-16 22:07:35,108 INFO o.a.j.t.JMeterThread: Thread started: TG - LOAD - 60 VU 1-12
2026-08-16 22:07:35,134 INFO o.a.j.r.Summariser: summary +      1 in 00:00:01 =    1.0/s Avg:     3 Min:     3 Max:     3 Err:     0 (0.00%) Active: 12 Started: 12 Finished: 0
2026-08-16 22:07:35,193 INFO o.a.j.t.JMeterThread: Thread started: TG - LOAD - 60 VU 1-13
2026-08-16 22:07:35,277 INFO o.a.j.t.JMeterThread: Thread started: TG - LOAD - 60 VU 1-14
2026-08-16 22:07:35,354 INFO o.a.j.t.JMeterThread: Thread started: TG - LOAD - 60 VU 1-15
2026-08-16 22:07:35,436 INFO o.a.j.t.JMeterThread: Thread started: TG - LOAD - 60 VU 1-16
2026-08-16 22:07:35,520 INFO o.a.j.t.JMeterThread: Thread started: TG - LOAD - 60 VU 1-17
2026-08-16 22:07:35,602 INFO o.a.j.t.JMeterThread: Thread started: TG - LOAD - 60 VU 1-18
2026-08-16 22:07:35,687 INFO o.a.j.t.JMeterThread: Thread started: TG - LOAD - 60 VU 1-19
2026-08-16 22:07:35,769 INFO o.a.j.t.JMeterThread: Thread started: TG - LOAD - 60 VU 1-20
2026-08-16 22:07:35,853 INFO o.a.j.t.JMeterThread: Thread started: TG - LOAD - 60 VU 1-21
2026-08-16 22:07:35,934 INFO o.a.j.t.JMeterThread: Thread started: TG - LOAD - 60 VU 1-22
2026-08-16 22:07:36,017 INFO o.a.j.t.JMeterThread: Thread started: TG - LOAD - 60 VU 1-23
2026-08-16 22:07:36,100 INFO o.a.j.t.JMeterThread: Thread started: TG - LOAD - 60 VU 1-24
2026-08-16 22:07:36,184 INFO o.a.j.t.JMeterThread: Thread started: TG - LOAD - 60 VU 1-25
2026-08-16 22:07:36,267 INFO o.a.j.t.JMeterThread: Thread started: TG - LOAD - 60 VU 1-26
2026-08-16 22:07:36,349 INFO o.a.j.t.JMeterThread: Thread started: TG - LOAD - 60 VU 1-27
2026-08-16 22:07:36,433 INFO o.a.j.t.JMeterThread: Thread started: TG - LOAD - 60 VU 1-28
2026-08-16 22:07:36,516 INFO o.a.j.t.JMeterThread: Thread started: TG - LOAD - 60 VU 1-29
2026-08-16 22:07:36,605 INFO o.a.j.t.JMeterThread: Thread started: TG - LOAD - 60 VU 1-30
2026-08-16 22:07:36,682 INFO o.a.j.t.JMeterThread: Thread started: TG - LOAD - 60 VU 1-31
2026-08-16 22:07:36,765 INFO o.a.j.t.JMeterThread: Thread started: TG - LOAD - 60 VU 1-32
2026-08-16 22:07:36,848 INFO o.a.j.t.JMeterThread: Thread started: TG - LOAD - 60 VU 1-33
2026-08-16 22:07:36,931 INFO o.a.j.t.JMeterThread: Thread started: TG - LOAD - 60 VU 1-34
2026-08-16 22:07:37,014 INFO o.a.j.t.JMeterThread: Thread started: TG - LOAD - 60 VU 1-35
2026-08-16 22:07:37,097 INFO o.a.j.t.JMeterThread: Thread started: TG - LOAD - 60 VU 1-36
2026-08-16 22:07:37,180 INFO o.a.j.t.JMeterThread: Thread started: TG - LOAD - 60 VU 1-37
2026-08-16 22:07:37,262 INFO o.a.j.t.JMeterThread: Thread started: TG - LOAD - 60 VU 1-38
2026-08-16 22:07:37,347 INFO o.a.j.t.JMeterThread: Thread started: TG - LOAD - 60 VU 1-39
2026-08-16 22:07:37,429 INFO o.a.j.t.JMeterThread: Thread started: TG - LOAD - 60 VU 1-40
2026-08-16 22:07:37,512 INFO o.a.j.t.JMeterThread: Thread started: TG - LOAD - 60 VU 1-41
2026-08-16 22:07:37,595 INFO o.a.j.t.JMeterThread: Thread started: TG - LOAD - 60 VU 1-42
2026-08-16 22:07:37,678 INFO o.a.j.t.JMeterThread: Thread started: TG - LOAD - 60 VU 1-43
2026-08-16 22:07:37,761 INFO o.a.j.t.JMeterThread: Thread started: TG - LOAD - 60 VU 1-44
2026-08-16 22:07:37,844 INFO o.a.j.t.JMeterThread: Thread started: TG - LOAD - 60 VU 1-45
2026-08-16 22:07:37,927 INFO o.a.j.t.JMeterThread: Thread started: TG - LOAD - 60 VU 1-46
2026-08-16 22:07:38,010 INFO o.a.j.t.JMeterThread: Thread started: TG - LOAD - 60 VU 1-47
2026-08-16 22:07:38,093 INFO o.a.j.t.JMeterThread: Thread started: TG - LOAD - 60 VU 1-48
2026-08-16 22:07:38,179 INFO o.a.j.t.JMeterThread: Thread started: TG - LOAD - 60 VU 1-49
2026-08-16 22:07:38,259 INFO o.a.j.t.JMeterThread: Thread started: TG - LOAD - 60 VU 1-50
2026-08-16 22:07:38,342 INFO o.a.j.t.JMeterThread: Thread started: TG - LOAD - 60 VU 1-51
2026-08-16 22:07:38,425 INFO o.a.j.t.JMeterThread: Thread started: TG - LOAD - 60 VU 1-52
2026-08-16 22:07:38,508 INFO o.a.j.t.JMeterThread: Thread started: TG - LOAD - 60 VU 1-53
2026-08-16 22:07:38,590 INFO o.a.j.t.JMeterThread: Thread started: TG - LOAD - 60 VU 1-54
2026-08-16 22:07:38,673 INFO o.a.j.t.JMeterThread: Thread started: TG - LOAD - 60 VU 1-55
2026-08-16 22:07:38,757 INFO o.a.j.t.JMeterThread: Thread started: TG - LOAD - 60 VU 1-56
2026-08-16 22:07:38,839 INFO o.a.j.t.JMeterThread: Thread started: TG - LOAD - 60 VU 1-57
2026-08-16 22:07:38,923 INFO o.a.j.t.JMeterThread: Thread started: TG - LOAD - 60 VU 1-58
2026-08-16 22:07:39,005 INFO o.a.j.t.JMeterThread: Thread started: TG - LOAD - 60 VU 1-59
2026-08-16 22:07:39,088 INFO o.a.j.t.JMeterThread: Thread started: TG - LOAD - 60 VU 1-60
2026-08-16 22:08:00,002 INFO o.a.j.r.Summariser: summary +   9070 in 00:00:25 =  364.7/s Avg:     2 Min:     0 Max:    26 Err:     0 (0.00%) Active: 60 Started: 60 Finished: 0
2026-08-16 22:08:00,002 INFO o.a.j.r.Summariser: summary =   9071 in 00:00:26 =  351.2/s Avg:     2 Min:     0 Max:    26 Err:     0 (0.00%)
2026-08-16 22:08:30,016 INFO o.a.j.r.Summariser: summary +  11856 in 00:00:30 =  395.0/s Avg:     2 Min:     0 Max:    26 Err:     0 (0.00%) Active: 60 Started: 60 Finished: 0
2026-08-16 22:08:30,016 INFO o.a.j.r.Summariser: summary =  20927 in 00:00:56 =  374.8/s Avg:     2 Min:     0 Max:    26 Err:     0 (0.00%)
2026-08-16 22:08:33,744 INFO o.a.j.t.JMeterThread: Thread finished: TG - LOAD - 60 VU 1-27
2026-08-16 22:08:33,780 INFO o.a.j.t.JMeterThread: Thread finished: TG - LOAD - 60 VU 1-40
2026-08-16 22:08:33,790 INFO o.a.j.t.JMeterThread: Thread finished: TG - LOAD - 60 VU 1-32
2026-08-16 22:08:33,828 INFO o.a.j.t.JMeterThread: Thread finished: TG - LOAD - 60 VU 1-2
2026-08-16 22:08:33,856 INFO o.a.j.t.JMeterThread: Thread finished: TG - LOAD - 60 VU 1-12
2026-08-16 22:08:33,865 INFO o.a.j.t.JMeterThread: Thread finished: TG - LOAD - 60 VU 1-13
2026-08-16 22:08:33,871 INFO o.a.j.t.JMeterThread: Thread finished: TG - LOAD - 60 VU 1-54
2026-08-16 22:08:33,872 INFO o.a.j.t.JMeterThread: Thread finished: TG - LOAD - 60 VU 1-1
2026-08-16 22:08:33,879 INFO o.a.j.t.JMeterThread: Thread finished: TG - LOAD - 60 VU 1-58
2026-08-16 22:08:33,903 INFO o.a.j.t.JMeterThread: Thread finished: TG - LOAD - 60 VU 1-10
2026-08-16 22:08:33,906 INFO o.a.j.t.JMeterThread: Thread finished: TG - LOAD - 60 VU 1-28
2026-08-16 22:08:33,910 INFO o.a.j.t.JMeterThread: Thread finished: TG - LOAD - 60 VU 1-4
2026-08-16 22:08:33,924 INFO o.a.j.t.JMeterThread: Thread finished: TG - LOAD - 60 VU 1-30
2026-08-16 22:08:33,934 INFO o.a.j.t.JMeterThread: Thread finished: TG - LOAD - 60 VU 1-18
2026-08-16 22:08:33,945 INFO o.a.j.t.JMeterThread: Thread finished: TG - LOAD - 60 VU 1-49
2026-08-16 22:08:33,947 INFO o.a.j.t.JMeterThread: Thread finished: TG - LOAD - 60 VU 1-24
2026-08-16 22:08:33,952 INFO o.a.j.t.JMeterThread: Thread finished: TG - LOAD - 60 VU 1-31
2026-08-16 22:08:33,953 INFO o.a.j.t.JMeterThread: Thread finished: TG - LOAD - 60 VU 1-25
2026-08-16 22:08:33,958 INFO o.a.j.t.JMeterThread: Thread finished: TG - LOAD - 60 VU 1-42
2026-08-16 22:08:33,965 INFO o.a.j.t.JMeterThread: Thread finished: TG - LOAD - 60 VU 1-15
2026-08-16 22:08:33,966 INFO o.a.j.t.JMeterThread: Thread finished: TG - LOAD - 60 VU 1-26
2026-08-16 22:08:33,966 INFO o.a.j.t.JMeterThread: Thread finished: TG - LOAD - 60 VU 1-3
2026-08-16 22:08:33,968 INFO o.a.j.t.JMeterThread: Thread finished: TG - LOAD - 60 VU 1-9
2026-08-16 22:08:34,001 INFO o.a.j.t.JMeterThread: Thread finished: TG - LOAD - 60 VU 1-36
2026-08-16 22:08:34,002 INFO o.a.j.t.JMeterThread: Thread finished: TG - LOAD - 60 VU 1-16
2026-08-16 22:08:34,003 INFO o.a.j.t.JMeterThread: Thread finished: TG - LOAD - 60 VU 1-38
2026-08-16 22:08:34,003 INFO o.a.j.t.JMeterThread: Thread finished: TG - LOAD - 60 VU 1-6
2026-08-16 22:08:34,009 INFO o.a.j.t.JMeterThread: Thread finished: TG - LOAD - 60 VU 1-20
2026-08-16 22:08:34,027 INFO o.a.j.t.JMeterThread: Thread finished: TG - LOAD - 60 VU 1-55
2026-08-16 22:08:34,027 INFO o.a.j.t.JMeterThread: Thread finished: TG - LOAD - 60 VU 1-57
2026-08-16 22:08:34,028 INFO o.a.j.t.JMeterThread: Thread finished: TG - LOAD - 60 VU 1-11
2026-08-16 22:08:34,041 INFO o.a.j.t.JMeterThread: Thread finished: TG - LOAD - 60 VU 1-7
2026-08-16 22:08:34,042 INFO o.a.j.t.JMeterThread: Thread finished: TG - LOAD - 60 VU 1-21
2026-08-16 22:08:34,054 INFO o.a.j.t.JMeterThread: Thread finished: TG - LOAD - 60 VU 1-22
2026-08-16 22:08:34,058 INFO o.a.j.t.JMeterThread: Thread finished: TG - LOAD - 60 VU 1-17
2026-08-16 22:08:34,065 INFO o.a.j.t.JMeterThread: Thread finished: TG - LOAD - 60 VU 1-59
2026-08-16 22:08:34,072 INFO o.a.j.t.JMeterThread: Thread finished: TG - LOAD - 60 VU 1-23
2026-08-16 22:08:34,087 INFO o.a.j.t.JMeterThread: Thread finished: TG - LOAD - 60 VU 1-5
2026-08-16 22:08:34,091 INFO o.a.j.t.JMeterThread: Thread finished: TG - LOAD - 60 VU 1-50
2026-08-16 22:08:34,102 INFO o.a.j.t.JMeterThread: Thread finished: TG - LOAD - 60 VU 1-39
2026-08-16 22:08:34,102 INFO o.a.j.t.JMeterThread: Thread finished: TG - LOAD - 60 VU 1-41
2026-08-16 22:08:34,109 INFO o.a.j.t.JMeterThread: Thread finished: TG - LOAD - 60 VU 1-29
2026-08-16 22:08:34,155 INFO o.a.j.t.JMeterThread: Thread finished: TG - LOAD - 60 VU 1-51
2026-08-16 22:08:34,157 INFO o.a.j.t.JMeterThread: Thread finished: TG - LOAD - 60 VU 1-45
2026-08-16 22:08:34,166 INFO o.a.j.t.JMeterThread: Thread finished: TG - LOAD - 60 VU 1-46
2026-08-16 22:08:34,167 INFO o.a.j.t.JMeterThread: Thread finished: TG - LOAD - 60 VU 1-60
2026-08-16 22:08:34,168 INFO o.a.j.t.JMeterThread: Thread finished: TG - LOAD - 60 VU 1-35
2026-08-16 22:08:34,168 INFO o.a.j.t.JMeterThread: Thread finished: TG - LOAD - 60 VU 1-34
2026-08-16 22:08:34,174 INFO o.a.j.t.JMeterThread: Thread finished: TG - LOAD - 60 VU 1-56
2026-08-16 22:08:34,174 INFO o.a.j.t.JMeterThread: Thread finished: TG - LOAD - 60 VU 1-14
2026-08-16 22:08:34,175 INFO o.a.j.t.JMeterThread: Thread finished: TG - LOAD - 60 VU 1-33
2026-08-16 22:08:34,186 INFO o.a.j.t.JMeterThread: Thread finished: TG - LOAD - 60 VU 1-48
2026-08-16 22:08:34,188 INFO o.a.j.t.JMeterThread: Thread finished: TG - LOAD - 60 VU 1-47
2026-08-16 22:08:34,190 INFO o.a.j.t.JMeterThread: Thread finished: TG - LOAD - 60 VU 1-8
2026-08-16 22:08:34,206 INFO o.a.j.t.JMeterThread: Thread finished: TG - LOAD - 60 VU 1-19
2026-08-16 22:08:34,206 INFO o.a.j.t.JMeterThread: Thread finished: TG - LOAD - 60 VU 1-43
2026-08-16 22:08:34,207 INFO o.a.j.t.JMeterThread: Thread finished: TG - LOAD - 60 VU 1-52
2026-08-16 22:08:34,217 INFO o.a.j.t.JMeterThread: Thread finished: TG - LOAD - 60 VU 1-53
2026-08-16 22:08:34,222 INFO o.a.j.t.JMeterThread: Thread finished: TG - LOAD - 60 VU 1-44
2026-08-16 22:08:34,222 INFO o.a.j.t.JMeterThread: Thread finished: TG - LOAD - 60 VU 1-37
2026-08-16 22:08:34,222 INFO o.a.j.e.StandardJMeterEngine: Notifying test listeners of end of test
2026-08-16 22:08:34,222 INFO o.a.j.s.FileServer: Close: D:/Kiem_thu/HW5/data/checkout_data.csv
2026-08-16 22:08:34,222 INFO o.a.j.s.FileServer: Close: D:/Kiem_thu/HW5/data/search_terms.csv
2026-08-16 22:08:34,222 INFO o.a.j.s.FileServer: Close: D:/Kiem_thu/HW5/data/users.csv
2026-08-16 22:08:34,222 INFO o.a.j.r.Summariser: summary +   1653 in 00:00:04 =  393.0/s Avg:     2 Min:     0 Max:    18 Err:     0 (0.00%) Active: 0 Started: 60 Finished: 60
2026-08-16 22:08:34,222 INFO o.a.j.r.Summariser: summary =  22580 in 00:01:00 =  376.0/s Avg:     2 Min:     0 Max:    26 Err:     0 (0.00%)
