2026-08-17 20:06:07,157 INFO o.a.j.u.JMeterUtils: Setting Locale to en_EN
2026-08-17 20:06:07,175 INFO o.a.j.JMeter: Loading user properties from: D:\Kiem_thu\tools\apache-jmeter-5.6.3\bin\user.properties
2026-08-17 20:06:07,175 INFO o.a.j.JMeter: Loading system properties from: D:\Kiem_thu\tools\apache-jmeter-5.6.3\bin\system.properties
2026-08-17 20:06:07,176 INFO o.a.j.JMeter: Setting JMeter property: threads=60
2026-08-17 20:06:07,176 INFO o.a.j.JMeter: Setting JMeter property: rampup=5
2026-08-17 20:06:07,176 INFO o.a.j.JMeter: Setting JMeter property: duration=60
2026-08-17 20:06:07,176 INFO o.a.j.JMeter: Setting JMeter property: thinkmin=200
2026-08-17 20:06:07,176 INFO o.a.j.JMeter: Setting JMeter property: thinkrange=300
2026-08-17 20:06:07,182 INFO o.a.j.JMeter: Copyright (c) 1998-2024 The Apache Software Foundation
2026-08-17 20:06:07,183 INFO o.a.j.JMeter: Version 5.6.3
2026-08-17 20:06:07,183 INFO o.a.j.JMeter: java.version=17.0.17
2026-08-17 20:06:07,183 INFO o.a.j.JMeter: java.vm.name=OpenJDK 64-Bit Server VM
2026-08-17 20:06:07,183 INFO o.a.j.JMeter: os.name=Windows 11
2026-08-17 20:06:07,183 INFO o.a.j.JMeter: os.arch=amd64
2026-08-17 20:06:07,183 INFO o.a.j.JMeter: os.version=10.0
2026-08-17 20:06:07,183 INFO o.a.j.JMeter: file.encoding=Cp1252
2026-08-17 20:06:07,183 INFO o.a.j.JMeter: java.awt.headless=true
2026-08-17 20:06:07,183 INFO o.a.j.JMeter: Max memory     =2147483648
2026-08-17 20:06:07,183 INFO o.a.j.JMeter: Available Processors =20
2026-08-17 20:06:07,189 INFO o.a.j.JMeter: Default Locale=English (EN)
2026-08-17 20:06:07,189 INFO o.a.j.JMeter: JMeter  Locale=English (EN)
2026-08-17 20:06:07,189 INFO o.a.j.JMeter: JMeterHome=D:\Kiem_thu\tools\apache-jmeter-5.6.3
2026-08-17 20:06:07,190 INFO o.a.j.JMeter: user.dir  =D:\Kiem_thu\HW5
2026-08-17 20:06:07,190 INFO o.a.j.JMeter: PWD       =D:\Kiem_thu\HW5
2026-08-17 20:06:07,190 INFO o.a.j.JMeter: IP: 192.168.1.2 Name: DESKTOP-96ARBFL FullName: DESKTOP-96ARBFL
2026-08-17 20:06:07,204 INFO o.a.j.s.FileServer: Default base='D:\Kiem_thu\HW5'
2026-08-17 20:06:07,206 INFO o.a.j.s.FileServer: Set new base='D:\Kiem_thu\HW5\testplans'
2026-08-17 20:06:07,388 INFO o.a.j.s.SaveService: Testplan (JMX) version: 2.2. Testlog (JTL) version: 2.2
2026-08-17 20:06:07,409 INFO o.a.j.s.SaveService: Using SaveService properties version 5.0
2026-08-17 20:06:07,411 INFO o.a.j.s.SaveService: Using SaveService properties file encoding UTF-8
2026-08-17 20:06:07,414 INFO o.a.j.s.SaveService: Loading file: D:\Kiem_thu\HW5\testplans\23127195_Load_20260816.jmx
2026-08-17 20:06:07,462 INFO o.a.j.p.h.s.HTTPSamplerBase: Parser for text/html is org.apache.jmeter.protocol.http.parser.LagartoBasedHtmlParser
2026-08-17 20:06:07,462 INFO o.a.j.p.h.s.HTTPSamplerBase: Parser for application/xhtml+xml is org.apache.jmeter.protocol.http.parser.LagartoBasedHtmlParser
2026-08-17 20:06:07,462 INFO o.a.j.p.h.s.HTTPSamplerBase: Parser for application/xml is org.apache.jmeter.protocol.http.parser.LagartoBasedHtmlParser
2026-08-17 20:06:07,462 INFO o.a.j.p.h.s.HTTPSamplerBase: Parser for text/xml is org.apache.jmeter.protocol.http.parser.LagartoBasedHtmlParser
2026-08-17 20:06:07,462 INFO o.a.j.p.h.s.HTTPSamplerBase: Parser for text/vnd.wap.wml is org.apache.jmeter.protocol.http.parser.RegexpHTMLParser
2026-08-17 20:06:07,462 INFO o.a.j.p.h.s.HTTPSamplerBase: Parser for text/css is org.apache.jmeter.protocol.http.parser.CssParser
2026-08-17 20:06:07,508 INFO o.a.j.JMeter: Creating summariser <summary>
2026-08-17 20:06:07,516 INFO o.a.j.e.StandardJMeterEngine: Running the test!
2026-08-17 20:06:07,517 INFO o.a.j.s.SampleEvent: List of sample_variables: []
2026-08-17 20:06:07,517 INFO o.a.j.s.SampleEvent: List of sample_variables: []
2026-08-17 20:06:07,520 INFO o.a.j.e.u.CompoundVariable: Note: Function class names must contain the string: '.functions.'
2026-08-17 20:06:07,520 INFO o.a.j.e.u.CompoundVariable: Note: Function class names must not contain the string: '.gui.'
2026-08-17 20:06:07,700 INFO o.a.j.JMeter: Running test (1786971967700)
2026-08-17 20:06:07,711 INFO o.a.j.e.StandardJMeterEngine: Starting ThreadGroup: 1 : TG - LOAD - 60 VU
2026-08-17 20:06:07,711 INFO o.a.j.e.StandardJMeterEngine: Starting 60 threads for group TG - LOAD - 60 VU.
2026-08-17 20:06:07,711 INFO o.a.j.e.StandardJMeterEngine: Thread will continue on error
2026-08-17 20:06:07,712 INFO o.a.j.t.ThreadGroup: Starting thread group... number=1 threads=60 ramp-up=5 delayedStart=false
2026-08-17 20:06:07,718 INFO o.a.j.s.SampleResult: Note: Sample TimeStamps are START times
2026-08-17 20:06:07,718 INFO o.a.j.s.SampleResult: sampleresult.default.encoding is set to UTF-8
2026-08-17 20:06:07,718 INFO o.a.j.s.SampleResult: sampleresult.useNanoTime=true
2026-08-17 20:06:07,719 INFO o.a.j.s.SampleResult: sampleresult.nanoThreadSleep=5000
2026-08-17 20:06:07,732 INFO o.a.j.t.JMeterThread: Thread started: TG - LOAD - 60 VU 1-1
2026-08-17 20:06:07,736 INFO o.a.j.s.FileServer: Stored: D:/Kiem_thu/HW5/data/checkout_data.csv
2026-08-17 20:06:07,756 INFO o.a.j.t.ThreadGroup: Started thread group number 1
2026-08-17 20:06:07,756 INFO o.a.j.e.StandardJMeterEngine: All thread groups have been started
2026-08-17 20:06:07,787 INFO o.a.j.s.FileServer: Stored: D:/Kiem_thu/HW5/data/search_terms.csv
2026-08-17 20:06:07,787 INFO o.a.j.s.FileServer: Stored: D:/Kiem_thu/HW5/data/users.csv
2026-08-17 20:06:07,803 INFO o.a.j.p.h.s.HTTPHCAbstractImpl: Local host = DESKTOP-96ARBFL
2026-08-17 20:06:07,814 INFO o.a.j.t.JMeterThread: Thread started: TG - LOAD - 60 VU 1-2
2026-08-17 20:06:07,814 INFO o.a.j.p.h.s.HTTPHC4Impl: HTTP request retry count = 0
2026-08-17 20:06:07,895 INFO o.a.j.t.JMeterThread: Thread started: TG - LOAD - 60 VU 1-3
2026-08-17 20:06:07,978 INFO o.a.j.t.JMeterThread: Thread started: TG - LOAD - 60 VU 1-4
2026-08-17 20:06:08,057 INFO o.a.j.t.JMeterThread: Thread started: TG - LOAD - 60 VU 1-5
2026-08-17 20:06:08,141 INFO o.a.j.t.JMeterThread: Thread started: TG - LOAD - 60 VU 1-6
2026-08-17 20:06:08,225 INFO o.a.j.t.JMeterThread: Thread started: TG - LOAD - 60 VU 1-7
2026-08-17 20:06:08,306 INFO o.a.j.t.JMeterThread: Thread started: TG - LOAD - 60 VU 1-8
2026-08-17 20:06:08,388 INFO o.a.j.t.JMeterThread: Thread started: TG - LOAD - 60 VU 1-9
2026-08-17 20:06:08,472 INFO o.a.j.t.JMeterThread: Thread started: TG - LOAD - 60 VU 1-10
2026-08-17 20:06:08,552 INFO o.a.j.t.JMeterThread: Thread started: TG - LOAD - 60 VU 1-11
2026-08-17 20:06:08,636 INFO o.a.j.t.JMeterThread: Thread started: TG - LOAD - 60 VU 1-12
2026-08-17 20:06:08,715 INFO o.a.j.t.JMeterThread: Thread started: TG - LOAD - 60 VU 1-13
2026-08-17 20:06:08,796 INFO o.a.j.t.JMeterThread: Thread started: TG - LOAD - 60 VU 1-14
2026-08-17 20:06:08,875 INFO o.a.j.t.JMeterThread: Thread started: TG - LOAD - 60 VU 1-15
2026-08-17 20:06:08,960 INFO o.a.j.t.JMeterThread: Thread started: TG - LOAD - 60 VU 1-16
2026-08-17 20:06:09,042 INFO o.a.j.t.JMeterThread: Thread started: TG - LOAD - 60 VU 1-17
2026-08-17 20:06:09,125 INFO o.a.j.t.JMeterThread: Thread started: TG - LOAD - 60 VU 1-18
2026-08-17 20:06:09,208 INFO o.a.j.t.JMeterThread: Thread started: TG - LOAD - 60 VU 1-19
2026-08-17 20:06:09,292 INFO o.a.j.t.JMeterThread: Thread started: TG - LOAD - 60 VU 1-20
2026-08-17 20:06:09,374 INFO o.a.j.t.JMeterThread: Thread started: TG - LOAD - 60 VU 1-21
2026-08-17 20:06:09,457 INFO o.a.j.t.JMeterThread: Thread started: TG - LOAD - 60 VU 1-22
2026-08-17 20:06:09,540 INFO o.a.j.t.JMeterThread: Thread started: TG - LOAD - 60 VU 1-23
2026-08-17 20:06:09,622 INFO o.a.j.t.JMeterThread: Thread started: TG - LOAD - 60 VU 1-24
2026-08-17 20:06:09,706 INFO o.a.j.t.JMeterThread: Thread started: TG - LOAD - 60 VU 1-25
2026-08-17 20:06:09,788 INFO o.a.j.t.JMeterThread: Thread started: TG - LOAD - 60 VU 1-26
2026-08-17 20:06:09,871 INFO o.a.j.t.JMeterThread: Thread started: TG - LOAD - 60 VU 1-27
2026-08-17 20:06:09,956 INFO o.a.j.t.JMeterThread: Thread started: TG - LOAD - 60 VU 1-28
2026-08-17 20:06:10,038 INFO o.a.j.t.JMeterThread: Thread started: TG - LOAD - 60 VU 1-29
2026-08-17 20:06:10,120 INFO o.a.j.t.JMeterThread: Thread started: TG - LOAD - 60 VU 1-30
2026-08-17 20:06:10,202 INFO o.a.j.t.JMeterThread: Thread started: TG - LOAD - 60 VU 1-31
2026-08-17 20:06:10,286 INFO o.a.j.t.JMeterThread: Thread started: TG - LOAD - 60 VU 1-32
2026-08-17 20:06:10,369 INFO o.a.j.t.JMeterThread: Thread started: TG - LOAD - 60 VU 1-33
2026-08-17 20:06:10,452 INFO o.a.j.t.JMeterThread: Thread started: TG - LOAD - 60 VU 1-34
2026-08-17 20:06:10,535 INFO o.a.j.t.JMeterThread: Thread started: TG - LOAD - 60 VU 1-35
2026-08-17 20:06:10,618 INFO o.a.j.t.JMeterThread: Thread started: TG - LOAD - 60 VU 1-36
2026-08-17 20:06:10,702 INFO o.a.j.t.JMeterThread: Thread started: TG - LOAD - 60 VU 1-37
2026-08-17 20:06:10,785 INFO o.a.j.t.JMeterThread: Thread started: TG - LOAD - 60 VU 1-38
2026-08-17 20:06:10,868 INFO o.a.j.t.JMeterThread: Thread started: TG - LOAD - 60 VU 1-39
2026-08-17 20:06:10,950 INFO o.a.j.t.JMeterThread: Thread started: TG - LOAD - 60 VU 1-40
2026-08-17 20:06:11,032 INFO o.a.j.t.JMeterThread: Thread started: TG - LOAD - 60 VU 1-41
2026-08-17 20:06:11,117 INFO o.a.j.t.JMeterThread: Thread started: TG - LOAD - 60 VU 1-42
2026-08-17 20:06:11,200 INFO o.a.j.t.JMeterThread: Thread started: TG - LOAD - 60 VU 1-43
2026-08-17 20:06:11,281 INFO o.a.j.t.JMeterThread: Thread started: TG - LOAD - 60 VU 1-44
2026-08-17 20:06:11,365 INFO o.a.j.t.JMeterThread: Thread started: TG - LOAD - 60 VU 1-45
2026-08-17 20:06:11,453 INFO o.a.j.t.JMeterThread: Thread started: TG - LOAD - 60 VU 1-46
2026-08-17 20:06:11,530 INFO o.a.j.t.JMeterThread: Thread started: TG - LOAD - 60 VU 1-47
2026-08-17 20:06:11,616 INFO o.a.j.t.JMeterThread: Thread started: TG - LOAD - 60 VU 1-48
2026-08-17 20:06:11,699 INFO o.a.j.t.JMeterThread: Thread started: TG - LOAD - 60 VU 1-49
2026-08-17 20:06:11,780 INFO o.a.j.t.JMeterThread: Thread started: TG - LOAD - 60 VU 1-50
2026-08-17 20:06:11,863 INFO o.a.j.t.JMeterThread: Thread started: TG - LOAD - 60 VU 1-51
2026-08-17 20:06:11,946 INFO o.a.j.t.JMeterThread: Thread started: TG - LOAD - 60 VU 1-52
2026-08-17 20:06:12,030 INFO o.a.j.t.JMeterThread: Thread started: TG - LOAD - 60 VU 1-53
2026-08-17 20:06:12,113 INFO o.a.j.t.JMeterThread: Thread started: TG - LOAD - 60 VU 1-54
2026-08-17 20:06:12,195 INFO o.a.j.t.JMeterThread: Thread started: TG - LOAD - 60 VU 1-55
2026-08-17 20:06:12,279 INFO o.a.j.t.JMeterThread: Thread started: TG - LOAD - 60 VU 1-56
2026-08-17 20:06:12,361 INFO o.a.j.t.JMeterThread: Thread started: TG - LOAD - 60 VU 1-57
2026-08-17 20:06:12,444 INFO o.a.j.t.JMeterThread: Thread started: TG - LOAD - 60 VU 1-58
2026-08-17 20:06:12,528 INFO o.a.j.t.JMeterThread: Thread started: TG - LOAD - 60 VU 1-59
2026-08-17 20:06:12,610 INFO o.a.j.t.JMeterThread: Thread started: TG - LOAD - 60 VU 1-60
2026-08-17 20:06:30,011 INFO o.a.j.r.Summariser: summary +   6565 in 00:00:22 =  294.3/s Avg:    27 Min:     0 Max:   182 Err:     0 (0.00%) Active: 60 Started: 60 Finished: 0
2026-08-17 20:07:00,012 INFO o.a.j.r.Summariser: summary +  10028 in 00:00:30 =  334.3/s Avg:    28 Min:     0 Max:   202 Err:     0 (0.00%) Active: 60 Started: 60 Finished: 0
2026-08-17 20:07:00,013 INFO o.a.j.r.Summariser: summary =  16593 in 00:00:52 =  317.2/s Avg:    28 Min:     0 Max:   202 Err:     0 (0.00%)
2026-08-17 20:07:07,303 INFO o.a.j.t.JMeterThread: Thread finished: TG - LOAD - 60 VU 1-10
2026-08-17 20:07:07,356 INFO o.a.j.t.JMeterThread: Thread finished: TG - LOAD - 60 VU 1-41
2026-08-17 20:07:07,374 INFO o.a.j.t.JMeterThread: Thread finished: TG - LOAD - 60 VU 1-43
2026-08-17 20:07:07,374 INFO o.a.j.t.JMeterThread: Thread finished: TG - LOAD - 60 VU 1-15
2026-08-17 20:07:07,376 INFO o.a.j.t.JMeterThread: Thread finished: TG - LOAD - 60 VU 1-11
2026-08-17 20:07:07,376 INFO o.a.j.t.JMeterThread: Thread finished: TG - LOAD - 60 VU 1-14
2026-08-17 20:07:07,408 INFO o.a.j.t.JMeterThread: Thread finished: TG - LOAD - 60 VU 1-53
2026-08-17 20:07:07,415 INFO o.a.j.t.JMeterThread: Thread finished: TG - LOAD - 60 VU 1-30
2026-08-17 20:07:07,416 INFO o.a.j.t.JMeterThread: Thread finished: TG - LOAD - 60 VU 1-45
2026-08-17 20:07:07,416 INFO o.a.j.t.JMeterThread: Thread finished: TG - LOAD - 60 VU 1-22
2026-08-17 20:07:07,428 INFO o.a.j.t.JMeterThread: Thread finished: TG - LOAD - 60 VU 1-6
2026-08-17 20:07:07,440 INFO o.a.j.t.JMeterThread: Thread finished: TG - LOAD - 60 VU 1-27
2026-08-17 20:07:07,442 INFO o.a.j.t.JMeterThread: Thread finished: TG - LOAD - 60 VU 1-8
2026-08-17 20:07:07,442 INFO o.a.j.t.JMeterThread: Thread finished: TG - LOAD - 60 VU 1-35
2026-08-17 20:07:07,458 INFO o.a.j.t.JMeterThread: Thread finished: TG - LOAD - 60 VU 1-12
2026-08-17 20:07:07,468 INFO o.a.j.t.JMeterThread: Thread finished: TG - LOAD - 60 VU 1-34
2026-08-17 20:07:07,468 INFO o.a.j.t.JMeterThread: Thread finished: TG - LOAD - 60 VU 1-46
2026-08-17 20:07:07,471 INFO o.a.j.t.JMeterThread: Thread finished: TG - LOAD - 60 VU 1-60
2026-08-17 20:07:07,479 INFO o.a.j.t.JMeterThread: Thread finished: TG - LOAD - 60 VU 1-7
2026-08-17 20:07:07,512 INFO o.a.j.t.JMeterThread: Thread finished: TG - LOAD - 60 VU 1-59
2026-08-17 20:07:07,516 INFO o.a.j.t.JMeterThread: Thread finished: TG - LOAD - 60 VU 1-50
2026-08-17 20:07:07,541 INFO o.a.j.t.JMeterThread: Thread finished: TG - LOAD - 60 VU 1-2
2026-08-17 20:07:07,545 INFO o.a.j.t.JMeterThread: Thread finished: TG - LOAD - 60 VU 1-13
2026-08-17 20:07:07,561 INFO o.a.j.t.JMeterThread: Thread finished: TG - LOAD - 60 VU 1-52
2026-08-17 20:07:07,567 INFO o.a.j.t.JMeterThread: Thread finished: TG - LOAD - 60 VU 1-39
2026-08-17 20:07:07,571 INFO o.a.j.t.JMeterThread: Thread finished: TG - LOAD - 60 VU 1-38
2026-08-17 20:07:07,578 INFO o.a.j.t.JMeterThread: Thread finished: TG - LOAD - 60 VU 1-32
2026-08-17 20:07:07,605 INFO o.a.j.t.JMeterThread: Thread finished: TG - LOAD - 60 VU 1-48
2026-08-17 20:07:07,606 INFO o.a.j.t.JMeterThread: Thread finished: TG - LOAD - 60 VU 1-47
2026-08-17 20:07:07,606 INFO o.a.j.t.JMeterThread: Thread finished: TG - LOAD - 60 VU 1-54
2026-08-17 20:07:07,607 INFO o.a.j.t.JMeterThread: Thread finished: TG - LOAD - 60 VU 1-4
2026-08-17 20:07:07,607 INFO o.a.j.t.JMeterThread: Thread finished: TG - LOAD - 60 VU 1-37
2026-08-17 20:07:07,623 INFO o.a.j.t.JMeterThread: Thread finished: TG - LOAD - 60 VU 1-33
2026-08-17 20:07:07,644 INFO o.a.j.t.JMeterThread: Thread finished: TG - LOAD - 60 VU 1-57
2026-08-17 20:07:07,653 INFO o.a.j.t.JMeterThread: Thread finished: TG - LOAD - 60 VU 1-21
2026-08-17 20:07:07,654 INFO o.a.j.t.JMeterThread: Thread finished: TG - LOAD - 60 VU 1-25
2026-08-17 20:07:07,654 INFO o.a.j.t.JMeterThread: Thread finished: TG - LOAD - 60 VU 1-55
2026-08-17 20:07:07,655 INFO o.a.j.t.JMeterThread: Thread finished: TG - LOAD - 60 VU 1-31
2026-08-17 20:07:07,673 INFO o.a.j.t.JMeterThread: Thread finished: TG - LOAD - 60 VU 1-36
2026-08-17 20:07:07,673 INFO o.a.j.t.JMeterThread: Thread finished: TG - LOAD - 60 VU 1-16
2026-08-17 20:07:07,674 INFO o.a.j.t.JMeterThread: Thread finished: TG - LOAD - 60 VU 1-23
2026-08-17 20:07:07,695 INFO o.a.j.t.JMeterThread: Thread finished: TG - LOAD - 60 VU 1-17
2026-08-17 20:07:07,705 INFO o.a.j.t.JMeterThread: Thread finished: TG - LOAD - 60 VU 1-20
2026-08-17 20:07:07,714 INFO o.a.j.t.JMeterThread: Thread finished: TG - LOAD - 60 VU 1-42
2026-08-17 20:07:07,726 INFO o.a.j.t.JMeterThread: Stopping because end time detected by thread: TG - LOAD - 60 VU 1-1
2026-08-17 20:07:07,726 INFO o.a.j.t.JMeterThread: Thread finished: TG - LOAD - 60 VU 1-1
2026-08-17 20:07:07,751 INFO o.a.j.t.JMeterThread: Stopping because end time detected by thread: TG - LOAD - 60 VU 1-24
2026-08-17 20:07:07,751 INFO o.a.j.t.JMeterThread: Thread finished: TG - LOAD - 60 VU 1-24
2026-08-17 20:07:07,753 INFO o.a.j.t.JMeterThread: Stopping because end time detected by thread: TG - LOAD - 60 VU 1-28
2026-08-17 20:07:07,753 INFO o.a.j.t.JMeterThread: Thread finished: TG - LOAD - 60 VU 1-28
2026-08-17 20:07:07,754 INFO o.a.j.t.JMeterThread: Stopping because end time detected by thread: TG - LOAD - 60 VU 1-19
2026-08-17 20:07:07,754 INFO o.a.j.t.JMeterThread: Thread finished: TG - LOAD - 60 VU 1-19
2026-08-17 20:07:07,755 INFO o.a.j.t.JMeterThread: Stopping because end time detected by thread: TG - LOAD - 60 VU 1-26
2026-08-17 20:07:07,755 INFO o.a.j.t.JMeterThread: Thread finished: TG - LOAD - 60 VU 1-26
2026-08-17 20:07:07,755 INFO o.a.j.t.JMeterThread: Stopping because end time detected by thread: TG - LOAD - 60 VU 1-3
2026-08-17 20:07:07,756 INFO o.a.j.t.JMeterThread: Thread finished: TG - LOAD - 60 VU 1-3
2026-08-17 20:07:07,756 INFO o.a.j.t.JMeterThread: Stopping because end time detected by thread: TG - LOAD - 60 VU 1-44
2026-08-17 20:07:07,756 INFO o.a.j.t.JMeterThread: Thread finished: TG - LOAD - 60 VU 1-44
2026-08-17 20:07:07,761 INFO o.a.j.t.JMeterThread: Stopping because end time detected by thread: TG - LOAD - 60 VU 1-5
2026-08-17 20:07:07,761 INFO o.a.j.t.JMeterThread: Thread finished: TG - LOAD - 60 VU 1-5
2026-08-17 20:07:07,762 INFO o.a.j.t.JMeterThread: Stopping because end time detected by thread: TG - LOAD - 60 VU 1-18
2026-08-17 20:07:07,762 INFO o.a.j.t.JMeterThread: Thread finished: TG - LOAD - 60 VU 1-18
2026-08-17 20:07:07,762 INFO o.a.j.t.JMeterThread: Stopping because end time detected by thread: TG - LOAD - 60 VU 1-29
2026-08-17 20:07:07,762 INFO o.a.j.t.JMeterThread: Thread finished: TG - LOAD - 60 VU 1-29
2026-08-17 20:07:07,762 INFO o.a.j.t.JMeterThread: Stopping because end time detected by thread: TG - LOAD - 60 VU 1-58
2026-08-17 20:07:07,762 INFO o.a.j.t.JMeterThread: Thread finished: TG - LOAD - 60 VU 1-58
2026-08-17 20:07:07,762 INFO o.a.j.t.JMeterThread: Stopping because end time detected by thread: TG - LOAD - 60 VU 1-51
2026-08-17 20:07:07,762 INFO o.a.j.t.JMeterThread: Thread finished: TG - LOAD - 60 VU 1-51
2026-08-17 20:07:07,762 INFO o.a.j.t.JMeterThread: Stopping because end time detected by thread: TG - LOAD - 60 VU 1-40
2026-08-17 20:07:07,762 INFO o.a.j.t.JMeterThread: Thread finished: TG - LOAD - 60 VU 1-40
2026-08-17 20:07:07,762 INFO o.a.j.t.JMeterThread: Stopping because end time detected by thread: TG - LOAD - 60 VU 1-9
2026-08-17 20:07:07,762 INFO o.a.j.t.JMeterThread: Thread finished: TG - LOAD - 60 VU 1-9
2026-08-17 20:07:07,762 INFO o.a.j.t.JMeterThread: Stopping because end time detected by thread: TG - LOAD - 60 VU 1-49
2026-08-17 20:07:07,762 INFO o.a.j.t.JMeterThread: Thread finished: TG - LOAD - 60 VU 1-49
2026-08-17 20:07:07,762 INFO o.a.j.t.JMeterThread: Stopping because end time detected by thread: TG - LOAD - 60 VU 1-56
2026-08-17 20:07:07,762 INFO o.a.j.t.JMeterThread: Thread finished: TG - LOAD - 60 VU 1-56
2026-08-17 20:07:07,762 INFO o.a.j.e.StandardJMeterEngine: Notifying test listeners of end of test
2026-08-17 20:07:07,762 INFO o.a.j.s.FileServer: Close: D:/Kiem_thu/HW5/data/checkout_data.csv
2026-08-17 20:07:07,762 INFO o.a.j.s.FileServer: Close: D:/Kiem_thu/HW5/data/search_terms.csv
2026-08-17 20:07:07,762 INFO o.a.j.s.FileServer: Close: D:/Kiem_thu/HW5/data/users.csv
2026-08-17 20:07:07,762 INFO o.a.j.r.Summariser: summary +   2635 in 00:00:08 =  340.0/s Avg:    26 Min:     0 Max:   185 Err:     0 (0.00%) Active: 0 Started: 60 Finished: 60
2026-08-17 20:07:07,778 INFO o.a.j.r.Summariser: summary =  19228 in 00:01:00 =  320.1/s Avg:    28 Min:     0 Max:   202 Err:     0 (0.00%)
