2026-08-17 20:13:52,369 INFO o.a.j.u.JMeterUtils: Setting Locale to en_EN
2026-08-17 20:13:52,402 INFO o.a.j.JMeter: Loading user properties from: D:\Kiem_thu\tools\apache-jmeter-5.6.3\bin\user.properties
2026-08-17 20:13:52,437 INFO o.a.j.JMeter: Loading system properties from: D:\Kiem_thu\tools\apache-jmeter-5.6.3\bin\system.properties
2026-08-17 20:13:52,438 INFO o.a.j.JMeter: Setting JMeter property: threads=60
2026-08-17 20:13:52,438 INFO o.a.j.JMeter: Setting JMeter property: rampup=5
2026-08-17 20:13:52,438 INFO o.a.j.JMeter: Setting JMeter property: duration=60
2026-08-17 20:13:52,438 INFO o.a.j.JMeter: Setting JMeter property: thinkmin=200
2026-08-17 20:13:52,438 INFO o.a.j.JMeter: Setting JMeter property: thinkrange=300
2026-08-17 20:13:52,444 INFO o.a.j.JMeter: Copyright (c) 1998-2024 The Apache Software Foundation
2026-08-17 20:13:52,444 INFO o.a.j.JMeter: Version 5.6.3
2026-08-17 20:13:52,444 INFO o.a.j.JMeter: java.version=17.0.17
2026-08-17 20:13:52,444 INFO o.a.j.JMeter: java.vm.name=OpenJDK 64-Bit Server VM
2026-08-17 20:13:52,444 INFO o.a.j.JMeter: os.name=Windows 11
2026-08-17 20:13:52,444 INFO o.a.j.JMeter: os.arch=amd64
2026-08-17 20:13:52,444 INFO o.a.j.JMeter: os.version=10.0
2026-08-17 20:13:52,444 INFO o.a.j.JMeter: file.encoding=Cp1252
2026-08-17 20:13:52,444 INFO o.a.j.JMeter: java.awt.headless=true
2026-08-17 20:13:52,444 INFO o.a.j.JMeter: Max memory     =2147483648
2026-08-17 20:13:52,444 INFO o.a.j.JMeter: Available Processors =20
2026-08-17 20:13:52,450 INFO o.a.j.JMeter: Default Locale=English (EN)
2026-08-17 20:13:52,450 INFO o.a.j.JMeter: JMeter  Locale=English (EN)
2026-08-17 20:13:52,450 INFO o.a.j.JMeter: JMeterHome=D:\Kiem_thu\tools\apache-jmeter-5.6.3
2026-08-17 20:13:52,450 INFO o.a.j.JMeter: user.dir  =D:\Kiem_thu\HW5
2026-08-17 20:13:52,450 INFO o.a.j.JMeter: PWD       =D:\Kiem_thu\HW5
2026-08-17 20:13:52,451 INFO o.a.j.JMeter: IP: 192.168.1.2 Name: DESKTOP-96ARBFL FullName: DESKTOP-96ARBFL
2026-08-17 20:13:52,458 INFO o.a.j.s.FileServer: Default base='D:\Kiem_thu\HW5'
2026-08-17 20:13:52,458 INFO o.a.j.s.FileServer: Set new base='D:\Kiem_thu\HW5\testplans'
2026-08-17 20:13:52,625 INFO o.a.j.s.SaveService: Testplan (JMX) version: 2.2. Testlog (JTL) version: 2.2
2026-08-17 20:13:52,656 INFO o.a.j.s.SaveService: Using SaveService properties version 5.0
2026-08-17 20:13:52,661 INFO o.a.j.s.SaveService: Using SaveService properties file encoding UTF-8
2026-08-17 20:13:52,664 INFO o.a.j.s.SaveService: Loading file: D:\Kiem_thu\HW5\testplans\23127195_Load_20260816.jmx
2026-08-17 20:13:52,766 INFO o.a.j.p.h.s.HTTPSamplerBase: Parser for text/html is org.apache.jmeter.protocol.http.parser.LagartoBasedHtmlParser
2026-08-17 20:13:52,766 INFO o.a.j.p.h.s.HTTPSamplerBase: Parser for application/xhtml+xml is org.apache.jmeter.protocol.http.parser.LagartoBasedHtmlParser
2026-08-17 20:13:52,766 INFO o.a.j.p.h.s.HTTPSamplerBase: Parser for application/xml is org.apache.jmeter.protocol.http.parser.LagartoBasedHtmlParser
2026-08-17 20:13:52,767 INFO o.a.j.p.h.s.HTTPSamplerBase: Parser for text/xml is org.apache.jmeter.protocol.http.parser.LagartoBasedHtmlParser
2026-08-17 20:13:52,767 INFO o.a.j.p.h.s.HTTPSamplerBase: Parser for text/vnd.wap.wml is org.apache.jmeter.protocol.http.parser.RegexpHTMLParser
2026-08-17 20:13:52,767 INFO o.a.j.p.h.s.HTTPSamplerBase: Parser for text/css is org.apache.jmeter.protocol.http.parser.CssParser
2026-08-17 20:13:52,803 INFO o.a.j.JMeter: Creating summariser <summary>
2026-08-17 20:13:52,811 INFO o.a.j.e.StandardJMeterEngine: Running the test!
2026-08-17 20:13:52,811 INFO o.a.j.s.SampleEvent: List of sample_variables: []
2026-08-17 20:13:52,811 INFO o.a.j.s.SampleEvent: List of sample_variables: []
2026-08-17 20:13:52,814 INFO o.a.j.e.u.CompoundVariable: Note: Function class names must contain the string: '.functions.'
2026-08-17 20:13:52,814 INFO o.a.j.e.u.CompoundVariable: Note: Function class names must not contain the string: '.gui.'
2026-08-17 20:13:52,981 INFO o.a.j.JMeter: Running test (1786972432981)
2026-08-17 20:13:52,992 INFO o.a.j.e.StandardJMeterEngine: Starting ThreadGroup: 1 : TG - LOAD - 60 VU
2026-08-17 20:13:52,993 INFO o.a.j.e.StandardJMeterEngine: Starting 60 threads for group TG - LOAD - 60 VU.
2026-08-17 20:13:52,993 INFO o.a.j.e.StandardJMeterEngine: Thread will continue on error
2026-08-17 20:13:52,993 INFO o.a.j.t.ThreadGroup: Starting thread group... number=1 threads=60 ramp-up=5 delayedStart=false
2026-08-17 20:13:52,997 INFO o.a.j.s.SampleResult: Note: Sample TimeStamps are START times
2026-08-17 20:13:52,999 INFO o.a.j.s.SampleResult: sampleresult.default.encoding is set to UTF-8
2026-08-17 20:13:52,999 INFO o.a.j.s.SampleResult: sampleresult.useNanoTime=true
2026-08-17 20:13:52,999 INFO o.a.j.s.SampleResult: sampleresult.nanoThreadSleep=5000
2026-08-17 20:13:53,010 INFO o.a.j.t.JMeterThread: Thread started: TG - LOAD - 60 VU 1-1
2026-08-17 20:13:53,014 INFO o.a.j.s.FileServer: Stored: D:/Kiem_thu/HW5/data/checkout_data.csv
2026-08-17 20:13:53,032 INFO o.a.j.t.ThreadGroup: Started thread group number 1
2026-08-17 20:13:53,033 INFO o.a.j.e.StandardJMeterEngine: All thread groups have been started
2026-08-17 20:13:53,083 INFO o.a.j.s.FileServer: Stored: D:/Kiem_thu/HW5/data/search_terms.csv
2026-08-17 20:13:53,094 INFO o.a.j.t.JMeterThread: Thread started: TG - LOAD - 60 VU 1-2
2026-08-17 20:13:53,105 INFO o.a.j.s.FileServer: Stored: D:/Kiem_thu/HW5/data/users.csv
2026-08-17 20:13:53,150 INFO o.a.j.p.h.s.HTTPHCAbstractImpl: Local host = DESKTOP-96ARBFL
2026-08-17 20:13:53,154 INFO o.a.j.p.h.s.HTTPHC4Impl: HTTP request retry count = 0
2026-08-17 20:13:53,175 INFO o.a.j.t.JMeterThread: Thread started: TG - LOAD - 60 VU 1-3
2026-08-17 20:13:53,257 INFO o.a.j.t.JMeterThread: Thread started: TG - LOAD - 60 VU 1-4
2026-08-17 20:13:53,337 INFO o.a.j.t.JMeterThread: Thread started: TG - LOAD - 60 VU 1-5
2026-08-17 20:13:53,420 INFO o.a.j.t.JMeterThread: Thread started: TG - LOAD - 60 VU 1-6
2026-08-17 20:13:53,502 INFO o.a.j.t.JMeterThread: Thread started: TG - LOAD - 60 VU 1-7
2026-08-17 20:13:53,585 INFO o.a.j.t.JMeterThread: Thread started: TG - LOAD - 60 VU 1-8
2026-08-17 20:13:53,668 INFO o.a.j.t.JMeterThread: Thread started: TG - LOAD - 60 VU 1-9
2026-08-17 20:13:53,752 INFO o.a.j.t.JMeterThread: Thread started: TG - LOAD - 60 VU 1-10
2026-08-17 20:13:53,832 INFO o.a.j.t.JMeterThread: Thread started: TG - LOAD - 60 VU 1-11
2026-08-17 20:13:53,913 INFO o.a.j.t.JMeterThread: Thread started: TG - LOAD - 60 VU 1-12
2026-08-17 20:13:53,996 INFO o.a.j.t.JMeterThread: Thread started: TG - LOAD - 60 VU 1-13
2026-08-17 20:13:54,077 INFO o.a.j.t.JMeterThread: Thread started: TG - LOAD - 60 VU 1-14
2026-08-17 20:13:54,158 INFO o.a.j.t.JMeterThread: Thread started: TG - LOAD - 60 VU 1-15
2026-08-17 20:13:54,240 INFO o.a.j.t.JMeterThread: Thread started: TG - LOAD - 60 VU 1-16
2026-08-17 20:13:54,322 INFO o.a.j.t.JMeterThread: Thread started: TG - LOAD - 60 VU 1-17
2026-08-17 20:13:54,406 INFO o.a.j.t.JMeterThread: Thread started: TG - LOAD - 60 VU 1-18
2026-08-17 20:13:54,488 INFO o.a.j.t.JMeterThread: Thread started: TG - LOAD - 60 VU 1-19
2026-08-17 20:13:54,571 INFO o.a.j.t.JMeterThread: Thread started: TG - LOAD - 60 VU 1-20
2026-08-17 20:13:54,654 INFO o.a.j.t.JMeterThread: Thread started: TG - LOAD - 60 VU 1-21
2026-08-17 20:13:54,737 INFO o.a.j.t.JMeterThread: Thread started: TG - LOAD - 60 VU 1-22
2026-08-17 20:13:54,820 INFO o.a.j.t.JMeterThread: Thread started: TG - LOAD - 60 VU 1-23
2026-08-17 20:13:54,903 INFO o.a.j.t.JMeterThread: Thread started: TG - LOAD - 60 VU 1-24
2026-08-17 20:13:54,987 INFO o.a.j.t.JMeterThread: Thread started: TG - LOAD - 60 VU 1-25
2026-08-17 20:13:55,069 INFO o.a.j.t.JMeterThread: Thread started: TG - LOAD - 60 VU 1-26
2026-08-17 20:13:55,154 INFO o.a.j.t.JMeterThread: Thread started: TG - LOAD - 60 VU 1-27
2026-08-17 20:13:55,235 INFO o.a.j.t.JMeterThread: Thread started: TG - LOAD - 60 VU 1-28
2026-08-17 20:13:55,319 INFO o.a.j.t.JMeterThread: Thread started: TG - LOAD - 60 VU 1-29
2026-08-17 20:13:55,402 INFO o.a.j.t.JMeterThread: Thread started: TG - LOAD - 60 VU 1-30
2026-08-17 20:13:55,484 INFO o.a.j.t.JMeterThread: Thread started: TG - LOAD - 60 VU 1-31
2026-08-17 20:13:55,567 INFO o.a.j.t.JMeterThread: Thread started: TG - LOAD - 60 VU 1-32
2026-08-17 20:13:55,653 INFO o.a.j.t.JMeterThread: Thread started: TG - LOAD - 60 VU 1-33
2026-08-17 20:13:55,733 INFO o.a.j.t.JMeterThread: Thread started: TG - LOAD - 60 VU 1-34
2026-08-17 20:13:55,816 INFO o.a.j.t.JMeterThread: Thread started: TG - LOAD - 60 VU 1-35
2026-08-17 20:13:55,899 INFO o.a.j.t.JMeterThread: Thread started: TG - LOAD - 60 VU 1-36
2026-08-17 20:13:55,983 INFO o.a.j.t.JMeterThread: Thread started: TG - LOAD - 60 VU 1-37
2026-08-17 20:13:56,066 INFO o.a.j.t.JMeterThread: Thread started: TG - LOAD - 60 VU 1-38
2026-08-17 20:13:56,148 INFO o.a.j.t.JMeterThread: Thread started: TG - LOAD - 60 VU 1-39
2026-08-17 20:13:56,232 INFO o.a.j.t.JMeterThread: Thread started: TG - LOAD - 60 VU 1-40
2026-08-17 20:13:56,314 INFO o.a.j.t.JMeterThread: Thread started: TG - LOAD - 60 VU 1-41
2026-08-17 20:13:56,397 INFO o.a.j.t.JMeterThread: Thread started: TG - LOAD - 60 VU 1-42
2026-08-17 20:13:56,480 INFO o.a.j.t.JMeterThread: Thread started: TG - LOAD - 60 VU 1-43
2026-08-17 20:13:56,563 INFO o.a.j.t.JMeterThread: Thread started: TG - LOAD - 60 VU 1-44
2026-08-17 20:13:56,646 INFO o.a.j.t.JMeterThread: Thread started: TG - LOAD - 60 VU 1-45
2026-08-17 20:13:56,729 INFO o.a.j.t.JMeterThread: Thread started: TG - LOAD - 60 VU 1-46
2026-08-17 20:13:56,813 INFO o.a.j.t.JMeterThread: Thread started: TG - LOAD - 60 VU 1-47
2026-08-17 20:13:56,895 INFO o.a.j.t.JMeterThread: Thread started: TG - LOAD - 60 VU 1-48
2026-08-17 20:13:56,979 INFO o.a.j.t.JMeterThread: Thread started: TG - LOAD - 60 VU 1-49
2026-08-17 20:13:57,062 INFO o.a.j.t.JMeterThread: Thread started: TG - LOAD - 60 VU 1-50
2026-08-17 20:13:57,144 INFO o.a.j.t.JMeterThread: Thread started: TG - LOAD - 60 VU 1-51
2026-08-17 20:13:57,228 INFO o.a.j.t.JMeterThread: Thread started: TG - LOAD - 60 VU 1-52
2026-08-17 20:13:57,311 INFO o.a.j.t.JMeterThread: Thread started: TG - LOAD - 60 VU 1-53
2026-08-17 20:13:57,394 INFO o.a.j.t.JMeterThread: Thread started: TG - LOAD - 60 VU 1-54
2026-08-17 20:13:57,477 INFO o.a.j.t.JMeterThread: Thread started: TG - LOAD - 60 VU 1-55
2026-08-17 20:13:57,560 INFO o.a.j.t.JMeterThread: Thread started: TG - LOAD - 60 VU 1-56
2026-08-17 20:13:57,641 INFO o.a.j.t.JMeterThread: Thread started: TG - LOAD - 60 VU 1-57
2026-08-17 20:13:57,726 INFO o.a.j.t.JMeterThread: Thread started: TG - LOAD - 60 VU 1-58
2026-08-17 20:13:57,809 INFO o.a.j.t.JMeterThread: Thread started: TG - LOAD - 60 VU 1-59
2026-08-17 20:13:57,892 INFO o.a.j.t.JMeterThread: Thread started: TG - LOAD - 60 VU 1-60
2026-08-17 20:14:00,001 INFO o.a.j.r.Summariser: summary +   1305 in 00:00:07 =  185.9/s Avg:    41 Min:     0 Max:   187 Err:     0 (0.00%) Active: 60 Started: 60 Finished: 0
2026-08-17 20:14:30,005 INFO o.a.j.r.Summariser: summary +   7372 in 00:00:30 =  245.7/s Avg:    92 Min:     0 Max:   294 Err:     0 (0.00%) Active: 60 Started: 60 Finished: 0
2026-08-17 20:14:30,005 INFO o.a.j.r.Summariser: summary =   8677 in 00:00:37 =  234.4/s Avg:    85 Min:     0 Max:   294 Err:     0 (0.00%)
2026-08-17 20:14:52,673 INFO o.a.j.t.JMeterThread: Thread finished: TG - LOAD - 60 VU 1-7
2026-08-17 20:14:52,813 INFO o.a.j.t.JMeterThread: Thread finished: TG - LOAD - 60 VU 1-29
2026-08-17 20:14:52,841 INFO o.a.j.t.JMeterThread: Thread finished: TG - LOAD - 60 VU 1-26
2026-08-17 20:14:52,845 INFO o.a.j.t.JMeterThread: Thread finished: TG - LOAD - 60 VU 1-10
2026-08-17 20:14:52,845 INFO o.a.j.t.JMeterThread: Thread finished: TG - LOAD - 60 VU 1-5
2026-08-17 20:14:52,846 INFO o.a.j.t.JMeterThread: Thread finished: TG - LOAD - 60 VU 1-40
2026-08-17 20:14:52,846 INFO o.a.j.t.JMeterThread: Thread finished: TG - LOAD - 60 VU 1-48
2026-08-17 20:14:52,847 INFO o.a.j.t.JMeterThread: Thread finished: TG - LOAD - 60 VU 1-55
2026-08-17 20:14:52,848 INFO o.a.j.t.JMeterThread: Thread finished: TG - LOAD - 60 VU 1-53
2026-08-17 20:14:52,879 INFO o.a.j.t.JMeterThread: Thread finished: TG - LOAD - 60 VU 1-17
2026-08-17 20:14:52,881 INFO o.a.j.t.JMeterThread: Thread finished: TG - LOAD - 60 VU 1-34
2026-08-17 20:14:52,882 INFO o.a.j.t.JMeterThread: Thread finished: TG - LOAD - 60 VU 1-13
2026-08-17 20:14:52,882 INFO o.a.j.t.JMeterThread: Thread finished: TG - LOAD - 60 VU 1-20
2026-08-17 20:14:52,883 INFO o.a.j.t.JMeterThread: Thread finished: TG - LOAD - 60 VU 1-54
2026-08-17 20:14:52,883 INFO o.a.j.t.JMeterThread: Thread finished: TG - LOAD - 60 VU 1-4
2026-08-17 20:14:52,886 INFO o.a.j.t.JMeterThread: Thread finished: TG - LOAD - 60 VU 1-52
2026-08-17 20:14:52,907 INFO o.a.j.t.JMeterThread: Thread finished: TG - LOAD - 60 VU 1-2
2026-08-17 20:14:52,907 INFO o.a.j.t.JMeterThread: Thread finished: TG - LOAD - 60 VU 1-50
2026-08-17 20:14:52,920 INFO o.a.j.t.JMeterThread: Thread finished: TG - LOAD - 60 VU 1-22
2026-08-17 20:14:52,946 INFO o.a.j.t.JMeterThread: Thread finished: TG - LOAD - 60 VU 1-51
2026-08-17 20:14:52,947 INFO o.a.j.t.JMeterThread: Thread finished: TG - LOAD - 60 VU 1-41
2026-08-17 20:14:52,948 INFO o.a.j.t.JMeterThread: Thread finished: TG - LOAD - 60 VU 1-37
2026-08-17 20:14:52,949 INFO o.a.j.t.JMeterThread: Thread finished: TG - LOAD - 60 VU 1-9
2026-08-17 20:14:52,950 INFO o.a.j.t.JMeterThread: Thread finished: TG - LOAD - 60 VU 1-45
2026-08-17 20:14:52,951 INFO o.a.j.t.JMeterThread: Thread finished: TG - LOAD - 60 VU 1-49
2026-08-17 20:14:52,989 INFO o.a.j.t.JMeterThread: Thread finished: TG - LOAD - 60 VU 1-12
2026-08-17 20:14:52,989 INFO o.a.j.t.JMeterThread: Thread finished: TG - LOAD - 60 VU 1-3
2026-08-17 20:14:52,990 INFO o.a.j.t.JMeterThread: Thread finished: TG - LOAD - 60 VU 1-16
2026-08-17 20:14:53,023 INFO o.a.j.t.JMeterThread: Stopping because end time detected by thread: TG - LOAD - 60 VU 1-19
2026-08-17 20:14:53,023 INFO o.a.j.t.JMeterThread: Thread finished: TG - LOAD - 60 VU 1-19
2026-08-17 20:14:53,029 INFO o.a.j.t.JMeterThread: Stopping because end time detected by thread: TG - LOAD - 60 VU 1-24
2026-08-17 20:14:53,029 INFO o.a.j.t.JMeterThread: Thread finished: TG - LOAD - 60 VU 1-24
2026-08-17 20:14:53,030 INFO o.a.j.t.JMeterThread: Stopping because end time detected by thread: TG - LOAD - 60 VU 1-1
2026-08-17 20:14:53,030 INFO o.a.j.t.JMeterThread: Thread finished: TG - LOAD - 60 VU 1-1
2026-08-17 20:14:53,033 INFO o.a.j.t.JMeterThread: Stopping because end time detected by thread: TG - LOAD - 60 VU 1-39
2026-08-17 20:14:53,034 INFO o.a.j.t.JMeterThread: Thread finished: TG - LOAD - 60 VU 1-39
2026-08-17 20:14:53,044 INFO o.a.j.t.JMeterThread: Stopping because end time detected by thread: TG - LOAD - 60 VU 1-38
2026-08-17 20:14:53,044 INFO o.a.j.t.JMeterThread: Thread finished: TG - LOAD - 60 VU 1-38
2026-08-17 20:14:53,045 INFO o.a.j.t.JMeterThread: Stopping because end time detected by thread: TG - LOAD - 60 VU 1-56
2026-08-17 20:14:53,045 INFO o.a.j.t.JMeterThread: Thread finished: TG - LOAD - 60 VU 1-56
2026-08-17 20:14:53,047 INFO o.a.j.t.JMeterThread: Stopping because end time detected by thread: TG - LOAD - 60 VU 1-47
2026-08-17 20:14:53,047 INFO o.a.j.t.JMeterThread: Thread finished: TG - LOAD - 60 VU 1-47
2026-08-17 20:14:53,056 INFO o.a.j.t.JMeterThread: Stopping because end time detected by thread: TG - LOAD - 60 VU 1-35
2026-08-17 20:14:53,060 INFO o.a.j.t.JMeterThread: Thread finished: TG - LOAD - 60 VU 1-35
2026-08-17 20:14:53,060 INFO o.a.j.t.JMeterThread: Stopping because end time detected by thread: TG - LOAD - 60 VU 1-43
2026-08-17 20:14:53,060 INFO o.a.j.t.JMeterThread: Thread finished: TG - LOAD - 60 VU 1-43
2026-08-17 20:14:53,064 INFO o.a.j.t.JMeterThread: Stopping because end time detected by thread: TG - LOAD - 60 VU 1-15
2026-08-17 20:14:53,064 INFO o.a.j.t.JMeterThread: Thread finished: TG - LOAD - 60 VU 1-15
2026-08-17 20:14:53,070 INFO o.a.j.t.JMeterThread: Stopping because end time detected by thread: TG - LOAD - 60 VU 1-58
2026-08-17 20:14:53,070 INFO o.a.j.t.JMeterThread: Thread finished: TG - LOAD - 60 VU 1-58
2026-08-17 20:14:53,072 INFO o.a.j.t.JMeterThread: Stopping because end time detected by thread: TG - LOAD - 60 VU 1-18
2026-08-17 20:14:53,072 INFO o.a.j.t.JMeterThread: Thread finished: TG - LOAD - 60 VU 1-18
2026-08-17 20:14:53,073 INFO o.a.j.t.JMeterThread: Stopping because end time detected by thread: TG - LOAD - 60 VU 1-32
2026-08-17 20:14:53,073 INFO o.a.j.t.JMeterThread: Thread finished: TG - LOAD - 60 VU 1-32
2026-08-17 20:14:53,073 INFO o.a.j.t.JMeterThread: Stopping because end time detected by thread: TG - LOAD - 60 VU 1-44
2026-08-17 20:14:53,073 INFO o.a.j.t.JMeterThread: Thread finished: TG - LOAD - 60 VU 1-44
2026-08-17 20:14:53,075 INFO o.a.j.t.JMeterThread: Stopping because end time detected by thread: TG - LOAD - 60 VU 1-14
2026-08-17 20:14:53,075 INFO o.a.j.t.JMeterThread: Thread finished: TG - LOAD - 60 VU 1-14
2026-08-17 20:14:53,075 INFO o.a.j.t.JMeterThread: Stopping because end time detected by thread: TG - LOAD - 60 VU 1-31
2026-08-17 20:14:53,075 INFO o.a.j.t.JMeterThread: Thread finished: TG - LOAD - 60 VU 1-31
2026-08-17 20:14:53,076 INFO o.a.j.t.JMeterThread: Stopping because end time detected by thread: TG - LOAD - 60 VU 1-11
2026-08-17 20:14:53,076 INFO o.a.j.t.JMeterThread: Thread finished: TG - LOAD - 60 VU 1-11
2026-08-17 20:14:53,085 INFO o.a.j.t.JMeterThread: Stopping because end time detected by thread: TG - LOAD - 60 VU 1-30
2026-08-17 20:14:53,085 INFO o.a.j.t.JMeterThread: Thread finished: TG - LOAD - 60 VU 1-30
2026-08-17 20:14:53,085 INFO o.a.j.t.JMeterThread: Stopping because end time detected by thread: TG - LOAD - 60 VU 1-21
2026-08-17 20:14:53,085 INFO o.a.j.t.JMeterThread: Thread finished: TG - LOAD - 60 VU 1-21
2026-08-17 20:14:53,086 INFO o.a.j.t.JMeterThread: Stopping because end time detected by thread: TG - LOAD - 60 VU 1-60
2026-08-17 20:14:53,086 INFO o.a.j.t.JMeterThread: Thread finished: TG - LOAD - 60 VU 1-60
2026-08-17 20:14:53,087 INFO o.a.j.t.JMeterThread: Stopping because end time detected by thread: TG - LOAD - 60 VU 1-6
2026-08-17 20:14:53,087 INFO o.a.j.t.JMeterThread: Thread finished: TG - LOAD - 60 VU 1-6
2026-08-17 20:14:53,088 INFO o.a.j.t.JMeterThread: Stopping because end time detected by thread: TG - LOAD - 60 VU 1-42
2026-08-17 20:14:53,088 INFO o.a.j.t.JMeterThread: Thread finished: TG - LOAD - 60 VU 1-42
2026-08-17 20:14:53,088 INFO o.a.j.t.JMeterThread: Stopping because end time detected by thread: TG - LOAD - 60 VU 1-27
2026-08-17 20:14:53,088 INFO o.a.j.t.JMeterThread: Thread finished: TG - LOAD - 60 VU 1-27
2026-08-17 20:14:53,106 INFO o.a.j.t.JMeterThread: Stopping because end time detected by thread: TG - LOAD - 60 VU 1-8
2026-08-17 20:14:53,106 INFO o.a.j.t.JMeterThread: Thread finished: TG - LOAD - 60 VU 1-8
2026-08-17 20:14:53,110 INFO o.a.j.t.JMeterThread: Stopping because end time detected by thread: TG - LOAD - 60 VU 1-36
2026-08-17 20:14:53,110 INFO o.a.j.t.JMeterThread: Thread finished: TG - LOAD - 60 VU 1-36
2026-08-17 20:14:53,112 INFO o.a.j.t.JMeterThread: Stopping because end time detected by thread: TG - LOAD - 60 VU 1-46
2026-08-17 20:14:53,112 INFO o.a.j.t.JMeterThread: Thread finished: TG - LOAD - 60 VU 1-46
2026-08-17 20:14:53,121 INFO o.a.j.t.JMeterThread: Stopping because end time detected by thread: TG - LOAD - 60 VU 1-57
2026-08-17 20:14:53,121 INFO o.a.j.t.JMeterThread: Thread finished: TG - LOAD - 60 VU 1-57
2026-08-17 20:14:53,122 INFO o.a.j.t.JMeterThread: Stopping because end time detected by thread: TG - LOAD - 60 VU 1-28
2026-08-17 20:14:53,122 INFO o.a.j.t.JMeterThread: Thread finished: TG - LOAD - 60 VU 1-28
2026-08-17 20:14:53,123 INFO o.a.j.t.JMeterThread: Stopping because end time detected by thread: TG - LOAD - 60 VU 1-59
2026-08-17 20:14:53,123 INFO o.a.j.t.JMeterThread: Thread finished: TG - LOAD - 60 VU 1-59
2026-08-17 20:14:53,123 INFO o.a.j.t.JMeterThread: Stopping because end time detected by thread: TG - LOAD - 60 VU 1-25
2026-08-17 20:14:53,123 INFO o.a.j.t.JMeterThread: Thread finished: TG - LOAD - 60 VU 1-25
2026-08-17 20:14:53,126 INFO o.a.j.t.JMeterThread: Stopping because end time detected by thread: TG - LOAD - 60 VU 1-33
2026-08-17 20:14:53,126 INFO o.a.j.t.JMeterThread: Thread finished: TG - LOAD - 60 VU 1-33
2026-08-17 20:14:53,127 INFO o.a.j.t.JMeterThread: Stopping because end time detected by thread: TG - LOAD - 60 VU 1-23
2026-08-17 20:14:53,127 INFO o.a.j.t.JMeterThread: Thread finished: TG - LOAD - 60 VU 1-23
2026-08-17 20:14:53,127 INFO o.a.j.e.StandardJMeterEngine: Notifying test listeners of end of test
2026-08-17 20:14:53,128 INFO o.a.j.s.FileServer: Close: D:/Kiem_thu/HW5/data/checkout_data.csv
2026-08-17 20:14:53,128 INFO o.a.j.s.FileServer: Close: D:/Kiem_thu/HW5/data/search_terms.csv
2026-08-17 20:14:53,128 INFO o.a.j.s.FileServer: Close: D:/Kiem_thu/HW5/data/users.csv
2026-08-17 20:14:53,135 INFO o.a.j.r.Summariser: summary +   5363 in 00:00:23 =  231.9/s Avg:   110 Min:     0 Max:   320 Err:     0 (0.00%) Active: 0 Started: 60 Finished: 60
2026-08-17 20:14:53,136 INFO o.a.j.r.Summariser: summary =  14040 in 00:01:00 =  233.4/s Avg:    94 Min:     0 Max:   320 Err:     0 (0.00%)
