2026-08-16 21:33:35,639 INFO o.a.j.u.JMeterUtils: Setting Locale to en_EN
2026-08-16 21:33:35,655 INFO o.a.j.JMeter: Loading user properties from: D:\Kiem_thu\tools\apache-jmeter-5.6.3\bin\user.properties
2026-08-16 21:33:35,655 INFO o.a.j.JMeter: Loading system properties from: D:\Kiem_thu\tools\apache-jmeter-5.6.3\bin\system.properties
2026-08-16 21:33:35,661 INFO o.a.j.JMeter: Copyright (c) 1998-2024 The Apache Software Foundation
2026-08-16 21:33:35,661 INFO o.a.j.JMeter: Version 5.6.3
2026-08-16 21:33:35,662 INFO o.a.j.JMeter: java.version=17.0.17
2026-08-16 21:33:35,662 INFO o.a.j.JMeter: java.vm.name=OpenJDK 64-Bit Server VM
2026-08-16 21:33:35,662 INFO o.a.j.JMeter: os.name=Windows 11
2026-08-16 21:33:35,663 INFO o.a.j.JMeter: os.arch=amd64
2026-08-16 21:33:35,663 INFO o.a.j.JMeter: os.version=10.0
2026-08-16 21:33:35,663 INFO o.a.j.JMeter: file.encoding=Cp1252
2026-08-16 21:33:35,663 INFO o.a.j.JMeter: java.awt.headless=true
2026-08-16 21:33:35,663 INFO o.a.j.JMeter: Max memory     =3221225472
2026-08-16 21:33:35,663 INFO o.a.j.JMeter: Available Processors =20
2026-08-16 21:33:35,669 INFO o.a.j.JMeter: Default Locale=English (EN)
2026-08-16 21:33:35,669 INFO o.a.j.JMeter: JMeter  Locale=English (EN)
2026-08-16 21:33:35,669 INFO o.a.j.JMeter: JMeterHome=D:\Kiem_thu\tools\apache-jmeter-5.6.3
2026-08-16 21:33:35,669 INFO o.a.j.JMeter: user.dir  =D:\Kiem_thu\HW5
2026-08-16 21:33:35,669 INFO o.a.j.JMeter: PWD       =D:\Kiem_thu\HW5
2026-08-16 21:33:35,670 INFO o.a.j.JMeter: IP: 192.168.1.8 Name: DESKTOP-96ARBFL FullName: 192.168.1.8
2026-08-16 21:33:35,678 INFO o.a.j.JMeter: Setting property 'jmeter.reportgenerator.outputdir' to:'D:\Kiem_thu\HW5\results\html\23127195_Soak_20260816'
2026-08-16 21:33:35,680 INFO o.a.j.s.FileServer: Default base='D:\Kiem_thu\HW5'
2026-08-16 21:33:35,682 INFO o.a.j.s.FileServer: Set new base='D:\Kiem_thu\HW5\testplans'
2026-08-16 21:33:35,833 INFO o.a.j.s.SaveService: Testplan (JMX) version: 2.2. Testlog (JTL) version: 2.2
2026-08-16 21:33:35,848 INFO o.a.j.s.SaveService: Using SaveService properties version 5.0
2026-08-16 21:33:35,850 INFO o.a.j.s.SaveService: Using SaveService properties file encoding UTF-8
2026-08-16 21:33:35,852 INFO o.a.j.s.SaveService: Loading file: D:\Kiem_thu\HW5\testplans\23127195_Soak_20260816.jmx
2026-08-16 21:33:35,895 INFO o.a.j.p.h.s.HTTPSamplerBase: Parser for text/html is org.apache.jmeter.protocol.http.parser.LagartoBasedHtmlParser
2026-08-16 21:33:35,895 INFO o.a.j.p.h.s.HTTPSamplerBase: Parser for application/xhtml+xml is org.apache.jmeter.protocol.http.parser.LagartoBasedHtmlParser
2026-08-16 21:33:35,895 INFO o.a.j.p.h.s.HTTPSamplerBase: Parser for application/xml is org.apache.jmeter.protocol.http.parser.LagartoBasedHtmlParser
2026-08-16 21:33:35,895 INFO o.a.j.p.h.s.HTTPSamplerBase: Parser for text/xml is org.apache.jmeter.protocol.http.parser.LagartoBasedHtmlParser
2026-08-16 21:33:35,895 INFO o.a.j.p.h.s.HTTPSamplerBase: Parser for text/vnd.wap.wml is org.apache.jmeter.protocol.http.parser.RegexpHTMLParser
2026-08-16 21:33:35,895 INFO o.a.j.p.h.s.HTTPSamplerBase: Parser for text/css is org.apache.jmeter.protocol.http.parser.CssParser
2026-08-16 21:33:35,926 INFO o.a.j.JMeter: Creating summariser <summary>
2026-08-16 21:33:35,926 INFO o.a.j.r.d.ReportGenerator: ReportGenerator will use for Parsing the separator: ','
2026-08-16 21:33:35,926 INFO o.a.j.r.d.ReportGenerator: Will generate report at end of test from  results file: D:\Kiem_thu\HW5\results\jtl\23127195_Soak_20260816.jtl
2026-08-16 21:33:35,926 INFO o.a.j.r.d.ReportGenerator: Reading report generator properties from: D:\Kiem_thu\tools\apache-jmeter-5.6.3\bin\reportgenerator.properties
2026-08-16 21:33:35,926 INFO o.a.j.r.d.ReportGenerator: Merging with JMeter properties
2026-08-16 21:33:35,926 INFO o.a.j.r.c.ReportGeneratorConfiguration: Property 'jmeter.reportgenerator.temp_dir' not found, using default value 'temp' instead.
2026-08-16 21:33:35,942 INFO o.a.j.r.c.ReportGeneratorConfiguration: Property 'jmeter.reportgenerator.apdex_per_transaction' not found, using default value 'null' instead.
2026-08-16 21:33:35,943 INFO o.a.j.r.c.ReportGeneratorConfiguration: apdex_per_transaction is empty, not APDEX per transaction customization
2026-08-16 21:33:35,943 INFO o.a.j.r.c.ReportGeneratorConfiguration: Property 'jmeter.reportgenerator.sample_filter' not found, using default value 'null' instead.
2026-08-16 21:33:35,943 INFO o.a.j.r.c.ReportGeneratorConfiguration: Property 'jmeter.reportgenerator.report_title' not found, using default value 'null' instead.
2026-08-16 21:33:35,943 INFO o.a.j.r.c.ReportGeneratorConfiguration: Property 'jmeter.reportgenerator.start_date' not found, using default value 'null' instead.
2026-08-16 21:33:35,943 INFO o.a.j.r.c.ReportGeneratorConfiguration: Property 'jmeter.reportgenerator.end_date' not found, using default value 'null' instead.
2026-08-16 21:33:35,943 INFO o.a.j.r.c.ReportGeneratorConfiguration: Property 'jmeter.reportgenerator.date_format' not found, using default value 'null' instead.
2026-08-16 21:33:35,943 INFO o.a.j.r.c.ReportGeneratorConfiguration: Will use date range start date: null, end date: null
2026-08-16 21:33:35,945 INFO o.a.j.r.c.ReportGeneratorConfiguration: Property 'jmeter.reportgenerator.graph.totalTPS.exclude_controllers' not found, using default value 'false' instead.
2026-08-16 21:33:35,946 INFO o.a.j.r.c.ReportGeneratorConfiguration: Property 'jmeter.reportgenerator.graph.activeThreadsOverTime.exclude_controllers' not found, using default value 'false' instead.
2026-08-16 21:33:35,946 INFO o.a.j.r.c.ReportGeneratorConfiguration: Property 'jmeter.reportgenerator.graph.timeVsThreads.exclude_controllers' not found, using default value 'false' instead.
2026-08-16 21:33:35,946 INFO o.a.j.r.c.ReportGeneratorConfiguration: Property 'jmeter.reportgenerator.graph.responseTimeDistribution.exclude_controllers' not found, using default value 'false' instead.
2026-08-16 21:33:35,946 INFO o.a.j.r.c.ReportGeneratorConfiguration: Property 'jmeter.reportgenerator.graph.transactionsPerSecond.exclude_controllers' not found, using default value 'false' instead.
2026-08-16 21:33:35,946 INFO o.a.j.r.c.ReportGeneratorConfiguration: Property 'jmeter.reportgenerator.graph.responseTimePercentiles.exclude_controllers' not found, using default value 'false' instead.
2026-08-16 21:33:35,946 INFO o.a.j.r.c.ReportGeneratorConfiguration: Property 'jmeter.reportgenerator.graph.responseTimePercentilesOverTime.exclude_controllers' not found, using default value 'false' instead.
2026-08-16 21:33:35,946 INFO o.a.j.r.c.ReportGeneratorConfiguration: Property 'jmeter.reportgenerator.graph.responseTimesOverTime.exclude_controllers' not found, using default value 'false' instead.
2026-08-16 21:33:35,946 INFO o.a.j.r.c.ReportGeneratorConfiguration: Property 'jmeter.reportgenerator.graph.connectTimeOverTime.exclude_controllers' not found, using default value 'false' instead.
2026-08-16 21:33:35,947 INFO o.a.j.r.c.ReportGeneratorConfiguration: Property 'jmeter.reportgenerator.graph.latenciesOverTime.exclude_controllers' not found, using default value 'false' instead.
2026-08-16 21:33:35,947 INFO o.a.j.r.c.ReportGeneratorConfiguration: Property 'jmeter.reportgenerator.exporter.json.filters_only_sample_series' not found, using default value 'true' instead.
2026-08-16 21:33:35,947 INFO o.a.j.r.c.ReportGeneratorConfiguration: Property 'jmeter.reportgenerator.exporter.json.series_filter' not found, using default value '' instead.
2026-08-16 21:33:35,947 INFO o.a.j.r.c.ReportGeneratorConfiguration: Property 'jmeter.reportgenerator.exporter.json.show_controllers_only' not found, using default value 'false' instead.
2026-08-16 21:33:35,948 INFO o.a.j.r.c.ReportGeneratorConfiguration: Property 'jmeter.reportgenerator.exporter.html.filters_only_sample_series' not found, using default value 'true' instead.
2026-08-16 21:33:35,948 INFO o.a.j.r.c.ReportGeneratorConfiguration: Property 'jmeter.reportgenerator.exporter.html.series_filter' not found, using default value '' instead.
2026-08-16 21:33:35,948 INFO o.a.j.r.c.ReportGeneratorConfiguration: Property 'jmeter.reportgenerator.exporter.html.show_controllers_only' not found, using default value 'false' instead.
2026-08-16 21:33:35,955 INFO o.a.j.e.StandardJMeterEngine: Running the test!
2026-08-16 21:33:35,955 INFO o.a.j.s.SampleEvent: List of sample_variables: []
2026-08-16 21:33:35,955 INFO o.a.j.s.SampleEvent: List of sample_variables: []
2026-08-16 21:33:35,958 INFO o.a.j.e.u.CompoundVariable: Note: Function class names must contain the string: '.functions.'
2026-08-16 21:33:35,958 INFO o.a.j.e.u.CompoundVariable: Note: Function class names must not contain the string: '.gui.'
2026-08-16 21:33:36,133 INFO o.a.j.JMeter: Running test (1786890816133)
2026-08-16 21:33:36,143 INFO o.a.j.e.StandardJMeterEngine: Starting ThreadGroup: 1 : TG - SOAK - 150 VU
2026-08-16 21:33:36,143 INFO o.a.j.e.StandardJMeterEngine: Starting 150 threads for group TG - SOAK - 150 VU.
2026-08-16 21:33:36,143 INFO o.a.j.e.StandardJMeterEngine: Thread will continue on error
2026-08-16 21:33:36,144 INFO o.a.j.t.ThreadGroup: Starting thread group... number=1 threads=150 ramp-up=30 delayedStart=false
2026-08-16 21:33:36,151 INFO o.a.j.s.SampleResult: Note: Sample TimeStamps are START times
2026-08-16 21:33:36,151 INFO o.a.j.s.SampleResult: sampleresult.default.encoding is set to UTF-8
2026-08-16 21:33:36,151 INFO o.a.j.s.SampleResult: sampleresult.useNanoTime=true
2026-08-16 21:33:36,151 INFO o.a.j.s.SampleResult: sampleresult.nanoThreadSleep=5000
2026-08-16 21:33:36,165 INFO o.a.j.t.JMeterThread: Thread started: TG - SOAK - 150 VU 1-1
2026-08-16 21:33:36,169 INFO o.a.j.s.FileServer: Stored: D:/Kiem_thu/HW5/data/checkout_data.csv
2026-08-16 21:33:36,221 INFO o.a.j.t.ThreadGroup: Started thread group number 1
2026-08-16 21:33:36,221 INFO o.a.j.e.StandardJMeterEngine: All thread groups have been started
2026-08-16 21:33:36,223 INFO o.a.j.s.FileServer: Stored: D:/Kiem_thu/HW5/data/search_terms.csv
2026-08-16 21:33:36,224 INFO o.a.j.s.FileServer: Stored: D:/Kiem_thu/HW5/data/users.csv
2026-08-16 21:33:36,244 INFO o.a.j.p.h.s.HTTPHCAbstractImpl: Local host = DESKTOP-96ARBFL
2026-08-16 21:33:36,257 INFO o.a.j.p.h.s.HTTPHC4Impl: HTTP request retry count = 0
2026-08-16 21:33:36,366 INFO o.a.j.t.JMeterThread: Thread started: TG - SOAK - 150 VU 1-2
2026-08-16 21:33:36,562 INFO o.a.j.t.JMeterThread: Thread started: TG - SOAK - 150 VU 1-3
2026-08-16 21:33:36,763 INFO o.a.j.t.JMeterThread: Thread started: TG - SOAK - 150 VU 1-4
2026-08-16 21:33:36,960 INFO o.a.j.t.JMeterThread: Thread started: TG - SOAK - 150 VU 1-5
2026-08-16 21:33:37,159 INFO o.a.j.t.JMeterThread: Thread started: TG - SOAK - 150 VU 1-6
2026-08-16 21:33:37,357 INFO o.a.j.t.JMeterThread: Thread started: TG - SOAK - 150 VU 1-7
2026-08-16 21:33:37,556 INFO o.a.j.t.JMeterThread: Thread started: TG - SOAK - 150 VU 1-8
2026-08-16 21:33:37,757 INFO o.a.j.t.JMeterThread: Thread started: TG - SOAK - 150 VU 1-9
2026-08-16 21:33:37,955 INFO o.a.j.t.JMeterThread: Thread started: TG - SOAK - 150 VU 1-10
2026-08-16 21:33:38,154 INFO o.a.j.t.JMeterThread: Thread started: TG - SOAK - 150 VU 1-11
2026-08-16 21:33:38,354 INFO o.a.j.t.JMeterThread: Thread started: TG - SOAK - 150 VU 1-12
2026-08-16 21:33:38,554 INFO o.a.j.t.JMeterThread: Thread started: TG - SOAK - 150 VU 1-13
2026-08-16 21:33:38,754 INFO o.a.j.t.JMeterThread: Thread started: TG - SOAK - 150 VU 1-14
2026-08-16 21:33:38,948 INFO o.a.j.t.JMeterThread: Thread started: TG - SOAK - 150 VU 1-15
2026-08-16 21:33:39,148 INFO o.a.j.t.JMeterThread: Thread started: TG - SOAK - 150 VU 1-16
2026-08-16 21:33:39,348 INFO o.a.j.t.JMeterThread: Thread started: TG - SOAK - 150 VU 1-17
2026-08-16 21:33:39,549 INFO o.a.j.t.JMeterThread: Thread started: TG - SOAK - 150 VU 1-18
2026-08-16 21:33:39,747 INFO o.a.j.t.JMeterThread: Thread started: TG - SOAK - 150 VU 1-19
2026-08-16 21:33:39,947 INFO o.a.j.t.JMeterThread: Thread started: TG - SOAK - 150 VU 1-20
2026-08-16 21:33:40,147 INFO o.a.j.t.JMeterThread: Thread started: TG - SOAK - 150 VU 1-21
2026-08-16 21:33:40,347 INFO o.a.j.t.JMeterThread: Thread started: TG - SOAK - 150 VU 1-22
2026-08-16 21:33:40,546 INFO o.a.j.t.JMeterThread: Thread started: TG - SOAK - 150 VU 1-23
2026-08-16 21:33:40,746 INFO o.a.j.t.JMeterThread: Thread started: TG - SOAK - 150 VU 1-24
2026-08-16 21:33:40,946 INFO o.a.j.t.JMeterThread: Thread started: TG - SOAK - 150 VU 1-25
2026-08-16 21:33:41,145 INFO o.a.j.t.JMeterThread: Thread started: TG - SOAK - 150 VU 1-26
2026-08-16 21:33:41,346 INFO o.a.j.t.JMeterThread: Thread started: TG - SOAK - 150 VU 1-27
2026-08-16 21:33:41,545 INFO o.a.j.t.JMeterThread: Thread started: TG - SOAK - 150 VU 1-28
2026-08-16 21:33:41,745 INFO o.a.j.t.JMeterThread: Thread started: TG - SOAK - 150 VU 1-29
2026-08-16 21:33:41,947 INFO o.a.j.t.JMeterThread: Thread started: TG - SOAK - 150 VU 1-30
2026-08-16 21:33:42,147 INFO o.a.j.t.JMeterThread: Thread started: TG - SOAK - 150 VU 1-31
2026-08-16 21:33:42,345 INFO o.a.j.t.JMeterThread: Thread started: TG - SOAK - 150 VU 1-32
2026-08-16 21:33:42,546 INFO o.a.j.t.JMeterThread: Thread started: TG - SOAK - 150 VU 1-33
2026-08-16 21:33:42,745 INFO o.a.j.t.JMeterThread: Thread started: TG - SOAK - 150 VU 1-34
2026-08-16 21:33:42,946 INFO o.a.j.t.JMeterThread: Thread started: TG - SOAK - 150 VU 1-35
2026-08-16 21:33:43,145 INFO o.a.j.t.JMeterThread: Thread started: TG - SOAK - 150 VU 1-36
2026-08-16 21:33:43,346 INFO o.a.j.t.JMeterThread: Thread started: TG - SOAK - 150 VU 1-37
2026-08-16 21:33:43,546 INFO o.a.j.t.JMeterThread: Thread started: TG - SOAK - 150 VU 1-38
2026-08-16 21:33:43,746 INFO o.a.j.t.JMeterThread: Thread started: TG - SOAK - 150 VU 1-39
2026-08-16 21:33:43,946 INFO o.a.j.t.JMeterThread: Thread started: TG - SOAK - 150 VU 1-40
2026-08-16 21:33:44,146 INFO o.a.j.t.JMeterThread: Thread started: TG - SOAK - 150 VU 1-41
2026-08-16 21:33:44,346 INFO o.a.j.t.JMeterThread: Thread started: TG - SOAK - 150 VU 1-42
2026-08-16 21:33:44,546 INFO o.a.j.t.JMeterThread: Thread started: TG - SOAK - 150 VU 1-43
2026-08-16 21:33:44,746 INFO o.a.j.t.JMeterThread: Thread started: TG - SOAK - 150 VU 1-44
2026-08-16 21:33:44,946 INFO o.a.j.t.JMeterThread: Thread started: TG - SOAK - 150 VU 1-45
2026-08-16 21:33:45,145 INFO o.a.j.t.JMeterThread: Thread started: TG - SOAK - 150 VU 1-46
2026-08-16 21:33:45,345 INFO o.a.j.t.JMeterThread: Thread started: TG - SOAK - 150 VU 1-47
2026-08-16 21:33:45,545 INFO o.a.j.t.JMeterThread: Thread started: TG - SOAK - 150 VU 1-48
2026-08-16 21:33:45,746 INFO o.a.j.t.JMeterThread: Thread started: TG - SOAK - 150 VU 1-49
2026-08-16 21:33:45,944 INFO o.a.j.t.JMeterThread: Thread started: TG - SOAK - 150 VU 1-50
2026-08-16 21:33:46,146 INFO o.a.j.t.JMeterThread: Thread started: TG - SOAK - 150 VU 1-51
2026-08-16 21:33:46,346 INFO o.a.j.t.JMeterThread: Thread started: TG - SOAK - 150 VU 1-52
2026-08-16 21:33:46,546 INFO o.a.j.t.JMeterThread: Thread started: TG - SOAK - 150 VU 1-53
2026-08-16 21:33:46,746 INFO o.a.j.t.JMeterThread: Thread started: TG - SOAK - 150 VU 1-54
2026-08-16 21:33:46,945 INFO o.a.j.t.JMeterThread: Thread started: TG - SOAK - 150 VU 1-55
2026-08-16 21:33:47,145 INFO o.a.j.t.JMeterThread: Thread started: TG - SOAK - 150 VU 1-56
2026-08-16 21:33:47,347 INFO o.a.j.t.JMeterThread: Thread started: TG - SOAK - 150 VU 1-57
2026-08-16 21:33:47,544 INFO o.a.j.t.JMeterThread: Thread started: TG - SOAK - 150 VU 1-58
2026-08-16 21:33:47,745 INFO o.a.j.t.JMeterThread: Thread started: TG - SOAK - 150 VU 1-59
2026-08-16 21:33:47,946 INFO o.a.j.t.JMeterThread: Thread started: TG - SOAK - 150 VU 1-60
2026-08-16 21:33:48,145 INFO o.a.j.t.JMeterThread: Thread started: TG - SOAK - 150 VU 1-61
2026-08-16 21:33:48,346 INFO o.a.j.t.JMeterThread: Thread started: TG - SOAK - 150 VU 1-62
2026-08-16 21:33:48,545 INFO o.a.j.t.JMeterThread: Thread started: TG - SOAK - 150 VU 1-63
2026-08-16 21:33:48,745 INFO o.a.j.t.JMeterThread: Thread started: TG - SOAK - 150 VU 1-64
2026-08-16 21:33:48,945 INFO o.a.j.t.JMeterThread: Thread started: TG - SOAK - 150 VU 1-65
2026-08-16 21:33:49,146 INFO o.a.j.t.JMeterThread: Thread started: TG - SOAK - 150 VU 1-66
2026-08-16 21:33:49,345 INFO o.a.j.t.JMeterThread: Thread started: TG - SOAK - 150 VU 1-67
2026-08-16 21:33:49,545 INFO o.a.j.t.JMeterThread: Thread started: TG - SOAK - 150 VU 1-68
2026-08-16 21:33:49,745 INFO o.a.j.t.JMeterThread: Thread started: TG - SOAK - 150 VU 1-69
2026-08-16 21:33:49,945 INFO o.a.j.t.JMeterThread: Thread started: TG - SOAK - 150 VU 1-70
2026-08-16 21:33:50,145 INFO o.a.j.t.JMeterThread: Thread started: TG - SOAK - 150 VU 1-71
2026-08-16 21:33:50,344 INFO o.a.j.t.JMeterThread: Thread started: TG - SOAK - 150 VU 1-72
2026-08-16 21:33:50,546 INFO o.a.j.t.JMeterThread: Thread started: TG - SOAK - 150 VU 1-73
2026-08-16 21:33:50,745 INFO o.a.j.t.JMeterThread: Thread started: TG - SOAK - 150 VU 1-74
2026-08-16 21:33:50,946 INFO o.a.j.t.JMeterThread: Thread started: TG - SOAK - 150 VU 1-75
2026-08-16 21:33:51,146 INFO o.a.j.t.JMeterThread: Thread started: TG - SOAK - 150 VU 1-76
2026-08-16 21:33:51,346 INFO o.a.j.t.JMeterThread: Thread started: TG - SOAK - 150 VU 1-77
2026-08-16 21:33:51,544 INFO o.a.j.t.JMeterThread: Thread started: TG - SOAK - 150 VU 1-78
2026-08-16 21:33:51,745 INFO o.a.j.t.JMeterThread: Thread started: TG - SOAK - 150 VU 1-79
2026-08-16 21:33:51,945 INFO o.a.j.t.JMeterThread: Thread started: TG - SOAK - 150 VU 1-80
2026-08-16 21:33:52,146 INFO o.a.j.t.JMeterThread: Thread started: TG - SOAK - 150 VU 1-81
2026-08-16 21:33:52,345 INFO o.a.j.t.JMeterThread: Thread started: TG - SOAK - 150 VU 1-82
2026-08-16 21:33:52,545 INFO o.a.j.t.JMeterThread: Thread started: TG - SOAK - 150 VU 1-83
2026-08-16 21:33:52,746 INFO o.a.j.t.JMeterThread: Thread started: TG - SOAK - 150 VU 1-84
2026-08-16 21:33:52,946 INFO o.a.j.t.JMeterThread: Thread started: TG - SOAK - 150 VU 1-85
2026-08-16 21:33:53,148 INFO o.a.j.t.JMeterThread: Thread started: TG - SOAK - 150 VU 1-86
2026-08-16 21:33:53,346 INFO o.a.j.t.JMeterThread: Thread started: TG - SOAK - 150 VU 1-87
2026-08-16 21:33:53,544 INFO o.a.j.t.JMeterThread: Thread started: TG - SOAK - 150 VU 1-88
2026-08-16 21:33:53,745 INFO o.a.j.t.JMeterThread: Thread started: TG - SOAK - 150 VU 1-89
2026-08-16 21:33:53,946 INFO o.a.j.t.JMeterThread: Thread started: TG - SOAK - 150 VU 1-90
2026-08-16 21:33:54,145 INFO o.a.j.t.JMeterThread: Thread started: TG - SOAK - 150 VU 1-91
2026-08-16 21:33:54,345 INFO o.a.j.t.JMeterThread: Thread started: TG - SOAK - 150 VU 1-92
2026-08-16 21:33:54,546 INFO o.a.j.t.JMeterThread: Thread started: TG - SOAK - 150 VU 1-93
2026-08-16 21:33:54,745 INFO o.a.j.t.JMeterThread: Thread started: TG - SOAK - 150 VU 1-94
2026-08-16 21:33:54,946 INFO o.a.j.t.JMeterThread: Thread started: TG - SOAK - 150 VU 1-95
2026-08-16 21:33:55,146 INFO o.a.j.t.JMeterThread: Thread started: TG - SOAK - 150 VU 1-96
2026-08-16 21:33:55,344 INFO o.a.j.t.JMeterThread: Thread started: TG - SOAK - 150 VU 1-97
2026-08-16 21:33:55,544 INFO o.a.j.t.JMeterThread: Thread started: TG - SOAK - 150 VU 1-98
2026-08-16 21:33:55,746 INFO o.a.j.t.JMeterThread: Thread started: TG - SOAK - 150 VU 1-99
2026-08-16 21:33:55,944 INFO o.a.j.t.JMeterThread: Thread started: TG - SOAK - 150 VU 1-100
2026-08-16 21:33:56,146 INFO o.a.j.t.JMeterThread: Thread started: TG - SOAK - 150 VU 1-101
2026-08-16 21:33:56,345 INFO o.a.j.t.JMeterThread: Thread started: TG - SOAK - 150 VU 1-102
2026-08-16 21:33:56,546 INFO o.a.j.t.JMeterThread: Thread started: TG - SOAK - 150 VU 1-103
2026-08-16 21:33:56,747 INFO o.a.j.t.JMeterThread: Thread started: TG - SOAK - 150 VU 1-104
2026-08-16 21:33:56,944 INFO o.a.j.t.JMeterThread: Thread started: TG - SOAK - 150 VU 1-105
2026-08-16 21:33:57,145 INFO o.a.j.t.JMeterThread: Thread started: TG - SOAK - 150 VU 1-106
2026-08-16 21:33:57,347 INFO o.a.j.t.JMeterThread: Thread started: TG - SOAK - 150 VU 1-107
2026-08-16 21:33:57,546 INFO o.a.j.t.JMeterThread: Thread started: TG - SOAK - 150 VU 1-108
2026-08-16 21:33:57,745 INFO o.a.j.t.JMeterThread: Thread started: TG - SOAK - 150 VU 1-109
2026-08-16 21:33:57,944 INFO o.a.j.t.JMeterThread: Thread started: TG - SOAK - 150 VU 1-110
2026-08-16 21:33:58,146 INFO o.a.j.t.JMeterThread: Thread started: TG - SOAK - 150 VU 1-111
2026-08-16 21:33:58,345 INFO o.a.j.t.JMeterThread: Thread started: TG - SOAK - 150 VU 1-112
2026-08-16 21:33:58,545 INFO o.a.j.t.JMeterThread: Thread started: TG - SOAK - 150 VU 1-113
2026-08-16 21:33:58,746 INFO o.a.j.t.JMeterThread: Thread started: TG - SOAK - 150 VU 1-114
2026-08-16 21:33:58,946 INFO o.a.j.t.JMeterThread: Thread started: TG - SOAK - 150 VU 1-115
2026-08-16 21:33:59,144 INFO o.a.j.t.JMeterThread: Thread started: TG - SOAK - 150 VU 1-116
2026-08-16 21:33:59,344 INFO o.a.j.t.JMeterThread: Thread started: TG - SOAK - 150 VU 1-117
2026-08-16 21:33:59,547 INFO o.a.j.t.JMeterThread: Thread started: TG - SOAK - 150 VU 1-118
2026-08-16 21:33:59,746 INFO o.a.j.t.JMeterThread: Thread started: TG - SOAK - 150 VU 1-119
2026-08-16 21:33:59,945 INFO o.a.j.t.JMeterThread: Thread started: TG - SOAK - 150 VU 1-120
2026-08-16 21:34:00,005 INFO o.a.j.r.Summariser: summary +   1502 in 00:00:24 =   62.9/s Avg:     4 Min:     0 Max:    49 Err:     0 (0.00%) Active: 120 Started: 120 Finished: 0
2026-08-16 21:34:00,145 INFO o.a.j.t.JMeterThread: Thread started: TG - SOAK - 150 VU 1-121
2026-08-16 21:34:00,345 INFO o.a.j.t.JMeterThread: Thread started: TG - SOAK - 150 VU 1-122
2026-08-16 21:34:00,546 INFO o.a.j.t.JMeterThread: Thread started: TG - SOAK - 150 VU 1-123
2026-08-16 21:34:00,746 INFO o.a.j.t.JMeterThread: Thread started: TG - SOAK - 150 VU 1-124
2026-08-16 21:34:00,945 INFO o.a.j.t.JMeterThread: Thread started: TG - SOAK - 150 VU 1-125
2026-08-16 21:34:01,146 INFO o.a.j.t.JMeterThread: Thread started: TG - SOAK - 150 VU 1-126
2026-08-16 21:34:01,345 INFO o.a.j.t.JMeterThread: Thread started: TG - SOAK - 150 VU 1-127
2026-08-16 21:34:01,544 INFO o.a.j.t.JMeterThread: Thread started: TG - SOAK - 150 VU 1-128
2026-08-16 21:34:01,747 INFO o.a.j.t.JMeterThread: Thread started: TG - SOAK - 150 VU 1-129
2026-08-16 21:34:01,944 INFO o.a.j.t.JMeterThread: Thread started: TG - SOAK - 150 VU 1-130
2026-08-16 21:34:02,145 INFO o.a.j.t.JMeterThread: Thread started: TG - SOAK - 150 VU 1-131
2026-08-16 21:34:02,346 INFO o.a.j.t.JMeterThread: Thread started: TG - SOAK - 150 VU 1-132
2026-08-16 21:34:02,544 INFO o.a.j.t.JMeterThread: Thread started: TG - SOAK - 150 VU 1-133
2026-08-16 21:34:02,745 INFO o.a.j.t.JMeterThread: Thread started: TG - SOAK - 150 VU 1-134
2026-08-16 21:34:02,946 INFO o.a.j.t.JMeterThread: Thread started: TG - SOAK - 150 VU 1-135
2026-08-16 21:34:03,145 INFO o.a.j.t.JMeterThread: Thread started: TG - SOAK - 150 VU 1-136
2026-08-16 21:34:03,346 INFO o.a.j.t.JMeterThread: Thread started: TG - SOAK - 150 VU 1-137
2026-08-16 21:34:03,545 INFO o.a.j.t.JMeterThread: Thread started: TG - SOAK - 150 VU 1-138
2026-08-16 21:34:03,745 INFO o.a.j.t.JMeterThread: Thread started: TG - SOAK - 150 VU 1-139
2026-08-16 21:34:03,945 INFO o.a.j.t.JMeterThread: Thread started: TG - SOAK - 150 VU 1-140
2026-08-16 21:34:04,146 INFO o.a.j.t.JMeterThread: Thread started: TG - SOAK - 150 VU 1-141
2026-08-16 21:34:04,345 INFO o.a.j.t.JMeterThread: Thread started: TG - SOAK - 150 VU 1-142
2026-08-16 21:34:04,544 INFO o.a.j.t.JMeterThread: Thread started: TG - SOAK - 150 VU 1-143
2026-08-16 21:34:04,746 INFO o.a.j.t.JMeterThread: Thread started: TG - SOAK - 150 VU 1-144
2026-08-16 21:34:04,946 INFO o.a.j.t.JMeterThread: Thread started: TG - SOAK - 150 VU 1-145
2026-08-16 21:34:05,145 INFO o.a.j.t.JMeterThread: Thread started: TG - SOAK - 150 VU 1-146
2026-08-16 21:34:05,346 INFO o.a.j.t.JMeterThread: Thread started: TG - SOAK - 150 VU 1-147
2026-08-16 21:34:05,546 INFO o.a.j.t.JMeterThread: Thread started: TG - SOAK - 150 VU 1-148
2026-08-16 21:34:05,744 INFO o.a.j.t.JMeterThread: Thread started: TG - SOAK - 150 VU 1-149
2026-08-16 21:34:05,945 INFO o.a.j.t.JMeterThread: Thread started: TG - SOAK - 150 VU 1-150
2026-08-16 21:34:30,027 INFO o.a.j.r.Summariser: summary +   5104 in 00:00:30 =  170.0/s Avg:     4 Min:     0 Max:    44 Err:     0 (0.00%) Active: 150 Started: 150 Finished: 0
2026-08-16 21:34:30,027 INFO o.a.j.r.Summariser: summary =   6606 in 00:00:54 =  122.6/s Avg:     4 Min:     0 Max:    49 Err:     0 (0.00%)
2026-08-16 21:35:00,002 INFO o.a.j.r.Summariser: summary +   5086 in 00:00:30 =  169.7/s Avg:     4 Min:     0 Max:   121 Err:     0 (0.00%) Active: 150 Started: 150 Finished: 0
2026-08-16 21:35:00,003 INFO o.a.j.r.Summariser: summary =  11692 in 00:01:24 =  139.4/s Avg:     4 Min:     0 Max:   121 Err:     0 (0.00%)
2026-08-16 21:35:30,027 INFO o.a.j.r.Summariser: summary +   5265 in 00:00:30 =  175.4/s Avg:     4 Min:     0 Max:    43 Err:     0 (0.00%) Active: 150 Started: 150 Finished: 0
2026-08-16 21:35:30,028 INFO o.a.j.r.Summariser: summary =  16957 in 00:01:54 =  148.9/s Avg:     4 Min:     0 Max:   121 Err:     0 (0.00%)
2026-08-16 21:36:00,002 INFO o.a.j.r.Summariser: summary +   5190 in 00:00:30 =  173.2/s Avg:     4 Min:     0 Max:    44 Err:     0 (0.00%) Active: 150 Started: 150 Finished: 0
2026-08-16 21:36:00,003 INFO o.a.j.r.Summariser: summary =  22147 in 00:02:24 =  153.9/s Avg:     4 Min:     0 Max:   121 Err:     0 (0.00%)
2026-08-16 21:36:30,019 INFO o.a.j.r.Summariser: summary +   5205 in 00:00:30 =  173.4/s Avg:     4 Min:     0 Max:    53 Err:     0 (0.00%) Active: 150 Started: 150 Finished: 0
2026-08-16 21:36:30,019 INFO o.a.j.r.Summariser: summary =  27352 in 00:02:54 =  157.3/s Avg:     4 Min:     0 Max:   121 Err:     0 (0.00%)
2026-08-16 21:37:00,007 INFO o.a.j.r.Summariser: summary +   5234 in 00:00:30 =  174.5/s Avg:     5 Min:     0 Max:    52 Err:     0 (0.00%) Active: 150 Started: 150 Finished: 0
2026-08-16 21:37:00,007 INFO o.a.j.r.Summariser: summary =  32586 in 00:03:24 =  159.8/s Avg:     4 Min:     0 Max:   121 Err:     0 (0.00%)
2026-08-16 21:37:30,003 INFO o.a.j.r.Summariser: summary +   5189 in 00:00:30 =  173.0/s Avg:     6 Min:     0 Max:    89 Err:     0 (0.00%) Active: 150 Started: 150 Finished: 0
2026-08-16 21:37:30,003 INFO o.a.j.r.Summariser: summary =  37775 in 00:03:54 =  161.5/s Avg:     4 Min:     0 Max:   121 Err:     0 (0.00%)
2026-08-16 21:38:00,001 INFO o.a.j.r.Summariser: summary +   5133 in 00:00:30 =  171.1/s Avg:     7 Min:     0 Max:    69 Err:     0 (0.00%) Active: 150 Started: 150 Finished: 0
2026-08-16 21:38:00,002 INFO o.a.j.r.Summariser: summary =  42908 in 00:04:24 =  162.6/s Avg:     5 Min:     0 Max:   121 Err:     0 (0.00%)
2026-08-16 21:38:30,000 INFO o.a.j.r.Summariser: summary +   5208 in 00:00:30 =  173.6/s Avg:     6 Min:     0 Max:    56 Err:     0 (0.00%) Active: 150 Started: 150 Finished: 0
2026-08-16 21:38:30,000 INFO o.a.j.r.Summariser: summary =  48116 in 00:04:54 =  163.7/s Avg:     5 Min:     0 Max:   121 Err:     0 (0.00%)
2026-08-16 21:39:00,046 INFO o.a.j.r.Summariser: summary +   5168 in 00:00:30 =  172.0/s Avg:     4 Min:     0 Max:    46 Err:     0 (0.00%) Active: 150 Started: 150 Finished: 0
2026-08-16 21:39:00,047 INFO o.a.j.r.Summariser: summary =  53284 in 00:05:24 =  164.5/s Avg:     5 Min:     0 Max:   121 Err:     0 (0.00%)
2026-08-16 21:39:30,000 INFO o.a.j.r.Summariser: summary +   5212 in 00:00:30 =  174.0/s Avg:     4 Min:     0 Max:    45 Err:     0 (0.00%) Active: 150 Started: 150 Finished: 0
2026-08-16 21:39:30,001 INFO o.a.j.r.Summariser: summary =  58496 in 00:05:54 =  165.3/s Avg:     5 Min:     0 Max:   121 Err:     0 (0.00%)
2026-08-16 21:40:00,012 INFO o.a.j.r.Summariser: summary +   5213 in 00:00:30 =  173.7/s Avg:     5 Min:     0 Max:    38 Err:     0 (0.00%) Active: 150 Started: 150 Finished: 0
2026-08-16 21:40:00,012 INFO o.a.j.r.Summariser: summary =  63709 in 00:06:24 =  166.0/s Avg:     5 Min:     0 Max:   121 Err:     0 (0.00%)
2026-08-16 21:40:30,007 INFO o.a.j.r.Summariser: summary +   5166 in 00:00:30 =  172.2/s Avg:     6 Min:     0 Max:    81 Err:     0 (0.00%) Active: 150 Started: 150 Finished: 0
2026-08-16 21:40:30,007 INFO o.a.j.r.Summariser: summary =  68875 in 00:06:54 =  166.4/s Avg:     5 Min:     0 Max:   121 Err:     0 (0.00%)
2026-08-16 21:41:00,003 INFO o.a.j.r.Summariser: summary +   5242 in 00:00:30 =  174.8/s Avg:     5 Min:     0 Max:    59 Err:     0 (0.00%) Active: 150 Started: 150 Finished: 0
2026-08-16 21:41:00,004 INFO o.a.j.r.Summariser: summary =  74117 in 00:07:24 =  167.0/s Avg:     5 Min:     0 Max:   121 Err:     0 (0.00%)
2026-08-16 21:41:30,002 INFO o.a.j.r.Summariser: summary +   5182 in 00:00:30 =  172.7/s Avg:     5 Min:     0 Max:    47 Err:     0 (0.00%) Active: 150 Started: 150 Finished: 0
2026-08-16 21:41:30,003 INFO o.a.j.r.Summariser: summary =  79299 in 00:07:54 =  167.3/s Avg:     5 Min:     0 Max:   121 Err:     0 (0.00%)
2026-08-16 21:42:00,007 INFO o.a.j.r.Summariser: summary +   5220 in 00:00:30 =  174.0/s Avg:     5 Min:     0 Max:    54 Err:     0 (0.00%) Active: 150 Started: 150 Finished: 0
2026-08-16 21:42:00,007 INFO o.a.j.r.Summariser: summary =  84519 in 00:08:24 =  167.7/s Avg:     5 Min:     0 Max:   121 Err:     0 (0.00%)
2026-08-16 21:42:30,011 INFO o.a.j.r.Summariser: summary +   5194 in 00:00:30 =  173.1/s Avg:     5 Min:     0 Max:    50 Err:     0 (0.00%) Active: 150 Started: 150 Finished: 0
2026-08-16 21:42:30,011 INFO o.a.j.r.Summariser: summary =  89713 in 00:08:54 =  168.0/s Avg:     5 Min:     0 Max:   121 Err:     0 (0.00%)
2026-08-16 21:43:00,000 INFO o.a.j.r.Summariser: summary +   5165 in 00:00:30 =  172.2/s Avg:     5 Min:     0 Max:    51 Err:     0 (0.00%) Active: 150 Started: 150 Finished: 0
2026-08-16 21:43:00,001 INFO o.a.j.r.Summariser: summary =  94878 in 00:09:24 =  168.3/s Avg:     5 Min:     0 Max:   121 Err:     0 (0.00%)
2026-08-16 21:43:30,015 INFO o.a.j.r.Summariser: summary +   5230 in 00:00:30 =  174.3/s Avg:     5 Min:     0 Max:    45 Err:     0 (0.00%) Active: 150 Started: 150 Finished: 0
2026-08-16 21:43:30,015 INFO o.a.j.r.Summariser: summary = 100108 in 00:09:54 =  168.6/s Avg:     5 Min:     0 Max:   121 Err:     0 (0.00%)
2026-08-16 21:44:00,004 INFO o.a.j.r.Summariser: summary +   5159 in 00:00:30 =  172.0/s Avg:     5 Min:     0 Max:    49 Err:     0 (0.00%) Active: 150 Started: 150 Finished: 0
2026-08-16 21:44:00,004 INFO o.a.j.r.Summariser: summary = 105267 in 00:10:24 =  168.7/s Avg:     5 Min:     0 Max:   121 Err:     0 (0.00%)
2026-08-16 21:44:30,011 INFO o.a.j.r.Summariser: summary +   5155 in 00:00:30 =  171.8/s Avg:     5 Min:     0 Max:    43 Err:     0 (0.00%) Active: 150 Started: 150 Finished: 0
2026-08-16 21:44:30,011 INFO o.a.j.r.Summariser: summary = 110422 in 00:10:54 =  168.9/s Avg:     5 Min:     0 Max:   121 Err:     0 (0.00%)
2026-08-16 21:45:00,002 INFO o.a.j.r.Summariser: summary +   5234 in 00:00:30 =  174.5/s Avg:     6 Min:     0 Max:    61 Err:     0 (0.00%) Active: 150 Started: 150 Finished: 0
2026-08-16 21:45:00,002 INFO o.a.j.r.Summariser: summary = 115656 in 00:11:24 =  169.1/s Avg:     5 Min:     0 Max:   121 Err:     0 (0.00%)
2026-08-16 21:45:30,006 INFO o.a.j.r.Summariser: summary +   5299 in 00:00:30 =  176.6/s Avg:     5 Min:     0 Max:    38 Err:     0 (0.00%) Active: 150 Started: 150 Finished: 0
2026-08-16 21:45:30,007 INFO o.a.j.r.Summariser: summary = 120955 in 00:11:54 =  169.4/s Avg:     5 Min:     0 Max:   121 Err:     0 (0.00%)
2026-08-16 21:46:00,000 INFO o.a.j.r.Summariser: summary +   5179 in 00:00:30 =  172.7/s Avg:     5 Min:     0 Max:    38 Err:     0 (0.00%) Active: 150 Started: 150 Finished: 0
2026-08-16 21:46:00,000 INFO o.a.j.r.Summariser: summary = 126134 in 00:12:24 =  169.6/s Avg:     5 Min:     0 Max:   121 Err:     0 (0.00%)
2026-08-16 21:46:30,024 INFO o.a.j.r.Summariser: summary +   5237 in 00:00:30 =  174.4/s Avg:     6 Min:     0 Max:    60 Err:     0 (0.00%) Active: 150 Started: 150 Finished: 0
2026-08-16 21:46:30,025 INFO o.a.j.r.Summariser: summary = 131371 in 00:12:54 =  169.8/s Avg:     5 Min:     0 Max:   121 Err:     0 (0.00%)
2026-08-16 21:47:00,005 INFO o.a.j.r.Summariser: summary +   5210 in 00:00:30 =  173.8/s Avg:     6 Min:     0 Max:    57 Err:     0 (0.00%) Active: 150 Started: 150 Finished: 0
2026-08-16 21:47:00,006 INFO o.a.j.r.Summariser: summary = 136581 in 00:13:24 =  169.9/s Avg:     5 Min:     0 Max:   121 Err:     0 (0.00%)
2026-08-16 21:47:30,003 INFO o.a.j.r.Summariser: summary +   5260 in 00:00:30 =  175.3/s Avg:     6 Min:     0 Max:    65 Err:     0 (0.00%) Active: 150 Started: 150 Finished: 0
2026-08-16 21:47:30,003 INFO o.a.j.r.Summariser: summary = 141841 in 00:13:54 =  170.1/s Avg:     5 Min:     0 Max:   121 Err:     0 (0.00%)
2026-08-16 21:48:00,006 INFO o.a.j.r.Summariser: summary +   5234 in 00:00:30 =  174.4/s Avg:     7 Min:     0 Max:    91 Err:     0 (0.00%) Active: 150 Started: 150 Finished: 0
2026-08-16 21:48:00,007 INFO o.a.j.r.Summariser: summary = 147075 in 00:14:24 =  170.3/s Avg:     5 Min:     0 Max:   121 Err:     0 (0.00%)
2026-08-16 21:48:30,003 INFO o.a.j.r.Summariser: summary +   5198 in 00:00:30 =  173.3/s Avg:     6 Min:     0 Max:    68 Err:     0 (0.00%) Active: 150 Started: 150 Finished: 0
2026-08-16 21:48:30,004 INFO o.a.j.r.Summariser: summary = 152273 in 00:14:54 =  170.4/s Avg:     5 Min:     0 Max:   121 Err:     0 (0.00%)
2026-08-16 21:48:33,440 INFO o.a.j.t.JMeterThread: Thread finished: TG - SOAK - 150 VU 1-80
2026-08-16 21:48:33,535 INFO o.a.j.t.JMeterThread: Thread finished: TG - SOAK - 150 VU 1-70
2026-08-16 21:48:33,745 INFO o.a.j.t.JMeterThread: Thread finished: TG - SOAK - 150 VU 1-4
2026-08-16 21:48:33,783 INFO o.a.j.t.JMeterThread: Thread finished: TG - SOAK - 150 VU 1-102
2026-08-16 21:48:33,814 INFO o.a.j.t.JMeterThread: Thread finished: TG - SOAK - 150 VU 1-35
2026-08-16 21:48:33,893 INFO o.a.j.t.JMeterThread: Thread finished: TG - SOAK - 150 VU 1-79
2026-08-16 21:48:33,899 INFO o.a.j.t.JMeterThread: Thread finished: TG - SOAK - 150 VU 1-38
2026-08-16 21:48:33,901 INFO o.a.j.t.JMeterThread: Thread finished: TG - SOAK - 150 VU 1-62
2026-08-16 21:48:33,944 INFO o.a.j.t.JMeterThread: Thread finished: TG - SOAK - 150 VU 1-106
2026-08-16 21:48:33,961 INFO o.a.j.t.JMeterThread: Thread finished: TG - SOAK - 150 VU 1-114
2026-08-16 21:48:33,997 INFO o.a.j.t.JMeterThread: Thread finished: TG - SOAK - 150 VU 1-73
2026-08-16 21:48:34,007 INFO o.a.j.t.JMeterThread: Thread finished: TG - SOAK - 150 VU 1-69
2026-08-16 21:48:34,027 INFO o.a.j.t.JMeterThread: Thread finished: TG - SOAK - 150 VU 1-34
2026-08-16 21:48:34,093 INFO o.a.j.t.JMeterThread: Thread finished: TG - SOAK - 150 VU 1-20
2026-08-16 21:48:34,094 INFO o.a.j.t.JMeterThread: Thread finished: TG - SOAK - 150 VU 1-129
2026-08-16 21:48:34,102 INFO o.a.j.t.JMeterThread: Thread finished: TG - SOAK - 150 VU 1-66
2026-08-16 21:48:34,184 INFO o.a.j.t.JMeterThread: Thread finished: TG - SOAK - 150 VU 1-17
2026-08-16 21:48:34,192 INFO o.a.j.t.JMeterThread: Thread finished: TG - SOAK - 150 VU 1-13
2026-08-16 21:48:34,210 INFO o.a.j.t.JMeterThread: Thread finished: TG - SOAK - 150 VU 1-28
2026-08-16 21:48:34,238 INFO o.a.j.t.JMeterThread: Thread finished: TG - SOAK - 150 VU 1-97
2026-08-16 21:48:34,254 INFO o.a.j.t.JMeterThread: Thread finished: TG - SOAK - 150 VU 1-122
2026-08-16 21:48:34,264 INFO o.a.j.t.JMeterThread: Thread finished: TG - SOAK - 150 VU 1-47
2026-08-16 21:48:34,270 INFO o.a.j.t.JMeterThread: Thread finished: TG - SOAK - 150 VU 1-127
2026-08-16 21:48:34,280 INFO o.a.j.t.JMeterThread: Thread finished: TG - SOAK - 150 VU 1-31
2026-08-16 21:48:34,336 INFO o.a.j.t.JMeterThread: Thread finished: TG - SOAK - 150 VU 1-46
2026-08-16 21:48:34,351 INFO o.a.j.t.JMeterThread: Thread finished: TG - SOAK - 150 VU 1-40
2026-08-16 21:48:34,361 INFO o.a.j.t.JMeterThread: Thread finished: TG - SOAK - 150 VU 1-14
2026-08-16 21:48:34,463 INFO o.a.j.t.JMeterThread: Thread finished: TG - SOAK - 150 VU 1-101
2026-08-16 21:48:34,491 INFO o.a.j.t.JMeterThread: Thread finished: TG - SOAK - 150 VU 1-37
2026-08-16 21:48:34,492 INFO o.a.j.t.JMeterThread: Thread finished: TG - SOAK - 150 VU 1-7
2026-08-16 21:48:34,568 INFO o.a.j.t.JMeterThread: Thread finished: TG - SOAK - 150 VU 1-39
2026-08-16 21:48:34,568 INFO o.a.j.t.JMeterThread: Thread finished: TG - SOAK - 150 VU 1-21
2026-08-16 21:48:34,611 INFO o.a.j.t.JMeterThread: Thread finished: TG - SOAK - 150 VU 1-112
2026-08-16 21:48:34,613 INFO o.a.j.t.JMeterThread: Thread finished: TG - SOAK - 150 VU 1-128
2026-08-16 21:48:34,628 INFO o.a.j.t.JMeterThread: Thread finished: TG - SOAK - 150 VU 1-110
2026-08-16 21:48:34,637 INFO o.a.j.t.JMeterThread: Thread finished: TG - SOAK - 150 VU 1-124
2026-08-16 21:48:34,653 INFO o.a.j.t.JMeterThread: Thread finished: TG - SOAK - 150 VU 1-32
2026-08-16 21:48:34,676 INFO o.a.j.t.JMeterThread: Thread finished: TG - SOAK - 150 VU 1-141
2026-08-16 21:48:34,683 INFO o.a.j.t.JMeterThread: Thread finished: TG - SOAK - 150 VU 1-123
2026-08-16 21:48:34,687 INFO o.a.j.t.JMeterThread: Thread finished: TG - SOAK - 150 VU 1-125
2026-08-16 21:48:34,697 INFO o.a.j.t.JMeterThread: Thread finished: TG - SOAK - 150 VU 1-33
2026-08-16 21:48:34,705 INFO o.a.j.t.JMeterThread: Thread finished: TG - SOAK - 150 VU 1-108
2026-08-16 21:48:34,711 INFO o.a.j.t.JMeterThread: Thread finished: TG - SOAK - 150 VU 1-9
2026-08-16 21:48:34,711 INFO o.a.j.t.JMeterThread: Thread finished: TG - SOAK - 150 VU 1-87
2026-08-16 21:48:34,732 INFO o.a.j.t.JMeterThread: Thread finished: TG - SOAK - 150 VU 1-140
2026-08-16 21:48:34,736 INFO o.a.j.t.JMeterThread: Thread finished: TG - SOAK - 150 VU 1-98
2026-08-16 21:48:34,755 INFO o.a.j.t.JMeterThread: Thread finished: TG - SOAK - 150 VU 1-71
2026-08-16 21:48:34,759 INFO o.a.j.t.JMeterThread: Thread finished: TG - SOAK - 150 VU 1-52
2026-08-16 21:48:34,769 INFO o.a.j.t.JMeterThread: Thread finished: TG - SOAK - 150 VU 1-111
2026-08-16 21:48:34,771 INFO o.a.j.t.JMeterThread: Thread finished: TG - SOAK - 150 VU 1-76
2026-08-16 21:48:34,862 INFO o.a.j.t.JMeterThread: Thread finished: TG - SOAK - 150 VU 1-65
2026-08-16 21:48:34,878 INFO o.a.j.t.JMeterThread: Thread finished: TG - SOAK - 150 VU 1-12
2026-08-16 21:48:34,888 INFO o.a.j.t.JMeterThread: Thread finished: TG - SOAK - 150 VU 1-145
2026-08-16 21:48:34,888 INFO o.a.j.t.JMeterThread: Thread finished: TG - SOAK - 150 VU 1-83
2026-08-16 21:48:34,890 INFO o.a.j.t.JMeterThread: Thread finished: TG - SOAK - 150 VU 1-78
2026-08-16 21:48:34,891 INFO o.a.j.t.JMeterThread: Thread finished: TG - SOAK - 150 VU 1-54
2026-08-16 21:48:34,921 INFO o.a.j.t.JMeterThread: Thread finished: TG - SOAK - 150 VU 1-142
2026-08-16 21:48:34,958 INFO o.a.j.t.JMeterThread: Thread finished: TG - SOAK - 150 VU 1-94
2026-08-16 21:48:34,990 INFO o.a.j.t.JMeterThread: Thread finished: TG - SOAK - 150 VU 1-107
2026-08-16 21:48:34,990 INFO o.a.j.t.JMeterThread: Thread finished: TG - SOAK - 150 VU 1-95
2026-08-16 21:48:35,008 INFO o.a.j.t.JMeterThread: Thread finished: TG - SOAK - 150 VU 1-57
2026-08-16 21:48:35,047 INFO o.a.j.t.JMeterThread: Thread finished: TG - SOAK - 150 VU 1-41
2026-08-16 21:48:35,051 INFO o.a.j.t.JMeterThread: Thread finished: TG - SOAK - 150 VU 1-64
2026-08-16 21:48:35,074 INFO o.a.j.t.JMeterThread: Thread finished: TG - SOAK - 150 VU 1-25
2026-08-16 21:48:35,137 INFO o.a.j.t.JMeterThread: Thread finished: TG - SOAK - 150 VU 1-8
2026-08-16 21:48:35,140 INFO o.a.j.t.JMeterThread: Thread finished: TG - SOAK - 150 VU 1-150
2026-08-16 21:48:35,143 INFO o.a.j.t.JMeterThread: Thread finished: TG - SOAK - 150 VU 1-84
2026-08-16 21:48:35,156 INFO o.a.j.t.JMeterThread: Thread finished: TG - SOAK - 150 VU 1-55
2026-08-16 21:48:35,158 INFO o.a.j.t.JMeterThread: Thread finished: TG - SOAK - 150 VU 1-139
2026-08-16 21:48:35,206 INFO o.a.j.t.JMeterThread: Thread finished: TG - SOAK - 150 VU 1-18
2026-08-16 21:48:35,240 INFO o.a.j.t.JMeterThread: Thread finished: TG - SOAK - 150 VU 1-1
2026-08-16 21:48:35,261 INFO o.a.j.t.JMeterThread: Thread finished: TG - SOAK - 150 VU 1-116
2026-08-16 21:48:35,262 INFO o.a.j.t.JMeterThread: Thread finished: TG - SOAK - 150 VU 1-45
2026-08-16 21:48:35,263 INFO o.a.j.t.JMeterThread: Thread finished: TG - SOAK - 150 VU 1-99
2026-08-16 21:48:35,278 INFO o.a.j.t.JMeterThread: Thread finished: TG - SOAK - 150 VU 1-60
2026-08-16 21:48:35,280 INFO o.a.j.t.JMeterThread: Thread finished: TG - SOAK - 150 VU 1-115
2026-08-16 21:48:35,292 INFO o.a.j.t.JMeterThread: Thread finished: TG - SOAK - 150 VU 1-82
2026-08-16 21:48:35,304 INFO o.a.j.t.JMeterThread: Thread finished: TG - SOAK - 150 VU 1-137
2026-08-16 21:48:35,318 INFO o.a.j.t.JMeterThread: Thread finished: TG - SOAK - 150 VU 1-58
2026-08-16 21:48:35,323 INFO o.a.j.t.JMeterThread: Thread finished: TG - SOAK - 150 VU 1-92
2026-08-16 21:48:35,348 INFO o.a.j.t.JMeterThread: Thread finished: TG - SOAK - 150 VU 1-104
2026-08-16 21:48:35,363 INFO o.a.j.t.JMeterThread: Thread finished: TG - SOAK - 150 VU 1-5
2026-08-16 21:48:35,364 INFO o.a.j.t.JMeterThread: Thread finished: TG - SOAK - 150 VU 1-67
2026-08-16 21:48:35,379 INFO o.a.j.t.JMeterThread: Thread finished: TG - SOAK - 150 VU 1-11
2026-08-16 21:48:35,392 INFO o.a.j.t.JMeterThread: Thread finished: TG - SOAK - 150 VU 1-117
2026-08-16 21:48:35,400 INFO o.a.j.t.JMeterThread: Thread finished: TG - SOAK - 150 VU 1-51
2026-08-16 21:48:35,403 INFO o.a.j.t.JMeterThread: Thread finished: TG - SOAK - 150 VU 1-149
2026-08-16 21:48:35,408 INFO o.a.j.t.JMeterThread: Thread finished: TG - SOAK - 150 VU 1-63
2026-08-16 21:48:35,426 INFO o.a.j.t.JMeterThread: Thread finished: TG - SOAK - 150 VU 1-2
2026-08-16 21:48:35,440 INFO o.a.j.t.JMeterThread: Thread finished: TG - SOAK - 150 VU 1-42
2026-08-16 21:48:35,461 INFO o.a.j.t.JMeterThread: Thread finished: TG - SOAK - 150 VU 1-109
2026-08-16 21:48:35,462 INFO o.a.j.t.JMeterThread: Thread finished: TG - SOAK - 150 VU 1-86
2026-08-16 21:48:35,465 INFO o.a.j.t.JMeterThread: Thread finished: TG - SOAK - 150 VU 1-136
2026-08-16 21:48:35,485 INFO o.a.j.t.JMeterThread: Thread finished: TG - SOAK - 150 VU 1-36
2026-08-16 21:48:35,604 INFO o.a.j.t.JMeterThread: Thread finished: TG - SOAK - 150 VU 1-88
2026-08-16 21:48:35,609 INFO o.a.j.t.JMeterThread: Thread finished: TG - SOAK - 150 VU 1-119
2026-08-16 21:48:35,614 INFO o.a.j.t.JMeterThread: Thread finished: TG - SOAK - 150 VU 1-15
2026-08-16 21:48:35,653 INFO o.a.j.t.JMeterThread: Thread finished: TG - SOAK - 150 VU 1-103
2026-08-16 21:48:35,661 INFO o.a.j.t.JMeterThread: Thread finished: TG - SOAK - 150 VU 1-77
2026-08-16 21:48:35,676 INFO o.a.j.t.JMeterThread: Thread finished: TG - SOAK - 150 VU 1-135
2026-08-16 21:48:35,688 INFO o.a.j.t.JMeterThread: Thread finished: TG - SOAK - 150 VU 1-89
2026-08-16 21:48:35,695 INFO o.a.j.t.JMeterThread: Thread finished: TG - SOAK - 150 VU 1-75
2026-08-16 21:48:35,696 INFO o.a.j.t.JMeterThread: Thread finished: TG - SOAK - 150 VU 1-27
2026-08-16 21:48:35,702 INFO o.a.j.t.JMeterThread: Thread finished: TG - SOAK - 150 VU 1-131
2026-08-16 21:48:35,702 INFO o.a.j.t.JMeterThread: Thread finished: TG - SOAK - 150 VU 1-22
2026-08-16 21:48:35,715 INFO o.a.j.t.JMeterThread: Thread finished: TG - SOAK - 150 VU 1-72
2026-08-16 21:48:35,716 INFO o.a.j.t.JMeterThread: Thread finished: TG - SOAK - 150 VU 1-133
2026-08-16 21:48:35,729 INFO o.a.j.t.JMeterThread: Thread finished: TG - SOAK - 150 VU 1-10
2026-08-16 21:48:35,758 INFO o.a.j.t.JMeterThread: Thread finished: TG - SOAK - 150 VU 1-132
2026-08-16 21:48:35,760 INFO o.a.j.t.JMeterThread: Thread finished: TG - SOAK - 150 VU 1-43
2026-08-16 21:48:35,781 INFO o.a.j.t.JMeterThread: Thread finished: TG - SOAK - 150 VU 1-74
2026-08-16 21:48:35,784 INFO o.a.j.t.JMeterThread: Thread finished: TG - SOAK - 150 VU 1-85
2026-08-16 21:48:35,795 INFO o.a.j.t.JMeterThread: Thread finished: TG - SOAK - 150 VU 1-68
2026-08-16 21:48:35,819 INFO o.a.j.t.JMeterThread: Thread finished: TG - SOAK - 150 VU 1-120
2026-08-16 21:48:35,825 INFO o.a.j.t.JMeterThread: Thread finished: TG - SOAK - 150 VU 1-30
2026-08-16 21:48:35,869 INFO o.a.j.t.JMeterThread: Thread finished: TG - SOAK - 150 VU 1-81
2026-08-16 21:48:35,871 INFO o.a.j.t.JMeterThread: Thread finished: TG - SOAK - 150 VU 1-118
2026-08-16 21:48:35,896 INFO o.a.j.t.JMeterThread: Thread finished: TG - SOAK - 150 VU 1-134
2026-08-16 21:48:35,907 INFO o.a.j.t.JMeterThread: Thread finished: TG - SOAK - 150 VU 1-6
2026-08-16 21:48:35,955 INFO o.a.j.t.JMeterThread: Thread finished: TG - SOAK - 150 VU 1-96
2026-08-16 21:48:35,958 INFO o.a.j.t.JMeterThread: Thread finished: TG - SOAK - 150 VU 1-143
2026-08-16 21:48:35,978 INFO o.a.j.t.JMeterThread: Thread finished: TG - SOAK - 150 VU 1-90
2026-08-16 21:48:35,982 INFO o.a.j.t.JMeterThread: Thread finished: TG - SOAK - 150 VU 1-121
2026-08-16 21:48:35,990 INFO o.a.j.t.JMeterThread: Thread finished: TG - SOAK - 150 VU 1-59
2026-08-16 21:48:36,008 INFO o.a.j.t.JMeterThread: Thread finished: TG - SOAK - 150 VU 1-138
2026-08-16 21:48:36,015 INFO o.a.j.t.JMeterThread: Thread finished: TG - SOAK - 150 VU 1-105
2026-08-16 21:48:36,026 INFO o.a.j.t.JMeterThread: Thread finished: TG - SOAK - 150 VU 1-93
2026-08-16 21:48:36,031 INFO o.a.j.t.JMeterThread: Thread finished: TG - SOAK - 150 VU 1-48
2026-08-16 21:48:36,046 INFO o.a.j.t.JMeterThread: Thread finished: TG - SOAK - 150 VU 1-100
2026-08-16 21:48:36,050 INFO o.a.j.t.JMeterThread: Thread finished: TG - SOAK - 150 VU 1-44
2026-08-16 21:48:36,058 INFO o.a.j.t.JMeterThread: Thread finished: TG - SOAK - 150 VU 1-3
2026-08-16 21:48:36,068 INFO o.a.j.t.JMeterThread: Thread finished: TG - SOAK - 150 VU 1-50
2026-08-16 21:48:36,089 INFO o.a.j.t.JMeterThread: Thread finished: TG - SOAK - 150 VU 1-53
2026-08-16 21:48:36,090 INFO o.a.j.t.JMeterThread: Thread finished: TG - SOAK - 150 VU 1-126
2026-08-16 21:48:36,101 INFO o.a.j.t.JMeterThread: Thread finished: TG - SOAK - 150 VU 1-23
2026-08-16 21:48:36,105 INFO o.a.j.t.JMeterThread: Thread finished: TG - SOAK - 150 VU 1-144
2026-08-16 21:48:36,107 INFO o.a.j.t.JMeterThread: Thread finished: TG - SOAK - 150 VU 1-148
2026-08-16 21:48:36,119 INFO o.a.j.t.JMeterThread: Thread finished: TG - SOAK - 150 VU 1-147
2026-08-16 21:48:36,134 INFO o.a.j.t.JMeterThread: Thread finished: TG - SOAK - 150 VU 1-56
2026-08-16 21:48:36,135 INFO o.a.j.t.JMeterThread: Thread finished: TG - SOAK - 150 VU 1-113
2026-08-16 21:48:36,138 INFO o.a.j.t.JMeterThread: Thread finished: TG - SOAK - 150 VU 1-61
2026-08-16 21:48:36,140 INFO o.a.j.t.JMeterThread: Thread finished: TG - SOAK - 150 VU 1-49
2026-08-16 21:48:36,141 INFO o.a.j.t.JMeterThread: Thread finished: TG - SOAK - 150 VU 1-16
2026-08-16 21:48:36,161 INFO o.a.j.t.JMeterThread: Thread finished: TG - SOAK - 150 VU 1-91
2026-08-16 21:48:36,164 INFO o.a.j.t.JMeterThread: Thread finished: TG - SOAK - 150 VU 1-26
2026-08-16 21:48:36,168 INFO o.a.j.t.JMeterThread: Stopping because end time detected by thread: TG - SOAK - 150 VU 1-24
2026-08-16 21:48:36,168 INFO o.a.j.t.JMeterThread: Thread finished: TG - SOAK - 150 VU 1-24
2026-08-16 21:48:36,171 INFO o.a.j.t.JMeterThread: Stopping because end time detected by thread: TG - SOAK - 150 VU 1-19
2026-08-16 21:48:36,171 INFO o.a.j.t.JMeterThread: Thread finished: TG - SOAK - 150 VU 1-19
2026-08-16 21:48:36,172 INFO o.a.j.t.JMeterThread: Stopping because end time detected by thread: TG - SOAK - 150 VU 1-29
2026-08-16 21:48:36,172 INFO o.a.j.t.JMeterThread: Thread finished: TG - SOAK - 150 VU 1-29
2026-08-16 21:48:36,193 INFO o.a.j.t.JMeterThread: Thread finished: TG - SOAK - 150 VU 1-130
2026-08-16 21:48:36,211 INFO o.a.j.t.JMeterThread: Thread finished: TG - SOAK - 150 VU 1-146
2026-08-16 21:48:36,215 INFO o.a.j.e.StandardJMeterEngine: Notifying test listeners of end of test
2026-08-16 21:48:36,215 INFO o.a.j.s.FileServer: Close: D:/Kiem_thu/HW5/data/checkout_data.csv
2026-08-16 21:48:36,215 INFO o.a.j.s.FileServer: Close: D:/Kiem_thu/HW5/data/search_terms.csv
2026-08-16 21:48:36,215 INFO o.a.j.s.FileServer: Close: D:/Kiem_thu/HW5/data/users.csv
2026-08-16 21:48:36,218 INFO o.a.j.r.Summariser: summary +   1093 in 00:00:06 =  175.9/s Avg:     8 Min:     0 Max:    99 Err:     0 (0.00%) Active: 0 Started: 150 Finished: 150
2026-08-16 21:48:36,218 INFO o.a.j.r.Summariser: summary = 153366 in 00:15:00 =  170.4/s Avg:     5 Min:     0 Max:   121 Err:     0 (0.00%)
2026-08-16 21:48:36,219 INFO o.a.j.JMeter: Generating Dashboard
2026-08-16 21:48:36,219 INFO o.a.j.r.d.ReportGenerator: Flushing result collector before report Generation
2026-08-16 21:48:36,275 INFO o.a.j.r.p.NormalizerSampleConsumer: Using format, 'ms', to parse timeStamp field
2026-08-16 21:48:37,906 INFO o.a.j.r.p.AbstractSampleConsumer: class org.apache.jmeter.report.processor.AggregateConsumer#stopProducing(): beginDate produced 0 samples
2026-08-16 21:48:37,906 INFO o.a.j.r.p.AbstractSampleConsumer: class org.apache.jmeter.report.processor.AggregateConsumer#stopProducing(): endDate produced 0 samples
2026-08-16 21:48:37,906 INFO o.a.j.r.p.AbstractSampleConsumer: class org.apache.jmeter.report.processor.ApdexSummaryConsumer#stopProducing(): apdexSummary produced 0 samples
2026-08-16 21:48:37,906 INFO o.a.j.r.p.AbstractSampleConsumer: class org.apache.jmeter.report.processor.RequestsSummaryConsumer#stopProducing(): requestsSummary produced 0 samples
2026-08-16 21:48:37,941 INFO o.a.j.r.p.AbstractSampleConsumer: class org.apache.jmeter.report.processor.StatisticsSummaryConsumer#stopProducing(): statisticsSummary produced 0 samples
2026-08-16 21:48:37,941 INFO o.a.j.r.p.AbstractSampleConsumer: class org.apache.jmeter.report.processor.Top5ErrorsBySamplerConsumer#stopProducing(): top5ErrorsBySampler produced 0 samples
2026-08-16 21:48:37,941 INFO o.a.j.r.p.AbstractSampleConsumer: class org.apache.jmeter.report.processor.ErrorsSummaryConsumer#stopProducing(): errorsSummary produced 0 samples
2026-08-16 21:48:37,941 INFO o.a.j.r.p.AbstractSampleConsumer: class org.apache.jmeter.report.processor.graph.impl.HitsPerSecondGraphConsumer#stopProducing(): hitsPerSecond produced 0 samples
2026-08-16 21:48:38,654 INFO o.a.j.r.p.AbstractSampleConsumer: class org.apache.jmeter.report.processor.graph.impl.LatencyVSRequestGraphConsumer#stopProducing(): latencyVsRequest produced 0 samples
2026-08-16 21:48:38,657 INFO o.a.j.r.p.AbstractSampleConsumer: class org.apache.jmeter.report.processor.graph.impl.SyntheticResponseTimeDistributionGraphConsumer#stopProducing(): syntheticResponseTimeDistribution produced 0 samples
2026-08-16 21:48:38,658 INFO o.a.j.r.p.AbstractSampleConsumer: class org.apache.jmeter.report.processor.graph.impl.BytesThroughputGraphConsumer#stopProducing(): bytesThroughputOverTime produced 0 samples
2026-08-16 21:48:38,658 INFO o.a.j.r.p.AbstractSampleConsumer: class org.apache.jmeter.report.processor.graph.impl.CodesPerSecondGraphConsumer#stopProducing(): codesPerSecond produced 0 samples
2026-08-16 21:48:39,356 INFO o.a.j.r.p.AbstractSampleConsumer: class org.apache.jmeter.report.processor.graph.impl.ResponseTimeVSRequestGraphConsumer#stopProducing(): responseTimeVsRequest produced 0 samples
2026-08-16 21:48:39,359 INFO o.a.j.r.p.AbstractSampleConsumer: class org.apache.jmeter.report.processor.FilterConsumer#stopProducing(): startIntervalControlerFilter produced 1073562 samples
2026-08-16 21:48:39,359 INFO o.a.j.r.p.AbstractSampleConsumer: class org.apache.jmeter.report.processor.graph.impl.TotalTPSGraphConsumer#stopProducing(): totalTPS produced 0 samples
2026-08-16 21:48:39,359 INFO o.a.j.r.p.AbstractSampleConsumer: class org.apache.jmeter.report.processor.graph.impl.ActiveThreadsGraphConsumer#stopProducing(): activeThreadsOverTime produced 0 samples
2026-08-16 21:48:39,359 INFO o.a.j.r.p.AbstractSampleConsumer: class org.apache.jmeter.report.processor.graph.impl.TimeVSThreadGraphConsumer#stopProducing(): timeVsThreads produced 0 samples
2026-08-16 21:48:39,359 INFO o.a.j.r.p.AbstractSampleConsumer: class org.apache.jmeter.report.processor.graph.impl.ResponseTimeDistributionGraphConsumer#stopProducing(): responseTimeDistribution produced 0 samples
2026-08-16 21:48:39,359 INFO o.a.j.r.p.AbstractSampleConsumer: class org.apache.jmeter.report.processor.graph.impl.TransactionsPerSecondGraphConsumer#stopProducing(): transactionsPerSecond produced 0 samples
2026-08-16 21:48:39,359 INFO o.a.j.r.p.AbstractSampleConsumer: class org.apache.jmeter.report.processor.graph.impl.ResponseTimePercentilesGraphConsumer#stopProducing(): responseTimePercentiles produced 0 samples
2026-08-16 21:48:39,359 INFO o.a.j.r.p.AbstractSampleConsumer: class org.apache.jmeter.report.processor.graph.impl.ResponseTimePercentilesOverTimeGraphConsumer#stopProducing(): responseTimePercentilesOverTime produced 0 samples
2026-08-16 21:48:39,364 INFO o.a.j.r.p.AbstractSampleConsumer: class org.apache.jmeter.report.processor.graph.impl.ResponseTimeOverTimeGraphConsumer#stopProducing(): responseTimesOverTime produced 0 samples
2026-08-16 21:48:39,364 INFO o.a.j.r.p.AbstractSampleConsumer: class org.apache.jmeter.report.processor.graph.impl.ConnectTimeOverTimeGraphConsumer#stopProducing(): connectTimeOverTime produced 0 samples
2026-08-16 21:48:39,364 INFO o.a.j.r.p.AbstractSampleConsumer: class org.apache.jmeter.report.processor.graph.impl.LatencyOverTimeGraphConsumer#stopProducing(): latenciesOverTime produced 0 samples
2026-08-16 21:48:39,364 INFO o.a.j.r.p.AbstractSampleConsumer: class org.apache.jmeter.report.processor.FilterConsumer#stopProducing(): nameFilter produced 3288255 samples
2026-08-16 21:48:39,364 INFO o.a.j.r.p.AbstractSampleConsumer: class org.apache.jmeter.report.processor.FilterConsumer#stopProducing(): dateRangeFilter produced 657651 samples
2026-08-16 21:48:39,364 INFO o.a.j.r.p.AbstractSampleConsumer: class org.apache.jmeter.report.processor.NormalizerSampleConsumer#stopProducing(): normalizer produced 219217 samples
2026-08-16 21:48:39,364 INFO o.a.j.r.p.CsvFileSampleSource: produce(): 219217 samples produced in 3s 75 ms on channel 0
2026-08-16 21:48:39,364 INFO o.a.j.r.d.ReportGenerator: Exporting data using exporter:'json' of className:'org.apache.jmeter.report.dashboard.JsonExporter'
2026-08-16 21:48:39,427 INFO o.a.j.r.d.JsonExporter: Found data for consumer statisticsSummary in context
2026-08-16 21:48:39,427 INFO o.a.j.r.d.JsonExporter: Creating statistics for overall
2026-08-16 21:48:39,427 INFO o.a.j.r.d.JsonExporter: Creating statistics for other transactions
2026-08-16 21:48:39,427 INFO o.a.j.r.d.JsonExporter: Checking output folder
2026-08-16 21:48:39,428 INFO o.a.j.r.d.JsonExporter: Writing statistics JSON to D:\Kiem_thu\HW5\results\html\23127195_Soak_20260816\statistics.json
2026-08-16 21:48:39,449 INFO o.a.j.r.d.ReportGenerator: Exporting data using exporter:'html' of className:'org.apache.jmeter.report.dashboard.HtmlTemplateExporter'
2026-08-16 21:48:39,449 INFO o.a.j.r.d.HtmlTemplateExporter: Will generate dashboard in folder: D:\Kiem_thu\HW5\results\html\23127195_Soak_20260816
2026-08-16 21:48:39,557 INFO o.a.j.r.d.HtmlTemplateExporter: Report will be generated in: D:\Kiem_thu\HW5\results\html\23127195_Soak_20260816, creating folder structure
2026-08-16 21:48:39,558 INFO o.a.j.r.d.TemplateVisitor: Copying folder from 'D:\Kiem_thu\tools\apache-jmeter-5.6.3\bin\report-template' to 'D:\Kiem_thu\HW5\results\html\23127195_Soak_20260816', got message: D:\Kiem_thu\HW5\results\html\23127195_Soak_20260816, found non empty folder with following content [D:\Kiem_thu\HW5\results\html\23127195_Soak_20260816\statistics.json], will be ignored
2026-08-16 21:48:39,722 INFO o.a.j.JMeter: Dashboard generated
